Unity Editor version:    2021.3.39f1 (fb3b7b32f191)
Branch:                  2021.3/staging
Build type:              Release
Batch mode:              YES
macOS version:           Version 15.0 (Build 24A335)
Darwin version:          24.0.0
Architecture:            arm64
Running under Rosetta:   NO
Available memory:        8192 MB
Using pre-set license
Pro License: YES

COMMAND LINE ARGUMENTS:
/Applications/Unity/Hub/Editor/2021.3.39f1/Unity.app/Contents/MacOS/Unity
-adb2
-batchMode
-noUpm
-name
AssetImportWorker9
-projectPath
/Users/ayahmeftah/GameDev/Blackwoods-Curse/BlackwoodsCurse
-logFile
Logs/AssetImportWorker9.log
-srvPort
56273
Successfully changed project path to: /Users/ayahmeftah/GameDev/Blackwoods-Curse/BlackwoodsCurse
/Users/ayahmeftah/GameDev/Blackwoods-Curse/BlackwoodsCurse
[UnityMemory] Configuration Parameters - Can be set up in boot.config
    "memorysetup-bucket-allocator-granularity=16"
    "memorysetup-bucket-allocator-bucket-count=8"
    "memorysetup-bucket-allocator-block-size=33554432"
    "memorysetup-bucket-allocator-block-count=8"
    "memorysetup-main-allocator-block-size=16777216"
    "memorysetup-thread-allocator-block-size=16777216"
    "memorysetup-gfx-main-allocator-block-size=16777216"
    "memorysetup-gfx-thread-allocator-block-size=16777216"
    "memorysetup-cache-allocator-block-size=4194304"
    "memorysetup-typetree-allocator-block-size=2097152"
    "memorysetup-profiler-bucket-allocator-granularity=16"
    "memorysetup-profiler-bucket-allocator-bucket-count=8"
    "memorysetup-profiler-bucket-allocator-block-size=33554432"
    "memorysetup-profiler-bucket-allocator-block-count=8"
    "memorysetup-profiler-allocator-block-size=16777216"
    "memorysetup-profiler-editor-allocator-block-size=1048576"
    "memorysetup-temp-allocator-size-main=16777216"
    "memorysetup-job-temp-allocator-block-size=2097152"
    "memorysetup-job-temp-allocator-block-size-background=1048576"
    "memorysetup-job-temp-allocator-reduction-small-platforms=262144"
    "memorysetup-temp-allocator-size-background-worker=32768"
    "memorysetup-temp-allocator-size-job-worker=262144"
    "memorysetup-temp-allocator-size-preload-manager=33554432"
    "memorysetup-temp-allocator-size-nav-mesh-worker=65536"
    "memorysetup-temp-allocator-size-audio-worker=65536"
    "memorysetup-temp-allocator-size-cloud-worker=32768"
    "memorysetup-temp-allocator-size-gi-baking-worker=262144"
    "memorysetup-temp-allocator-size-gfx=262144"
Player connection [8587080256] Host "[IP] 192.168.100.245 [Port] 0 [Flags] 2 [Guid] 472817648 [EditorId] 472817648 [Version] 1048832 [Id] OSXEditor(0,Ayahs-MacBook-Air.local) [Debug] 1 [PackageName] OSXEditor [ProjectName] Editor" joined multi-casting on [225.0.0.222:54997]...

Player connection [8587080256] Host "[IP] 192.168.100.245 [Port] 0 [Flags] 2 [Guid] 472817648 [EditorId] 472817648 [Version] 1048832 [Id] OSXEditor(0,Ayahs-MacBook-Air.local) [Debug] 1 [PackageName] OSXEditor [ProjectName] Editor" joined alternative multi-casting on [225.0.0.222:34997]...

[Physics::Module] Initialized MultithreadedJobDispatcher with {0} workers.
Refreshing native plugins compatible for Editor in 131.61 ms, found 2 plugins.
Preloading 0 native plugins for Editor in 0.00 ms.
Initialize engine version: 2021.3.39f1 (fb3b7b32f191)
[Subsystems] Discovering subsystems at path /Applications/Unity/Hub/Editor/2021.3.39f1/Unity.app/Contents/Resources/UnitySubsystems
[Subsystems] Discovering subsystems at path /Users/ayahmeftah/GameDev/Blackwoods-Curse/BlackwoodsCurse/Assets
GfxDevice: creating device client; threaded=0; jobified=0
 preferred device: Apple M1 (high power)
Metal devices available: 1
0: Apple M1 (high power)
Using device Apple M1 (high power)
Initializing Metal device caps: Apple M1
Initialize mono
Mono path[0] = '/Applications/Unity/Hub/Editor/2021.3.39f1/Unity.app/Contents/Managed'
Mono path[1] = '/Applications/Unity/Hub/Editor/2021.3.39f1/Unity.app/Contents/MonoBleedingEdge/lib/mono/unityjit-macos'
Mono config path = '/Applications/Unity/Hub/Editor/2021.3.39f1/Unity.app/Contents/MonoBleedingEdge/etc'
Using monoOptions --debugger-agent=transport=dt_socket,embedding=1,server=y,suspend=n,address=127.0.0.1:56885
Begin MonoManager ReloadAssembly
Registering precompiled unity dll's ...
Register platform support module: /Applications/Unity/Hub/Editor/2021.3.39f1/Unity.app/Contents/PlaybackEngines/MacStandaloneSupport/UnityEditor.OSXStandalone.Extensions.dll
Registered in 0.000452 seconds.
Native extension for OSXStandalone target not found
Refreshing native plugins compatible for Editor in 105.74 ms, found 2 plugins.
Preloading 0 native plugins for Editor in 0.00 ms.
Mono: successfully reloaded assembly
- Completed reload, in  0.668 seconds
Domain Reload Profiling:
	ReloadAssembly (669ms)
		BeginReloadAssembly (152ms)
			ExecutionOrderSort (0ms)
			DisableScriptedObjects (0ms)
			BackupInstance (0ms)
			ReleaseScriptingObjects (0ms)
			CreateAndSetChildDomain (2ms)
		EndReloadAssembly (441ms)
			LoadAssemblies (150ms)
			RebuildTransferFunctionScriptingTraits (1ms)
			SetupTypeCache (97ms)
			ReleaseScriptCaches (0ms)
			RebuildScriptCaches (27ms)
			SetupLoadedEditorAssemblies (273ms)
				LogAssemblyErrors (0ms)
				InitializePlatformSupportModulesInManaged (4ms)
				SetLoadedEditorAssemblies (0ms)
				RefreshPlugins (106ms)
				BeforeProcessingInitializeOnLoad (1ms)
				ProcessInitializeOnLoadAttributes (120ms)
				ProcessInitializeOnLoadMethodAttributes (42ms)
				AfterProcessingInitializeOnLoad (0ms)
				EditorAssembliesLoaded (0ms)
			ExecutionOrderSort2 (0ms)
			AwakeInstancesAfterBackupRestoration (0ms)
Platform modules already initialized, skipping
Registering precompiled user dll's ...
Registered in 0.005373 seconds.
Begin MonoManager ReloadAssembly
Native extension for OSXStandalone target not found
Refreshing native plugins compatible for Editor in 91.09 ms, found 2 plugins.
Preloading 0 native plugins for Editor in 0.00 ms.
Package Manager log level set to [2]
[Package Manager] Server::EnsureServerProcessIsRunning -- launch failed, reason: Unity was launched with the -noUpm command-line argument
[Package Manager] Cannot connect to Unity Package Manager local server
Mono: successfully reloaded assembly
- Completed reload, in  1.769 seconds
Domain Reload Profiling:
	ReloadAssembly (1771ms)
		BeginReloadAssembly (204ms)
			ExecutionOrderSort (0ms)
			DisableScriptedObjects (11ms)
			BackupInstance (0ms)
			ReleaseScriptingObjects (0ms)
			CreateAndSetChildDomain (78ms)
		EndReloadAssembly (1496ms)
			LoadAssemblies (125ms)
			RebuildTransferFunctionScriptingTraits (1ms)
			SetupTypeCache (229ms)
			ReleaseScriptCaches (4ms)
			RebuildScriptCaches (48ms)
			SetupLoadedEditorAssemblies (1102ms)
				LogAssemblyErrors (0ms)
				InitializePlatformSupportModulesInManaged (2ms)
				SetLoadedEditorAssemblies (0ms)
				RefreshPlugins (91ms)
				BeforeProcessingInitializeOnLoad (83ms)
				ProcessInitializeOnLoadAttributes (908ms)
				ProcessInitializeOnLoadMethodAttributes (17ms)
				AfterProcessingInitializeOnLoad (1ms)
				EditorAssembliesLoaded (0ms)
			ExecutionOrderSort2 (0ms)
			AwakeInstancesAfterBackupRestoration (2ms)
Platform modules already initialized, skipping
========================================================================
Worker process is ready to serve import requests
Launching external process: /Applications/Unity/Hub/Editor/2021.3.39f1/Unity.app/Contents/Tools/UnityShaderCompiler
Launched and connected shader compiler UnityShaderCompiler after 0.46 seconds
Refreshing native plugins compatible for Editor in 3.34 ms, found 2 plugins.
Preloading 0 native plugins for Editor in 0.00 ms.
Unloading 4326 Unused Serialized files (Serialized files now loaded: 0)
Unloading 42 unused Assets / (358.0 KB). Loaded Objects now: 4804.
Memory consumption went from 242.4 MB to 242.0 MB.
Total: 37.463625 ms (FindLiveObjects: 1.422625 ms CreateObjectMapping: 0.157500 ms MarkObjects: 35.485500 ms  DeleteObjects: 0.396625 ms)

AssetImportParameters requested are different than current active one (requested -> active):
  custom:video-decoder-ogg-theora: a1e56fd34408186e4bbccfd4996cb3dc -> 
  custom:container-muxer-webm: aa71ff27fc2769a1b78a27578f13a17b -> 
  custom:container-demuxer-webm: 4f35f7cbe854078d1ac9338744f61a02 -> 
  custom:video-encoder-webm-vp8: eb34c28f22e8b96e1ab97ce403110664 -> 
  custom:framework-osx-AVFoundation: e770b220cccbd017edd2c1fefb359320 -> 
  custom:CustomObjectIndexerAttribute: bc11b3a6c3213fcdd17b65e7da85e133 -> 
  custom:audio-encoder-webm-vorbis: bf7c407c2cedff20999df2af8eb42d56 -> 
  custom:SearchIndexIgnoredProperties: e643bd26f0fe6173181afceb89e7c659 -> 
  custom:container-demuxer-ogg: 62fdf1f143b41e24485cea50d1cbac27 -> 
  custom:video-decoder-webm-vp8: 9c59270c3fd7afecdb556c50c9e8de78 -> 
  custom:audio-decoder-ogg-vorbis: bf7c407c2cedff20999df2af8eb42d56 -> 
========================================================================
Received Import Request.
  Time since last request: 42050.543632 seconds.
  path: Assets/Keypad/Materials/Urp/keypad_buttonMaterial_urp.mat
  artifactKey: Guid(30cf57df1071c9347aff000314ea227d) Importer(815301076,1909f56bfc062723c751e8b465ee728b)
Number of updated assets reloaded before import = 0
Start importing Assets/Keypad/Materials/Urp/keypad_buttonMaterial_urp.mat using Guid(30cf57df1071c9347aff000314ea227d) Importer(815301076,1909f56bfc062723c751e8b465ee728b)  -> (artifact id: '16eda982c56c7f4e0ddbe7ee0522b326') in 0.524151 seconds 
Number of asset objects unloaded after import = 3
========================================================================
Received Import Request.
  Time since last request: 0.084726 seconds.
  path: Assets/Horror_Mansion/key_lock/material/m_key_red_01.mat
  artifactKey: Guid(0897acad11ce8c641b71cbec176a86ff) Importer(815301076,1909f56bfc062723c751e8b465ee728b)
Number of updated assets reloaded before import = 0
Start importing Assets/Horror_Mansion/key_lock/material/m_key_red_01.mat using Guid(0897acad11ce8c641b71cbec176a86ff) Importer(815301076,1909f56bfc062723c751e8b465ee728b)  -> (artifact id: '6978afe656a62c231f6ed18260bab0e5') in 0.091031 seconds 
Number of asset objects unloaded after import = 5
========================================================================
Received Import Request.
  Time since last request: 0.205249 seconds.
  path: Assets/Horror_Mansion/key_lock/material/m_key_green_01.mat
  artifactKey: Guid(51b681ed880fe6041b75caf92aacecaa) Importer(815301076,1909f56bfc062723c751e8b465ee728b)
Number of updated assets reloaded before import = 0
Start importing Assets/Horror_Mansion/key_lock/material/m_key_green_01.mat using Guid(51b681ed880fe6041b75caf92aacecaa) Importer(815301076,1909f56bfc062723c751e8b465ee728b)  -> (artifact id: '6862cccfeac3c1d25f0fbe9501a1b381') in 0.011881 seconds 
Number of asset objects unloaded after import = 5
========================================================================
Received Import Request.
  Time since last request: 0.024693 seconds.
  path: Assets/Horror_Mansion/Models/House/Back_Entrance.fbx
  artifactKey: Guid(e23e935d1c8e825418f26fd5b07ddf1c) Importer(815301076,1909f56bfc062723c751e8b465ee728b)
Number of updated assets reloaded before import = 0
Start importing Assets/Horror_Mansion/Models/House/Back_Entrance.fbx using Guid(e23e935d1c8e825418f26fd5b07ddf1c) Importer(815301076,1909f56bfc062723c751e8b465ee728b)  -> (artifact id: '7774edfee3a9361657fb85d5eb566907') in 0.721447 seconds 
Number of asset objects unloaded after import = 46
========================================================================
Received Import Request.
  Time since last request: 0.048355 seconds.
  path: Assets/Horror_Mansion/Materials/Environment/Curtain_Fabric.mat
  artifactKey: Guid(d7ffe548e04f4a445a30c6fe09476f17) Importer(815301076,1909f56bfc062723c751e8b465ee728b)
Number of updated assets reloaded before import = 0
Start importing Assets/Horror_Mansion/Materials/Environment/Curtain_Fabric.mat using Guid(d7ffe548e04f4a445a30c6fe09476f17) Importer(815301076,1909f56bfc062723c751e8b465ee728b)  -> (artifact id: '0236d2551d401de6cace95c5180caae3') in 1.945077 seconds 
Number of asset objects unloaded after import = 5
========================================================================
Received Import Request.
  Time since last request: 18.241367 seconds.
  path: Assets/Horror_Mansion/Materials/Decals/Blood_Decals.mat
  artifactKey: Guid(7eaeb85956afab643bd95b3d5efe1715) Importer(815301076,1909f56bfc062723c751e8b465ee728b)
Number of updated assets reloaded before import = 0
Start importing Assets/Horror_Mansion/Materials/Decals/Blood_Decals.mat using Guid(7eaeb85956afab643bd95b3d5efe1715) Importer(815301076,1909f56bfc062723c751e8b465ee728b)  -> (artifact id: '77a570a00ca9a8c8b3d1c398930d1206') in 1.315751 seconds 
Number of asset objects unloaded after import = 4
========================================================================
Received Import Request.
  Time since last request: 5.227329 seconds.
  path: Assets/Horror_Mansion/Models/Environment/Bathroom_Water.fbx
  artifactKey: Guid(2643a5e661426704a8da85c18380b812) Importer(815301076,1909f56bfc062723c751e8b465ee728b)
Number of updated assets reloaded before import = 0
Start importing Assets/Horror_Mansion/Models/Environment/Bathroom_Water.fbx using Guid(2643a5e661426704a8da85c18380b812) Importer(815301076,1909f56bfc062723c751e8b465ee728b)  -> (artifact id: '5a939ed9d3e73ac32e9bdfc5eb8f0848') in 0.173338 seconds 
Number of asset objects unloaded after import = 9
========================================================================
Received Import Request.
  Time since last request: 0.188578 seconds.
  path: Assets/Horror_Mansion/Materials/Prosp/Surgical_Instruments.mat
  artifactKey: Guid(d4d8d4a43a0f39d419e604893f03f10e) Importer(815301076,1909f56bfc062723c751e8b465ee728b)
Number of updated assets reloaded before import = 0
Start importing Assets/Horror_Mansion/Materials/Prosp/Surgical_Instruments.mat using Guid(d4d8d4a43a0f39d419e604893f03f10e) Importer(815301076,1909f56bfc062723c751e8b465ee728b)  -> (artifact id: '1f4437ec3494892dd132c44b3ffd92c4') in 0.026712 seconds 
Number of asset objects unloaded after import = 5
========================================================================
Received Import Request.
  Time since last request: 0.075067 seconds.
  path: Assets/Horror_Mansion/PBRMeleeWeaponsPack/Weapons/Tactical Knife/Materials/Tactical Knife 02.mat
  artifactKey: Guid(b82213202d2f84e4d9f5da6ec09326b6) Importer(815301076,1909f56bfc062723c751e8b465ee728b)
Number of updated assets reloaded before import = 0
Start importing Assets/Horror_Mansion/PBRMeleeWeaponsPack/Weapons/Tactical Knife/Materials/Tactical Knife 02.mat using Guid(b82213202d2f84e4d9f5da6ec09326b6) Importer(815301076,1909f56bfc062723c751e8b465ee728b)  -> (artifact id: '64311e964bacdf821ae389ae4547a3dd') in 0.190776 seconds 
Number of asset objects unloaded after import = 8
========================================================================
Received Import Request.
  Time since last request: 0.129947 seconds.
  path: Assets/TextMesh Pro/Fonts/who asks satan SDF.asset
  artifactKey: Guid(75cd19cab1a5ba64fa34902ec2fa6b2b) Importer(815301076,1909f56bfc062723c751e8b465ee728b)
Number of updated assets reloaded before import = 0
Start importing Assets/TextMesh Pro/Fonts/who asks satan SDF.asset using Guid(75cd19cab1a5ba64fa34902ec2fa6b2b) Importer(815301076,1909f56bfc062723c751e8b465ee728b)  -> (artifact id: 'a736934dfacf3c87b22bff11633b10bd') in 0.207931 seconds 
Number of asset objects unloaded after import = 6
========================================================================
Received Import Request.
  Time since last request: 6.524022 seconds.
  path: Assets/Horror_Mansion/PBRMeleeWeaponsPack/Weapons/Heavy Wrench/Materials/Heavy Wrench 02.mat
  artifactKey: Guid(fe2597bdd64ecbb4f8c32a074a8ed7b6) Importer(815301076,1909f56bfc062723c751e8b465ee728b)
Number of updated assets reloaded before import = 0
Start importing Assets/Horror_Mansion/PBRMeleeWeaponsPack/Weapons/Heavy Wrench/Materials/Heavy Wrench 02.mat using Guid(fe2597bdd64ecbb4f8c32a074a8ed7b6) Importer(815301076,1909f56bfc062723c751e8b465ee728b)  -> (artifact id: '8651c3850069220870d94c96c31fb0d5') in 0.206270 seconds 
Number of asset objects unloaded after import = 8
========================================================================
Received Import Request.
  Time since last request: 0.070320 seconds.
  path: Assets/Keypad/Materials/Urp/exampleScene-doormetal-urp.mat
  artifactKey: Guid(c98f32f9608439e47825093a88832f42) Importer(815301076,1909f56bfc062723c751e8b465ee728b)
Number of updated assets reloaded before import = 0
Start importing Assets/Keypad/Materials/Urp/exampleScene-doormetal-urp.mat using Guid(c98f32f9608439e47825093a88832f42) Importer(815301076,1909f56bfc062723c751e8b465ee728b)  -> (artifact id: '8977a4118610c778a460eb8b503f6eac') in 0.015091 seconds 
Number of asset objects unloaded after import = 1
========================================================================
Received Import Request.
  Time since last request: 0.005581 seconds.
  path: Assets/Keypad/Materials/Urp/exampleScene-wallm-urp.mat
  artifactKey: Guid(2fe3a17294511cc4fb53637b8471bd9a) Importer(815301076,1909f56bfc062723c751e8b465ee728b)
Number of updated assets reloaded before import = 0
Start importing Assets/Keypad/Materials/Urp/exampleScene-wallm-urp.mat using Guid(2fe3a17294511cc4fb53637b8471bd9a) Importer(815301076,1909f56bfc062723c751e8b465ee728b)  -> (artifact id: '6cbc03affcf7a2c4729729d92028b6cb') in 0.016179 seconds 
Number of asset objects unloaded after import = 1
========================================================================
Received Import Request.
  Time since last request: 0.021386 seconds.
  path: Assets/Keypad/Fonts/DigitsFonts.asset
  artifactKey: Guid(8b3bcd1833a406f478e125db01fc0b6d) Importer(815301076,1909f56bfc062723c751e8b465ee728b)
Number of updated assets reloaded before import = 0
Start importing Assets/Keypad/Fonts/DigitsFonts.asset using Guid(8b3bcd1833a406f478e125db01fc0b6d) Importer(815301076,1909f56bfc062723c751e8b465ee728b)  -> (artifact id: '9570b6f6e1c242f58a140e300d2902c7') in 0.039454 seconds 
Number of asset objects unloaded after import = 6
========================================================================
Received Import Request.
  Time since last request: 0.000337 seconds.
  path: Assets/Keypad/Materials/Standard/exampleScene-pillarMaterial-standard.mat
  artifactKey: Guid(39802b7519a1f6848a0fbfe2ec8d0511) Importer(815301076,1909f56bfc062723c751e8b465ee728b)
Number of updated assets reloaded before import = 0
Start importing Assets/Keypad/Materials/Standard/exampleScene-pillarMaterial-standard.mat using Guid(39802b7519a1f6848a0fbfe2ec8d0511) Importer(815301076,1909f56bfc062723c751e8b465ee728b)  -> (artifact id: '65ea5100ce28ed972a34ccea5c338f1e') in 0.210728 seconds 
Number of asset objects unloaded after import = 1
Editor requested this worker to shutdown with reason: Scaling down because of idle timeout
AssetImportWorker is now disconnected from the server
Process exiting
