Using pre-set license
Built from '2021.3/staging' branch; Version is '2021.3.39f1 (fb3b7b32f191) revision 16464763'; Using compiler version '192829333'; Build Type 'Release'
OS: 'Windows 11  (10.0.26100) 64bit Professional' Language: 'en' Physical Memory: 32603 MB
BatchMode: 1, IsHumanControllingUs: 0, StartBugReporterOnCrash: 0, Is64bit: 1, IsPro: 1

COMMAND LINE ARGUMENTS:
C:\Program Files\Unity\Hub\Editor\2021.3.39f1\Editor\Unity.exe
-adb2
-batchMode
-noUpm
-name
AssetImportWorker15
-projectPath
C:/Github/Blackwoods-Curse/BlackwoodsCurse
-logFile
Logs/AssetImportWorker15.log
-srvPort
57426
Successfully changed project path to: C:/Github/Blackwoods-Curse/BlackwoodsCurse
C:/Github/Blackwoods-Curse/BlackwoodsCurse
[UnityMemory] Configuration Parameters - Can be set up in boot.config
    "memorysetup-bucket-allocator-granularity=16"
    "memorysetup-bucket-allocator-bucket-count=8"
    "memorysetup-bucket-allocator-block-size=33554432"
    "memorysetup-bucket-allocator-block-count=8"
    "memorysetup-main-allocator-block-size=16777216"
    "memorysetup-thread-allocator-block-size=16777216"
    "memorysetup-gfx-main-allocator-block-size=16777216"
    "memorysetup-gfx-thread-allocator-block-size=16777216"
    "memorysetup-cache-allocator-block-size=4194304"
    "memorysetup-typetree-allocator-block-size=2097152"
    "memorysetup-profiler-bucket-allocator-granularity=16"
    "memorysetup-profiler-bucket-allocator-bucket-count=8"
    "memorysetup-profiler-bucket-allocator-block-size=33554432"
    "memorysetup-profiler-bucket-allocator-block-count=8"
    "memorysetup-profiler-allocator-block-size=16777216"
    "memorysetup-profiler-editor-allocator-block-size=1048576"
    "memorysetup-temp-allocator-size-main=16777216"
    "memorysetup-job-temp-allocator-block-size=2097152"
    "memorysetup-job-temp-allocator-block-size-background=1048576"
    "memorysetup-job-temp-allocator-reduction-small-platforms=262144"
    "memorysetup-temp-allocator-size-background-worker=32768"
    "memorysetup-temp-allocator-size-job-worker=262144"
    "memorysetup-temp-allocator-size-preload-manager=33554432"
    "memorysetup-temp-allocator-size-nav-mesh-worker=65536"
    "memorysetup-temp-allocator-size-audio-worker=65536"
    "memorysetup-temp-allocator-size-cloud-worker=32768"
    "memorysetup-temp-allocator-size-gi-baking-worker=262144"
    "memorysetup-temp-allocator-size-gfx=262144"
Player connection [36640] Host "[IP] 192.168.52.1 [Port] 0 [Flags] 2 [Guid] 3482688891 [EditorId] 3482688891 [Version] 1048832 [Id] WindowsEditor(7,MAYAR-DESKTOP) [Debug] 1 [PackageName] WindowsEditor [ProjectName] Editor" joined multi-casting on [225.0.0.222:54997]...

Player connection [36640] Host "[IP] 192.168.52.1 [Port] 0 [Flags] 2 [Guid] 3482688891 [EditorId] 3482688891 [Version] 1048832 [Id] WindowsEditor(7,MAYAR-DESKTOP) [Debug] 1 [PackageName] WindowsEditor [ProjectName] Editor" joined alternative multi-casting on [225.0.0.222:34997]...

[Physics::Module] Initialized MultithreadedJobDispatcher with {0} workers.
Refreshing native plugins compatible for Editor in 54.79 ms, found 3 plugins.
Preloading 0 native plugins for Editor in 0.00 ms.
Initialize engine version: 2021.3.39f1 (fb3b7b32f191)
[Subsystems] Discovering subsystems at path C:/Program Files/Unity/Hub/Editor/2021.3.39f1/Editor/Data/Resources/UnitySubsystems
[Subsystems] Discovering subsystems at path C:/Github/Blackwoods-Curse/BlackwoodsCurse/Assets
GfxDevice: creating device client; threaded=0; jobified=0
Direct3D:
    Version:  Direct3D 11.0 [level 11.1]
    Renderer: NVIDIA GeForce RTX 3060 (ID=0x2504)
    Vendor:   NVIDIA
    VRAM:     12115 MB
    Driver:   32.0.15.6094
Initialize mono
Mono path[0] = 'C:/Program Files/Unity/Hub/Editor/2021.3.39f1/Editor/Data/Managed'
Mono path[1] = 'C:/Program Files/Unity/Hub/Editor/2021.3.39f1/Editor/Data/MonoBleedingEdge/lib/mono/unityjit-win32'
Mono config path = 'C:/Program Files/Unity/Hub/Editor/2021.3.39f1/Editor/Data/MonoBleedingEdge/etc'
Using monoOptions --debugger-agent=transport=dt_socket,embedding=1,server=y,suspend=n,address=127.0.0.1:56540
Begin MonoManager ReloadAssembly
Registering precompiled unity dll's ...
Register platform support module: C:/Program Files/Unity/Hub/Editor/2021.3.39f1/Editor/Data/PlaybackEngines/WindowsStandaloneSupport/UnityEditor.WindowsStandalone.Extensions.dll
Registered in 0.002966 seconds.
Native extension for WindowsStandalone target not found
Refreshing native plugins compatible for Editor in 49.05 ms, found 3 plugins.
Preloading 0 native plugins for Editor in 0.00 ms.
Mono: successfully reloaded assembly
- Completed reload, in  0.367 seconds
Domain Reload Profiling:
	ReloadAssembly (367ms)
		BeginReloadAssembly (54ms)
			ExecutionOrderSort (0ms)
			DisableScriptedObjects (0ms)
			BackupInstance (0ms)
			ReleaseScriptingObjects (0ms)
			CreateAndSetChildDomain (0ms)
		EndReloadAssembly (253ms)
			LoadAssemblies (53ms)
			RebuildTransferFunctionScriptingTraits (0ms)
			SetupTypeCache (59ms)
			ReleaseScriptCaches (0ms)
			RebuildScriptCaches (14ms)
			SetupLoadedEditorAssemblies (153ms)
				LogAssemblyErrors (0ms)
				InitializePlatformSupportModulesInManaged (4ms)
				SetLoadedEditorAssemblies (0ms)
				RefreshPlugins (49ms)
				BeforeProcessingInitializeOnLoad (1ms)
				ProcessInitializeOnLoadAttributes (71ms)
				ProcessInitializeOnLoadMethodAttributes (27ms)
				AfterProcessingInitializeOnLoad (0ms)
				EditorAssembliesLoaded (0ms)
			ExecutionOrderSort2 (0ms)
			AwakeInstancesAfterBackupRestoration (0ms)
Platform modules already initialized, skipping
Registering precompiled user dll's ...
Registered in 0.006884 seconds.
Begin MonoManager ReloadAssembly
Native extension for WindowsStandalone target not found
Refreshing native plugins compatible for Editor in 47.73 ms, found 3 plugins.
Preloading 0 native plugins for Editor in 0.00 ms.
Package Manager log level set to [2]
[Package Manager] Server::EnsureServerProcessIsRunning -- launch failed, reason: Unity was launched with the -noUpm command-line argument
[Package Manager] Cannot connect to Unity Package Manager local server
Mono: successfully reloaded assembly
- Completed reload, in  1.068 seconds
Domain Reload Profiling:
	ReloadAssembly (1069ms)
		BeginReloadAssembly (74ms)
			ExecutionOrderSort (0ms)
			DisableScriptedObjects (3ms)
			BackupInstance (0ms)
			ReleaseScriptingObjects (0ms)
			CreateAndSetChildDomain (12ms)
		EndReloadAssembly (935ms)
			LoadAssemblies (64ms)
			RebuildTransferFunctionScriptingTraits (0ms)
			SetupTypeCache (190ms)
			ReleaseScriptCaches (0ms)
			RebuildScriptCaches (32ms)
			SetupLoadedEditorAssemblies (641ms)
				LogAssemblyErrors (0ms)
				InitializePlatformSupportModulesInManaged (2ms)
				SetLoadedEditorAssemblies (0ms)
				RefreshPlugins (48ms)
				BeforeProcessingInitializeOnLoad (53ms)
				ProcessInitializeOnLoadAttributes (501ms)
				ProcessInitializeOnLoadMethodAttributes (33ms)
				AfterProcessingInitializeOnLoad (3ms)
				EditorAssembliesLoaded (0ms)
			ExecutionOrderSort2 (0ms)
			AwakeInstancesAfterBackupRestoration (4ms)
Platform modules already initialized, skipping
========================================================================
Worker process is ready to serve import requests
Launched and connected shader compiler UnityShaderCompiler.exe after 0.03 seconds
Refreshing native plugins compatible for Editor in 0.87 ms, found 3 plugins.
Preloading 0 native plugins for Editor in 0.00 ms.
Unloading 4477 Unused Serialized files (Serialized files now loaded: 0)
Unloading 43 unused Assets / (334.5 KB). Loaded Objects now: 4953.
Memory consumption went from 242.8 MB to 242.5 MB.
Total: 3.154900 ms (FindLiveObjects: 0.236100 ms CreateObjectMapping: 0.122300 ms MarkObjects: 2.663900 ms  DeleteObjects: 0.131500 ms)

AssetImportParameters requested are different than current active one (requested -> active):
  custom:video-decoder-ogg-theora: a1e56fd34408186e4bbccfd4996cb3dc -> 
  custom:container-muxer-webm: aa71ff27fc2769a1b78a27578f13a17b -> 
  custom:container-demuxer-webm: 4f35f7cbe854078d1ac9338744f61a02 -> 
  custom:video-encoder-webm-vp8: eb34c28f22e8b96e1ab97ce403110664 -> 
  custom:video-codec-MediaFoundation-h265: 746d11721c4dcdbdad8f713fa42b33f4 -> 
  custom:CustomObjectIndexerAttribute: bc11b3a6c3213fcdd17b65e7da85e133 -> 
  custom:audio-encoder-webm-vorbis: bf7c407c2cedff20999df2af8eb42d56 -> 
  custom:framework-win-MediaFoundation: 216162199b28c13a410421893ffa2e32 -> 
  custom:SearchIndexIgnoredProperties: e643bd26f0fe6173181afceb89e7c659 -> 
  custom:container-demuxer-ogg: 62fdf1f143b41e24485cea50d1cbac27 -> 
  custom:video-decoder-webm-vp8: 9c59270c3fd7afecdb556c50c9e8de78 -> 
  custom:audio-decoder-ogg-vorbis: bf7c407c2cedff20999df2af8eb42d56 -> 
========================================================================
Received Import Request.
  Time since last request: 185786.012696 seconds.
  path: Assets/Horror_Mansion/Models/Furniture
  artifactKey: Guid(a8b8be747fa46d84c826548e3b005287) Importer(815301076,1909f56bfc062723c751e8b465ee728b)
Number of updated assets reloaded before import = 0
Start importing Assets/Horror_Mansion/Models/Furniture using Guid(a8b8be747fa46d84c826548e3b005287) Importer(815301076,1909f56bfc062723c751e8b465ee728b)  -> (artifact id: '6145927d90f3e46088e54da03c8c6343') in 0.013418 seconds 
Number of asset objects unloaded after import = 0
========================================================================
Received Import Request.
  Time since last request: 0.859997 seconds.
  path: Assets/Horror_Mansion/Models/Furniture/External_Models
  artifactKey: Guid(3ac93d1714645354aabd2b5338680e6f) Importer(815301076,1909f56bfc062723c751e8b465ee728b)
Number of updated assets reloaded before import = 0
Start importing Assets/Horror_Mansion/Models/Furniture/External_Models using Guid(3ac93d1714645354aabd2b5338680e6f) Importer(815301076,1909f56bfc062723c751e8b465ee728b)  -> (artifact id: '994dff0df2caa9ff6f2756e1af620857') in 0.009585 seconds 
Number of asset objects unloaded after import = 0
========================================================================
Received Import Request.
  Time since last request: 3.840572 seconds.
  path: Assets/Horror_Mansion/Models/Furniture/External_Models/Flasks/3D/3D PREFABS/GPVFX_POTION A.prefab
  artifactKey: Guid(d027d4bce170c4abf8619a7d7980440e) Importer(815301076,1909f56bfc062723c751e8b465ee728b)
Number of updated assets reloaded before import = 0
Start importing Assets/Horror_Mansion/Models/Furniture/External_Models/Flasks/3D/3D PREFABS/GPVFX_POTION A.prefab using Guid(d027d4bce170c4abf8619a7d7980440e) Importer(815301076,1909f56bfc062723c751e8b465ee728b)  -> (artifact id: '5c464f8401b0dbc3215fcbf19e3e42e7') in 0.066169 seconds 
Number of asset objects unloaded after import = 26
========================================================================
Received Import Request.
  Time since last request: 81.498260 seconds.
  path: Assets/Horror_Mansion/Models/Furniture/External_Models/Flasks/3D/POTIONS 3D_Materials/potion_m2.mat
  artifactKey: Guid(f06e6e28c46ad3e42b44ed272bd83452) Importer(815301076,1909f56bfc062723c751e8b465ee728b)
Number of updated assets reloaded before import = 0
Start importing Assets/Horror_Mansion/Models/Furniture/External_Models/Flasks/3D/POTIONS 3D_Materials/potion_m2.mat using Guid(f06e6e28c46ad3e42b44ed272bd83452) Importer(815301076,1909f56bfc062723c751e8b465ee728b)  -> (artifact id: '214f387749b396e1a2e57e7353a6790c') in 0.026451 seconds 
Number of asset objects unloaded after import = 2
========================================================================
Received Import Request.
  Time since last request: 29.450911 seconds.
  path: Assets/Horror_Mansion/Models/Furniture/External_Models/Flasks/3D/POTIONS 3D_Materials/potion_m1.mat
  artifactKey: Guid(c5d81214b2af0493082fef7a9ef0dca2) Importer(815301076,1909f56bfc062723c751e8b465ee728b)
Number of updated assets reloaded before import = 0
Start importing Assets/Horror_Mansion/Models/Furniture/External_Models/Flasks/3D/POTIONS 3D_Materials/potion_m1.mat using Guid(c5d81214b2af0493082fef7a9ef0dca2) Importer(815301076,1909f56bfc062723c751e8b465ee728b)  -> (artifact id: '4af1e36e68e266a39d37804556ed5d20') in 0.016761 seconds 
Number of asset objects unloaded after import = 2
========================================================================
Received Import Request.
  Time since last request: 10.845494 seconds.
  path: Assets/Horror_Mansion/Models/Furniture/External_Models/Flasks/3D/POTIONS 3D_Materials/potion_m2 1.mat
  artifactKey: Guid(c7db2e3da669b4349902431d9ca907f0) Importer(815301076,1909f56bfc062723c751e8b465ee728b)
Number of updated assets reloaded before import = 0
Start importing Assets/Horror_Mansion/Models/Furniture/External_Models/Flasks/3D/POTIONS 3D_Materials/potion_m2 1.mat using Guid(c7db2e3da669b4349902431d9ca907f0) Importer(815301076,1909f56bfc062723c751e8b465ee728b)  -> (artifact id: '07df9996d23deec63d117ee92aa1a261') in 0.015377 seconds 
Number of asset objects unloaded after import = 2
========================================================================
Received Import Request.
  Time since last request: 8.782338 seconds.
  path: Assets/Horror_Mansion/Models/Furniture/External_Models/Flasks/3D/POTIONS 3D_Materials/potion_m3.mat
  artifactKey: Guid(c7db2e3da669b4349902431d9ca907f0) Importer(815301076,1909f56bfc062723c751e8b465ee728b)
Number of updated assets reloaded before import = 0
Start importing Assets/Horror_Mansion/Models/Furniture/External_Models/Flasks/3D/POTIONS 3D_Materials/potion_m3.mat using Guid(c7db2e3da669b4349902431d9ca907f0) Importer(815301076,1909f56bfc062723c751e8b465ee728b)  -> (artifact id: '20bf9f9fcccefce7a7684e52ec9d82e5') in 0.028619 seconds 
Number of asset objects unloaded after import = 2
========================================================================
Received Import Request.
  Time since last request: 189.837007 seconds.
  path: Assets/Horror_Mansion/Models/Furniture/External_Models/Flasks/3D/POTIONS 3D_Materials/potion_m3.mat
  artifactKey: Guid(c7db2e3da669b4349902431d9ca907f0) Importer(815301076,1909f56bfc062723c751e8b465ee728b)
Number of updated assets reloaded before import = 0
Start importing Assets/Horror_Mansion/Models/Furniture/External_Models/Flasks/3D/POTIONS 3D_Materials/potion_m3.mat using Guid(c7db2e3da669b4349902431d9ca907f0) Importer(815301076,1909f56bfc062723c751e8b465ee728b)  -> (artifact id: 'ec5b86cc905253ad4b69aa27276967a3') in 0.020820 seconds 
Number of asset objects unloaded after import = 2
========================================================================
Received Import Request.
  Time since last request: 16.862954 seconds.
  path: Assets/Horror_Mansion/Models/Furniture/External_Models/Flasks/3D/POTIONS 3D_Materials/potion_m3 1.mat
  artifactKey: Guid(074e396ddadcdfb49811f5527b0d051f) Importer(815301076,1909f56bfc062723c751e8b465ee728b)
Number of updated assets reloaded before import = 0
Start importing Assets/Horror_Mansion/Models/Furniture/External_Models/Flasks/3D/POTIONS 3D_Materials/potion_m3 1.mat using Guid(074e396ddadcdfb49811f5527b0d051f) Importer(815301076,1909f56bfc062723c751e8b465ee728b)  -> (artifact id: '0ce06f2622231d5318338b2eb83d3825') in 0.013172 seconds 
Number of asset objects unloaded after import = 2
========================================================================
Received Import Request.
  Time since last request: 9.018777 seconds.
  path: Assets/Horror_Mansion/Models/Furniture/External_Models/Flasks/3D/POTIONS 3D_Materials/potion_empty_m.mat
  artifactKey: Guid(074e396ddadcdfb49811f5527b0d051f) Importer(815301076,1909f56bfc062723c751e8b465ee728b)
Number of updated assets reloaded before import = 0
Start importing Assets/Horror_Mansion/Models/Furniture/External_Models/Flasks/3D/POTIONS 3D_Materials/potion_empty_m.mat using Guid(074e396ddadcdfb49811f5527b0d051f) Importer(815301076,1909f56bfc062723c751e8b465ee728b)  -> (artifact id: '5e1ab91fcced4d12c7f93211cdaa08d8') in 0.012096 seconds 
Number of asset objects unloaded after import = 2
========================================================================
Received Import Request.
  Time since last request: 9.432239 seconds.
  path: Assets/Horror_Mansion/Models/Furniture/External_Models/Flasks/3D/POTIONS 3D_Materials/potion_empty_m.mat
  artifactKey: Guid(074e396ddadcdfb49811f5527b0d051f) Importer(815301076,1909f56bfc062723c751e8b465ee728b)
Number of updated assets reloaded before import = 0
Start importing Assets/Horror_Mansion/Models/Furniture/External_Models/Flasks/3D/POTIONS 3D_Materials/potion_empty_m.mat using Guid(074e396ddadcdfb49811f5527b0d051f) Importer(815301076,1909f56bfc062723c751e8b465ee728b)  -> (artifact id: 'bee7a19698b69676dde391de100dc089') in 0.061023 seconds 
Number of asset objects unloaded after import = 2
========================================================================
Received Import Request.
  Time since last request: 97.028085 seconds.
  path: Assets/Horror_Mansion/Models/Furniture/External_Models/Flasks/3D/POTIONS 3D_Materials/potion_m1 1.mat
  artifactKey: Guid(bc1ae84c13bc165459f11a91be5945ff) Importer(815301076,1909f56bfc062723c751e8b465ee728b)
Number of updated assets reloaded before import = 0
Start importing Assets/Horror_Mansion/Models/Furniture/External_Models/Flasks/3D/POTIONS 3D_Materials/potion_m1 1.mat using Guid(bc1ae84c13bc165459f11a91be5945ff) Importer(815301076,1909f56bfc062723c751e8b465ee728b)  -> (artifact id: 'c7c3a74689bbbfa419de5aa32890bfed') in 0.012332 seconds 
Number of asset objects unloaded after import = 2
========================================================================
Received Import Request.
  Time since last request: 10.167671 seconds.
  path: Assets/Horror_Mansion/Models/Furniture/External_Models/Flasks/3D/POTIONS 3D_Materials/potion_m0.mat
  artifactKey: Guid(bc1ae84c13bc165459f11a91be5945ff) Importer(815301076,1909f56bfc062723c751e8b465ee728b)
Number of updated assets reloaded before import = 0
Start importing Assets/Horror_Mansion/Models/Furniture/External_Models/Flasks/3D/POTIONS 3D_Materials/potion_m0.mat using Guid(bc1ae84c13bc165459f11a91be5945ff) Importer(815301076,1909f56bfc062723c751e8b465ee728b)  -> (artifact id: '9ed1124181567497e7895abc8467611b') in 0.010509 seconds 
Number of asset objects unloaded after import = 2
========================================================================
Received Import Request.
  Time since last request: 70.901087 seconds.
  path: Assets/Horror_Mansion/Models/Furniture/External_Models/Flasks/3D/POTIONS 3D_Materials/potion_m0.mat
  artifactKey: Guid(bc1ae84c13bc165459f11a91be5945ff) Importer(815301076,1909f56bfc062723c751e8b465ee728b)
Number of updated assets reloaded before import = 0
Start importing Assets/Horror_Mansion/Models/Furniture/External_Models/Flasks/3D/POTIONS 3D_Materials/potion_m0.mat using Guid(bc1ae84c13bc165459f11a91be5945ff) Importer(815301076,1909f56bfc062723c751e8b465ee728b)  -> (artifact id: '50de204790fc182ecc787d3fb88b0bfb') in 0.012492 seconds 
Number of asset objects unloaded after import = 2
========================================================================
Received Import Request.
  Time since last request: 14.385291 seconds.
  path: Assets/Horror_Mansion/Models/Furniture/External_Models/Flasks/Animation Controllers/GPVFX_Potion A_FX.controller
  artifactKey: Guid(4076b4b3459ec490385c4fa350bd1336) Importer(815301076,1909f56bfc062723c751e8b465ee728b)
Number of updated assets reloaded before import = 0
Start importing Assets/Horror_Mansion/Models/Furniture/External_Models/Flasks/Animation Controllers/GPVFX_Potion A_FX.controller using Guid(4076b4b3459ec490385c4fa350bd1336) Importer(815301076,1909f56bfc062723c751e8b465ee728b)  -> (artifact id: '62b8310ceecc37f3535ea24616d46920') in 0.009078 seconds 
Number of asset objects unloaded after import = 3
========================================================================
Received Import Request.
  Time since last request: 5.290063 seconds.
  path: Assets/Horror_Mansion/Models/Furniture/External_Models/Flasks/VFX/VFX PREFABS
  artifactKey: Guid(1410d6fdeb5ff4f55a1565ed77948bde) Importer(815301076,1909f56bfc062723c751e8b465ee728b)
Number of updated assets reloaded before import = 0
Start importing Assets/Horror_Mansion/Models/Furniture/External_Models/Flasks/VFX/VFX PREFABS using Guid(1410d6fdeb5ff4f55a1565ed77948bde) Importer(815301076,1909f56bfc062723c751e8b465ee728b)  -> (artifact id: '725b105f5e7253f42869c20a556aec8b') in 0.009195 seconds 
Number of asset objects unloaded after import = 0
========================================================================
Received Import Request.
  Time since last request: 0.065215 seconds.
  path: Assets/Horror_Mansion/Models/Furniture/External_Models/Flasks/VFX/VFX PREFABS/GPVFX_Glass Shards.prefab
  artifactKey: Guid(7b6c025df1b6346e8bf6938ed2e4c30b) Importer(815301076,1909f56bfc062723c751e8b465ee728b)
Number of updated assets reloaded before import = 0
Start importing Assets/Horror_Mansion/Models/Furniture/External_Models/Flasks/VFX/VFX PREFABS/GPVFX_Glass Shards.prefab using Guid(7b6c025df1b6346e8bf6938ed2e4c30b) Importer(815301076,1909f56bfc062723c751e8b465ee728b)  -> (artifact id: '367ce83af754cec1abd5e0523b00159d') in 0.044228 seconds 
Number of asset objects unloaded after import = 12
========================================================================
Received Import Request.
  Time since last request: 1.158270 seconds.
  path: Assets/Horror_Mansion/Models/Furniture/External_Models/Flasks/VFX/VFX_Meshes/GPVFX_Glass Shards.obj
  artifactKey: Guid(e510d6e4a046e4545b0ecd59a417209f) Importer(815301076,1909f56bfc062723c751e8b465ee728b)
Number of updated assets reloaded before import = 0
Start importing Assets/Horror_Mansion/Models/Furniture/External_Models/Flasks/VFX/VFX_Meshes/GPVFX_Glass Shards.obj using Guid(e510d6e4a046e4545b0ecd59a417209f) Importer(815301076,1909f56bfc062723c751e8b465ee728b)  -> (artifact id: '5674cac90fe58bcffa2a29b1d5738dff') in 0.035271 seconds 
Number of asset objects unloaded after import = 30
========================================================================
Received Import Request.
  Time since last request: 1.820026 seconds.
  path: Assets/Horror_Mansion/Models/Furniture/External_Models/Flasks/VFX/VFX PREFABS/GPVFX_MAGIC PREFABS
  artifactKey: Guid(8389c81682e7a482c832c99c4184d9dc) Importer(815301076,1909f56bfc062723c751e8b465ee728b)
Number of updated assets reloaded before import = 0
Start importing Assets/Horror_Mansion/Models/Furniture/External_Models/Flasks/VFX/VFX PREFABS/GPVFX_MAGIC PREFABS using Guid(8389c81682e7a482c832c99c4184d9dc) Importer(815301076,1909f56bfc062723c751e8b465ee728b)  -> (artifact id: 'd0a452b68e380347a61bdc79d5f9174d') in 0.010074 seconds 
Number of asset objects unloaded after import = 0
========================================================================
Received Import Request.
  Time since last request: 6.583280 seconds.
  path: Assets/Horror_Mansion/Models/Furniture/External_Models/Flasks/VFX/VFX_Meshes
  artifactKey: Guid(911a65d358ed44962a4951c2c3df35ea) Importer(815301076,1909f56bfc062723c751e8b465ee728b)
Number of updated assets reloaded before import = 0
Start importing Assets/Horror_Mansion/Models/Furniture/External_Models/Flasks/VFX/VFX_Meshes using Guid(911a65d358ed44962a4951c2c3df35ea) Importer(815301076,1909f56bfc062723c751e8b465ee728b)  -> (artifact id: '09700167fb7f8265824e2c723518bf0b') in 0.009945 seconds 
Number of asset objects unloaded after import = 0
========================================================================
Received Import Request.
  Time since last request: 0.925313 seconds.
  path: Assets/Horror_Mansion/Models/Furniture/External_Models/Flasks/VFX/VFX_Textures
  artifactKey: Guid(0659c7741198146a08be0dea3ae49b5d) Importer(815301076,1909f56bfc062723c751e8b465ee728b)
Number of updated assets reloaded before import = 0
Start importing Assets/Horror_Mansion/Models/Furniture/External_Models/Flasks/VFX/VFX_Textures using Guid(0659c7741198146a08be0dea3ae49b5d) Importer(815301076,1909f56bfc062723c751e8b465ee728b)  -> (artifact id: '530e0a75d007d6aa8aa39518d19645da') in 0.009708 seconds 
Number of asset objects unloaded after import = 0
========================================================================
Received Import Request.
  Time since last request: 0.969181 seconds.
  path: Assets/Horror_Mansion/Models/Furniture/External_Models/Flasks/VFX/VFX_Textures/Bubble.png
  artifactKey: Guid(36a4765c3221f4814a068c56f7600843) Importer(815301076,1909f56bfc062723c751e8b465ee728b)
Number of updated assets reloaded before import = 0
Start importing Assets/Horror_Mansion/Models/Furniture/External_Models/Flasks/VFX/VFX_Textures/Bubble.png using Guid(36a4765c3221f4814a068c56f7600843) Importer(815301076,1909f56bfc062723c751e8b465ee728b)  -> (artifact id: 'ef70190fb183c19c209a61e09377c16c') in 0.060683 seconds 
Number of asset objects unloaded after import = 3
========================================================================
Received Import Request.
  Time since last request: 0.000016 seconds.
  path: Assets/Horror_Mansion/Models/Furniture/External_Models/Flasks/VFX/VFX_Textures/Sparkle.png
  artifactKey: Guid(d476167fea2184eb6a77c3de0bb45b3f) Importer(815301076,1909f56bfc062723c751e8b465ee728b)
Number of updated assets reloaded before import = 0
Start importing Assets/Horror_Mansion/Models/Furniture/External_Models/Flasks/VFX/VFX_Textures/Sparkle.png using Guid(d476167fea2184eb6a77c3de0bb45b3f) Importer(815301076,1909f56bfc062723c751e8b465ee728b)  -> (artifact id: 'c2d0a7ef5faf53f0a57216b3504f33d3') in 0.051534 seconds 
Number of asset objects unloaded after import = 3
========================================================================
Received Import Request.
  Time since last request: 0.000019 seconds.
  path: Assets/Horror_Mansion/Models/Furniture/External_Models/Flasks/VFX/VFX_Textures/Magic_Entangle.png
  artifactKey: Guid(9c662dd5c74834faba13e11e6bc9dc67) Importer(815301076,1909f56bfc062723c751e8b465ee728b)
Number of updated assets reloaded before import = 0
Start importing Assets/Horror_Mansion/Models/Furniture/External_Models/Flasks/VFX/VFX_Textures/Magic_Entangle.png using Guid(9c662dd5c74834faba13e11e6bc9dc67) Importer(815301076,1909f56bfc062723c751e8b465ee728b)  -> (artifact id: '7aeff553002ad02ea4a6bfd75110081c') in 0.057593 seconds 
Number of asset objects unloaded after import = 3
========================================================================
Received Import Request.
  Time since last request: 0.000011 seconds.
  path: Assets/Horror_Mansion/Models/Furniture/External_Models/Flasks/VFX/VFX_Textures/GPVFX_Magic_Disrupt 1.png
  artifactKey: Guid(b946641bf263c4913ba324e08cb2649d) Importer(815301076,1909f56bfc062723c751e8b465ee728b)
Number of updated assets reloaded before import = 0
Start importing Assets/Horror_Mansion/Models/Furniture/External_Models/Flasks/VFX/VFX_Textures/GPVFX_Magic_Disrupt 1.png using Guid(b946641bf263c4913ba324e08cb2649d) Importer(815301076,1909f56bfc062723c751e8b465ee728b)  -> (artifact id: '17343a9425380a84d20a6fb3090f601a') in 0.036391 seconds 
Number of asset objects unloaded after import = 3
========================================================================
Received Import Request.
  Time since last request: 0.000013 seconds.
  path: Assets/Horror_Mansion/Models/Furniture/External_Models/Flasks/VFX/VFX_Textures/Magic_Interrupt.png
  artifactKey: Guid(8ab48ff56e6b644de8d0215c8898ebd7) Importer(815301076,1909f56bfc062723c751e8b465ee728b)
Number of updated assets reloaded before import = 0
Start importing Assets/Horror_Mansion/Models/Furniture/External_Models/Flasks/VFX/VFX_Textures/Magic_Interrupt.png using Guid(8ab48ff56e6b644de8d0215c8898ebd7) Importer(815301076,1909f56bfc062723c751e8b465ee728b)  -> (artifact id: 'c2e5a394dd39e8b07d14464072006fec') in 0.043806 seconds 
Number of asset objects unloaded after import = 3
========================================================================
Received Import Request.
  Time since last request: 0.000012 seconds.
  path: Assets/Horror_Mansion/Models/Furniture/External_Models/Flasks/VFX/VFX_Textures/Magic_Summon.png
  artifactKey: Guid(f70b64f0c58b945a0a159d474f2ff7f3) Importer(815301076,1909f56bfc062723c751e8b465ee728b)
Number of updated assets reloaded before import = 0
Start importing Assets/Horror_Mansion/Models/Furniture/External_Models/Flasks/VFX/VFX_Textures/Magic_Summon.png using Guid(f70b64f0c58b945a0a159d474f2ff7f3) Importer(815301076,1909f56bfc062723c751e8b465ee728b)  -> (artifact id: '83c7d34bc7bf22ab68ab9d1f972bf3c5') in 0.048061 seconds 
Number of asset objects unloaded after import = 3
========================================================================
Received Import Request.
  Time since last request: 0.000011 seconds.
  path: Assets/Horror_Mansion/Models/Furniture/External_Models/Flasks/VFX/VFX_Textures/GPVFX_Magic_Dispel.png
  artifactKey: Guid(69788fa245d3f4fdb8e2e28d83f502d6) Importer(815301076,1909f56bfc062723c751e8b465ee728b)
Number of updated assets reloaded before import = 0
Start importing Assets/Horror_Mansion/Models/Furniture/External_Models/Flasks/VFX/VFX_Textures/GPVFX_Magic_Dispel.png using Guid(69788fa245d3f4fdb8e2e28d83f502d6) Importer(815301076,1909f56bfc062723c751e8b465ee728b)  -> (artifact id: 'fb13f607f719cf355a995bd32c7faf02') in 0.155449 seconds 
Number of asset objects unloaded after import = 3
========================================================================
Received Import Request.
  Time since last request: 3.639050 seconds.
  path: Assets/Horror_Mansion/Models/Furniture/External_Models/Flasks/VFX/VFX_Meshes/GPVFX_Glass Magique.obj
  artifactKey: Guid(c3ce05c11cf3841519bdc2f2ce8ddcda) Importer(815301076,1909f56bfc062723c751e8b465ee728b)
Number of updated assets reloaded before import = 0
Start importing Assets/Horror_Mansion/Models/Furniture/External_Models/Flasks/VFX/VFX_Meshes/GPVFX_Glass Magique.obj using Guid(c3ce05c11cf3841519bdc2f2ce8ddcda) Importer(815301076,1909f56bfc062723c751e8b465ee728b)  -> (artifact id: '26615a985bcb362795300f087923430d') in 0.065422 seconds 
Number of asset objects unloaded after import = 30
========================================================================
Received Import Request.
  Time since last request: 14.492571 seconds.
  path: Assets/Horror_Mansion/Models/Furniture/External_Models/Flasks/3D/POTIONS_Default/GPVFX_CORK.obj
  artifactKey: Guid(cd765151bc92846f29cd0a3da80270b6) Importer(815301076,1909f56bfc062723c751e8b465ee728b)
Number of updated assets reloaded before import = 0
Start importing Assets/Horror_Mansion/Models/Furniture/External_Models/Flasks/3D/POTIONS_Default/GPVFX_CORK.obj using Guid(cd765151bc92846f29cd0a3da80270b6) Importer(815301076,1909f56bfc062723c751e8b465ee728b)  -> (artifact id: 'd74b8e74f31c264991ab2a0ae89bf6bf') in 0.043083 seconds 
Number of asset objects unloaded after import = 9
========================================================================
Received Import Request.
  Time since last request: 5.491047 seconds.
  path: Assets/Horror_Mansion/Models/Furniture/External_Models/Flasks/3D/POTIONS_Textures/3D Fill Material 2.png
  artifactKey: Guid(f4853b0d577944e3cbb45310ad891fb3) Importer(815301076,1909f56bfc062723c751e8b465ee728b)
Number of updated assets reloaded before import = 0
Start importing Assets/Horror_Mansion/Models/Furniture/External_Models/Flasks/3D/POTIONS_Textures/3D Fill Material 2.png using Guid(f4853b0d577944e3cbb45310ad891fb3) Importer(815301076,1909f56bfc062723c751e8b465ee728b)  -> (artifact id: '84cddc67ebb7eabae120589b9d790297') in 0.019432 seconds 
Number of asset objects unloaded after import = 3
========================================================================
Received Import Request.
  Time since last request: 8.116291 seconds.
  path: Assets/Horror_Mansion/Models/Furniture/External_Models/Flasks/3D/3D PREFABS/GPVFX_POTION A.prefab
  artifactKey: Guid(d027d4bce170c4abf8619a7d7980440e) Importer(815301076,1909f56bfc062723c751e8b465ee728b)
Number of updated assets reloaded before import = 0
Start importing Assets/Horror_Mansion/Models/Furniture/External_Models/Flasks/3D/3D PREFABS/GPVFX_POTION A.prefab using Guid(d027d4bce170c4abf8619a7d7980440e) Importer(815301076,1909f56bfc062723c751e8b465ee728b)  -> (artifact id: '99a7033df471e5c684fc61c5bb81dcc0') in 0.041736 seconds 
Number of asset objects unloaded after import = 19
========================================================================
Received Import Request.
  Time since last request: 7.420788 seconds.
  path: Assets/Horror_Mansion/Models/Furniture/External_Models/Basement_Stairs
  artifactKey: Guid(a092b60e26a16b64889c10e447d1ba0c) Importer(815301076,1909f56bfc062723c751e8b465ee728b)
Number of updated assets reloaded before import = 0
Start importing Assets/Horror_Mansion/Models/Furniture/External_Models/Basement_Stairs using Guid(a092b60e26a16b64889c10e447d1ba0c) Importer(815301076,1909f56bfc062723c751e8b465ee728b)  -> (artifact id: 'd80cfc676d37786d4ced699be2c5f2d4') in 0.012879 seconds 
Number of asset objects unloaded after import = 0
========================================================================
Received Import Request.
  Time since last request: 199.875051 seconds.
  path: Assets/Horror_Mansion/Scenes
  artifactKey: Guid(6ea315d0fd7389c41b19996891e99ae3) Importer(815301076,1909f56bfc062723c751e8b465ee728b)
Number of updated assets reloaded before import = 0
Start importing Assets/Horror_Mansion/Scenes using Guid(6ea315d0fd7389c41b19996891e99ae3) Importer(815301076,1909f56bfc062723c751e8b465ee728b)  -> (artifact id: '94696aa805354d4b5d6a48da27c04cae') in 0.012584 seconds 
Number of asset objects unloaded after import = 0
========================================================================
Received Import Request.
  Time since last request: 4.562591 seconds.
  path: Assets/Horror_Mansion/Animation/Walking.fbx
  artifactKey: Guid(f2ac890748c64f348b8f3b5f1274e2bd) Importer(815301076,1909f56bfc062723c751e8b465ee728b)
Number of updated assets reloaded before import = 0
Start importing Assets/Horror_Mansion/Animation/Walking.fbx using Guid(f2ac890748c64f348b8f3b5f1274e2bd) Importer(815301076,1909f56bfc062723c751e8b465ee728b)  -> (artifact id: '6469c3cf8b645c2d618f5aa6e83c3f57') in 0.062089 seconds 
Number of asset objects unloaded after import = 168
========================================================================
Received Import Request.
  Time since last request: 2.177157 seconds.
  path: Assets/Horror_Mansion/Animation/Camera_07.anim
  artifactKey: Guid(b85401253dc2f0947887b72c75a55b93) Importer(815301076,1909f56bfc062723c751e8b465ee728b)
Number of updated assets reloaded before import = 0
Start importing Assets/Horror_Mansion/Animation/Camera_07.anim using Guid(b85401253dc2f0947887b72c75a55b93) Importer(815301076,1909f56bfc062723c751e8b465ee728b)  -> (artifact id: 'a984780bf7a681eb87277c0eaa30ee01') in 0.010651 seconds 
Number of asset objects unloaded after import = 1
========================================================================
Received Import Request.
  Time since last request: 0.590510 seconds.
  path: Assets/Horror_Mansion/Animation/Camera_06.anim
  artifactKey: Guid(306c9565d79a7fb4591acfa11ca79d9c) Importer(815301076,1909f56bfc062723c751e8b465ee728b)
Number of updated assets reloaded before import = 0
Start importing Assets/Horror_Mansion/Animation/Camera_06.anim using Guid(306c9565d79a7fb4591acfa11ca79d9c) Importer(815301076,1909f56bfc062723c751e8b465ee728b)  -> (artifact id: 'f243b39202f187f3f5ab64d9564b964f') in 0.008755 seconds 
Number of asset objects unloaded after import = 1
========================================================================
Received Import Request.
  Time since last request: 0.418054 seconds.
  path: Assets/Horror_Mansion/Animation/Camera_05.anim
  artifactKey: Guid(04d51edff3b5f6c4d8e30557115c0925) Importer(815301076,1909f56bfc062723c751e8b465ee728b)
Number of updated assets reloaded before import = 0
Start importing Assets/Horror_Mansion/Animation/Camera_05.anim using Guid(04d51edff3b5f6c4d8e30557115c0925) Importer(815301076,1909f56bfc062723c751e8b465ee728b)  -> (artifact id: '6e3980331467ead1009eeff19441a168') in 0.008240 seconds 
Number of asset objects unloaded after import = 1
========================================================================
Received Import Request.
  Time since last request: 0.951598 seconds.
  path: Assets/Horror_Mansion/Animation/Camera_04.anim
  artifactKey: Guid(96f367bb04c9dfa47b7dedd36f8f71ce) Importer(815301076,1909f56bfc062723c751e8b465ee728b)
Number of updated assets reloaded before import = 0
Start importing Assets/Horror_Mansion/Animation/Camera_04.anim using Guid(96f367bb04c9dfa47b7dedd36f8f71ce) Importer(815301076,1909f56bfc062723c751e8b465ee728b)  -> (artifact id: '00f5db6036a36c75a476d765ba06dbc4') in 0.008084 seconds 
Number of asset objects unloaded after import = 1
========================================================================
Received Import Request.
  Time since last request: 1.205753 seconds.
  path: Assets/Horror_Mansion/Animation/Camera_01.anim
  artifactKey: Guid(c54ac4427b268074591a8a124a6f7a5e) Importer(815301076,1909f56bfc062723c751e8b465ee728b)
Number of updated assets reloaded before import = 0
Start importing Assets/Horror_Mansion/Animation/Camera_01.anim using Guid(c54ac4427b268074591a8a124a6f7a5e) Importer(815301076,1909f56bfc062723c751e8b465ee728b)  -> (artifact id: 'f1375b4ada39490f84ba4f40ea0dad8b') in 0.009299 seconds 
Number of asset objects unloaded after import = 1
========================================================================
Received Import Request.
  Time since last request: 3.428620 seconds.
  path: Assets/Horror_Mansion/Materials
  artifactKey: Guid(077a90de41407304d8b9c044912c9aa1) Importer(815301076,1909f56bfc062723c751e8b465ee728b)
Number of updated assets reloaded before import = 0
Start importing Assets/Horror_Mansion/Materials using Guid(077a90de41407304d8b9c044912c9aa1) Importer(815301076,1909f56bfc062723c751e8b465ee728b)  -> (artifact id: '1a011f20a94c4aa6d5945389d4317df7') in 0.008278 seconds 
Number of asset objects unloaded after import = 0
========================================================================
Received Import Request.
  Time since last request: 4.284343 seconds.
  path: Assets/Horror_Mansion/Models
  artifactKey: Guid(42ad5c7d0dc54cb429eb259d1b68c821) Importer(815301076,1909f56bfc062723c751e8b465ee728b)
Number of updated assets reloaded before import = 0
Start importing Assets/Horror_Mansion/Models using Guid(42ad5c7d0dc54cb429eb259d1b68c821) Importer(815301076,1909f56bfc062723c751e8b465ee728b)  -> (artifact id: '6e1c781b145669e7f85b59e2836f59e1') in 0.009883 seconds 
Number of asset objects unloaded after import = 0
========================================================================
Received Import Request.
  Time since last request: 3.664388 seconds.
  path: Assets/Scenes
  artifactKey: Guid(923d58ed4223fc34bb7d857cc97a71f2) Importer(815301076,1909f56bfc062723c751e8b465ee728b)
Number of updated assets reloaded before import = 0
Start importing Assets/Scenes using Guid(923d58ed4223fc34bb7d857cc97a71f2) Importer(815301076,1909f56bfc062723c751e8b465ee728b)  -> (artifact id: '82ab1c44e097312022844cbd5119fb58') in 0.002176 seconds 
Number of asset objects unloaded after import = 0
========================================================================
Received Import Request.
  Time since last request: 3.372368 seconds.
  path: Assets/Horror_Mansion/Scenes/Main_Scene.unity
  artifactKey: Guid(2f99c9bef5060d1419c81909459f9484) Importer(815301076,1909f56bfc062723c751e8b465ee728b)
Number of updated assets reloaded before import = 0
Start importing Assets/Horror_Mansion/Scenes/Main_Scene.unity using Guid(2f99c9bef5060d1419c81909459f9484) Importer(815301076,1909f56bfc062723c751e8b465ee728b)  -> (artifact id: '87709048863ab9cd6075acb252ae28fd') in 0.010268 seconds 
Number of asset objects unloaded after import = 0
========================================================================
Received Import Request.
  Time since last request: 3.126741 seconds.
  path: Assets/Scenes/SampleScene.unity
  artifactKey: Guid(9fc0d4010bbf28b4594072e72b8655ab) Importer(815301076,1909f56bfc062723c751e8b465ee728b)
Number of updated assets reloaded before import = 0
Start importing Assets/Scenes/SampleScene.unity using Guid(9fc0d4010bbf28b4594072e72b8655ab) Importer(815301076,1909f56bfc062723c751e8b465ee728b)  -> (artifact id: 'ca186c5bf9d05d007e8d276bb5c9616b') in 0.009707 seconds 
Number of asset objects unloaded after import = 0
========================================================================
Received Import Request.
  Time since last request: 515.643289 seconds.
  path: Assets/Horror_Mansion/Models/Furniture/External_Models/Flasks/3D/POTIONS 3D_Materials/potion_m3.mat
  artifactKey: Guid(c7db2e3da669b4349902431d9ca907f0) Importer(815301076,1909f56bfc062723c751e8b465ee728b)
Number of updated assets reloaded before import = 0
Start importing Assets/Horror_Mansion/Models/Furniture/External_Models/Flasks/3D/POTIONS 3D_Materials/potion_m3.mat using Guid(c7db2e3da669b4349902431d9ca907f0) Importer(815301076,1909f56bfc062723c751e8b465ee728b)  -> (artifact id: '47fb5dbf7863c0ffdab714a113a3e95e') in 0.026754 seconds 
Number of asset objects unloaded after import = 2
========================================================================
Received Import Request.
  Time since last request: 67.495738 seconds.
  path: Assets/Horror_Mansion/Models/Furniture/External_Models/Flasks/3D/POTIONS 3D_Materials/potion_m0.mat
  artifactKey: Guid(bc1ae84c13bc165459f11a91be5945ff) Importer(815301076,1909f56bfc062723c751e8b465ee728b)
Number of updated assets reloaded before import = 0
Start importing Assets/Horror_Mansion/Models/Furniture/External_Models/Flasks/3D/POTIONS 3D_Materials/potion_m0.mat using Guid(bc1ae84c13bc165459f11a91be5945ff) Importer(815301076,1909f56bfc062723c751e8b465ee728b)  -> (artifact id: 'd731bbbf3fc2026aea47c32d386c7d1f') in 0.010534 seconds 
Number of asset objects unloaded after import = 2
