Using pre-set license
Built from '2021.3/staging' branch; Version is '2021.3.39f1 (fb3b7b32f191) revision 16464763'; Using compiler version '192829333'; Build Type 'Release'
OS: 'Windows 11  (10.0.26100) 64bit Professional' Language: 'en' Physical Memory: 32603 MB
BatchMode: 1, IsHumanControllingUs: 0, StartBugReporterOnCrash: 0, Is64bit: 1, IsPro: 1

COMMAND LINE ARGUMENTS:
C:\Program Files\Unity\Hub\Editor\2021.3.39f1\Editor\Unity.exe
-adb2
-batchMode
-noUpm
-name
AssetImportWorker25
-projectPath
C:/Users/mayar/Documents/GitHub/Blackwoods-Curse/BlackwoodsCurse
-logFile
Logs/AssetImportWorker25.log
-srvPort
52665
Successfully changed project path to: C:/Users/mayar/Documents/GitHub/Blackwoods-Curse/BlackwoodsCurse
C:/Users/mayar/Documents/GitHub/Blackwoods-Curse/BlackwoodsCurse
[UnityMemory] Configuration Parameters - Can be set up in boot.config
    "memorysetup-bucket-allocator-granularity=16"
    "memorysetup-bucket-allocator-bucket-count=8"
    "memorysetup-bucket-allocator-block-size=33554432"
    "memorysetup-bucket-allocator-block-count=8"
    "memorysetup-main-allocator-block-size=16777216"
    "memorysetup-thread-allocator-block-size=16777216"
    "memorysetup-gfx-main-allocator-block-size=16777216"
    "memorysetup-gfx-thread-allocator-block-size=16777216"
    "memorysetup-cache-allocator-block-size=4194304"
    "memorysetup-typetree-allocator-block-size=2097152"
    "memorysetup-profiler-bucket-allocator-granularity=16"
    "memorysetup-profiler-bucket-allocator-bucket-count=8"
    "memorysetup-profiler-bucket-allocator-block-size=33554432"
    "memorysetup-profiler-bucket-allocator-block-count=8"
    "memorysetup-profiler-allocator-block-size=16777216"
    "memorysetup-profiler-editor-allocator-block-size=1048576"
    "memorysetup-temp-allocator-size-main=16777216"
    "memorysetup-job-temp-allocator-block-size=2097152"
    "memorysetup-job-temp-allocator-block-size-background=1048576"
    "memorysetup-job-temp-allocator-reduction-small-platforms=262144"
    "memorysetup-temp-allocator-size-background-worker=32768"
    "memorysetup-temp-allocator-size-job-worker=262144"
    "memorysetup-temp-allocator-size-preload-manager=33554432"
    "memorysetup-temp-allocator-size-nav-mesh-worker=65536"
    "memorysetup-temp-allocator-size-audio-worker=65536"
    "memorysetup-temp-allocator-size-cloud-worker=32768"
    "memorysetup-temp-allocator-size-gi-baking-worker=262144"
    "memorysetup-temp-allocator-size-gfx=262144"
Player connection [25844] Host "[IP] 192.168.52.1 [Port] 0 [Flags] 2 [Guid] 2612316882 [EditorId] 2612316882 [Version] 1048832 [Id] WindowsEditor(7,MAYAR-DESKTOP) [Debug] 1 [PackageName] WindowsEditor [ProjectName] Editor" joined multi-casting on [225.0.0.222:54997]...

Player connection [25844] Host "[IP] 192.168.52.1 [Port] 0 [Flags] 2 [Guid] 2612316882 [EditorId] 2612316882 [Version] 1048832 [Id] WindowsEditor(7,MAYAR-DESKTOP) [Debug] 1 [PackageName] WindowsEditor [ProjectName] Editor" joined alternative multi-casting on [225.0.0.222:34997]...

[Physics::Module] Initialized MultithreadedJobDispatcher with {0} workers.
Refreshing native plugins compatible for Editor in 42.34 ms, found 3 plugins.
Preloading 0 native plugins for Editor in 0.00 ms.
Initialize engine version: 2021.3.39f1 (fb3b7b32f191)
[Subsystems] Discovering subsystems at path C:/Program Files/Unity/Hub/Editor/2021.3.39f1/Editor/Data/Resources/UnitySubsystems
[Subsystems] Discovering subsystems at path C:/Users/mayar/Documents/GitHub/Blackwoods-Curse/BlackwoodsCurse/Assets
GfxDevice: creating device client; threaded=0; jobified=0
Direct3D:
    Version:  Direct3D 11.0 [level 11.1]
    Renderer: NVIDIA GeForce RTX 3060 (ID=0x2504)
    Vendor:   NVIDIA
    VRAM:     12115 MB
    Driver:   32.0.15.6094
Initialize mono
Mono path[0] = 'C:/Program Files/Unity/Hub/Editor/2021.3.39f1/Editor/Data/Managed'
Mono path[1] = 'C:/Program Files/Unity/Hub/Editor/2021.3.39f1/Editor/Data/MonoBleedingEdge/lib/mono/unityjit-win32'
Mono config path = 'C:/Program Files/Unity/Hub/Editor/2021.3.39f1/Editor/Data/MonoBleedingEdge/etc'
Using monoOptions --debugger-agent=transport=dt_socket,embedding=1,server=y,suspend=n,address=127.0.0.1:56224
Begin MonoManager ReloadAssembly
Registering precompiled unity dll's ...
Register platform support module: C:/Program Files/Unity/Hub/Editor/2021.3.39f1/Editor/Data/PlaybackEngines/WindowsStandaloneSupport/UnityEditor.WindowsStandalone.Extensions.dll
Registered in 0.002518 seconds.
Native extension for WindowsStandalone target not found
Refreshing native plugins compatible for Editor in 36.16 ms, found 3 plugins.
Preloading 0 native plugins for Editor in 0.00 ms.
Mono: successfully reloaded assembly
- Completed reload, in  0.333 seconds
Domain Reload Profiling:
	ReloadAssembly (334ms)
		BeginReloadAssembly (58ms)
			ExecutionOrderSort (0ms)
			DisableScriptedObjects (0ms)
			BackupInstance (0ms)
			ReleaseScriptingObjects (0ms)
			CreateAndSetChildDomain (0ms)
		EndReloadAssembly (227ms)
			LoadAssemblies (56ms)
			RebuildTransferFunctionScriptingTraits (0ms)
			SetupTypeCache (56ms)
			ReleaseScriptCaches (0ms)
			RebuildScriptCaches (14ms)
			SetupLoadedEditorAssemblies (135ms)
				LogAssemblyErrors (0ms)
				InitializePlatformSupportModulesInManaged (4ms)
				SetLoadedEditorAssemblies (0ms)
				RefreshPlugins (36ms)
				BeforeProcessingInitializeOnLoad (1ms)
				ProcessInitializeOnLoadAttributes (68ms)
				ProcessInitializeOnLoadMethodAttributes (26ms)
				AfterProcessingInitializeOnLoad (0ms)
				EditorAssembliesLoaded (0ms)
			ExecutionOrderSort2 (0ms)
			AwakeInstancesAfterBackupRestoration (0ms)
Platform modules already initialized, skipping
Registering precompiled user dll's ...
Registered in 0.003068 seconds.
Begin MonoManager ReloadAssembly
Native extension for WindowsStandalone target not found
Refreshing native plugins compatible for Editor in 0.34 ms, found 3 plugins.
Preloading 0 native plugins for Editor in 0.00 ms.
Package Manager log level set to [2]
[Package Manager] Server::EnsureServerProcessIsRunning -- launch failed, reason: Unity was launched with the -noUpm command-line argument
[Package Manager] Cannot connect to Unity Package Manager local server
Mono: successfully reloaded assembly
- Completed reload, in  0.916 seconds
Domain Reload Profiling:
	ReloadAssembly (917ms)
		BeginReloadAssembly (73ms)
			ExecutionOrderSort (0ms)
			DisableScriptedObjects (3ms)
			BackupInstance (0ms)
			ReleaseScriptingObjects (0ms)
			CreateAndSetChildDomain (11ms)
		EndReloadAssembly (786ms)
			LoadAssemblies (54ms)
			RebuildTransferFunctionScriptingTraits (0ms)
			SetupTypeCache (172ms)
			ReleaseScriptCaches (0ms)
			RebuildScriptCaches (25ms)
			SetupLoadedEditorAssemblies (532ms)
				LogAssemblyErrors (0ms)
				InitializePlatformSupportModulesInManaged (3ms)
				SetLoadedEditorAssemblies (0ms)
				RefreshPlugins (0ms)
				BeforeProcessingInitializeOnLoad (36ms)
				ProcessInitializeOnLoadAttributes (479ms)
				ProcessInitializeOnLoadMethodAttributes (11ms)
				AfterProcessingInitializeOnLoad (3ms)
				EditorAssembliesLoaded (0ms)
			ExecutionOrderSort2 (0ms)
			AwakeInstancesAfterBackupRestoration (4ms)
Platform modules already initialized, skipping
========================================================================
Worker process is ready to serve import requests
Launched and connected shader compiler UnityShaderCompiler.exe after 0.02 seconds
Refreshing native plugins compatible for Editor in 0.61 ms, found 3 plugins.
Preloading 0 native plugins for Editor in 0.00 ms.
Unloading 3085 Unused Serialized files (Serialized files now loaded: 0)
Unloading 24 unused Assets / (47.5 KB). Loaded Objects now: 3568.
Memory consumption went from 196.1 MB to 196.1 MB.
Total: 3.042100 ms (FindLiveObjects: 0.219800 ms CreateObjectMapping: 0.066800 ms MarkObjects: 2.660100 ms  DeleteObjects: 0.094700 ms)

AssetImportParameters requested are different than current active one (requested -> active):
  custom:video-decoder-ogg-theora: a1e56fd34408186e4bbccfd4996cb3dc -> 
  custom:container-muxer-webm: aa71ff27fc2769a1b78a27578f13a17b -> 
  custom:container-demuxer-webm: 4f35f7cbe854078d1ac9338744f61a02 -> 
  custom:video-encoder-webm-vp8: eb34c28f22e8b96e1ab97ce403110664 -> 
  custom:video-codec-MediaFoundation-h265: 746d11721c4dcdbdad8f713fa42b33f4 -> 
  custom:CustomObjectIndexerAttribute: bc11b3a6c3213fcdd17b65e7da85e133 -> 
  custom:audio-encoder-webm-vorbis: bf7c407c2cedff20999df2af8eb42d56 -> 
  custom:framework-win-MediaFoundation: 216162199b28c13a410421893ffa2e32 -> 
  custom:SearchIndexIgnoredProperties: e643bd26f0fe6173181afceb89e7c659 -> 
  custom:container-demuxer-ogg: 62fdf1f143b41e24485cea50d1cbac27 -> 
  custom:video-decoder-webm-vp8: 9c59270c3fd7afecdb556c50c9e8de78 -> 
  custom:audio-decoder-ogg-vorbis: bf7c407c2cedff20999df2af8eb42d56 -> 
========================================================================
Received Import Request.
  Time since last request: 134326.028890 seconds.
  path: Assets/Horror_Mansion/Materials/Prosp
  artifactKey: Guid(00c74a52fab9471468a4d3a1ba9772c2) Importer(815301076,1909f56bfc062723c751e8b465ee728b)
Number of updated assets reloaded before import = 0
Start importing Assets/Horror_Mansion/Materials/Prosp using Guid(00c74a52fab9471468a4d3a1ba9772c2) Importer(815301076,1909f56bfc062723c751e8b465ee728b)  -> (artifact id: 'e053bdeae7a68a168889b40b138ea65b') in 0.013595 seconds 
Number of asset objects unloaded after import = 0
========================================================================
Received Import Request.
  Time since last request: 0.136792 seconds.
  path: Assets/Horror_Mansion/Materials/Prosp/Bone.mat
  artifactKey: Guid(3023e38e54cf50f41928d91cc317d3cf) Importer(815301076,1909f56bfc062723c751e8b465ee728b)
Number of updated assets reloaded before import = 0
Start importing Assets/Horror_Mansion/Materials/Prosp/Bone.mat using Guid(3023e38e54cf50f41928d91cc317d3cf) Importer(815301076,1909f56bfc062723c751e8b465ee728b)  -> (artifact id: 'cd23c0b3700efe2f8d8ed57f7ed6eac4') in 0.134802 seconds 
Number of asset objects unloaded after import = 5
========================================================================
Received Import Request.
  Time since last request: 7.670638 seconds.
  path: Assets/Horror_Mansion/Materials/Vegetation
  artifactKey: Guid(4c502aebf02638c4d81f10e9bf9f2f74) Importer(815301076,1909f56bfc062723c751e8b465ee728b)
Number of updated assets reloaded before import = 0
Start importing Assets/Horror_Mansion/Materials/Vegetation using Guid(4c502aebf02638c4d81f10e9bf9f2f74) Importer(815301076,1909f56bfc062723c751e8b465ee728b)  -> (artifact id: 'a14a4772914641a353a669f09949816f') in 0.026672 seconds 
Number of asset objects unloaded after import = 0
========================================================================
Received Import Request.
  Time since last request: 0.116734 seconds.
  path: Assets/Horror_Mansion/Materials/Vegetation/Aspen_Bark_01.mat
  artifactKey: Guid(c0d29c94ef142cf49a1feaabd1563422) Importer(815301076,1909f56bfc062723c751e8b465ee728b)
Number of updated assets reloaded before import = 0
Start importing Assets/Horror_Mansion/Materials/Vegetation/Aspen_Bark_01.mat using Guid(c0d29c94ef142cf49a1feaabd1563422) Importer(815301076,1909f56bfc062723c751e8b465ee728b)  -> (artifact id: '331bae02f38739d35b9c491825814db2') in 0.068128 seconds 
Number of asset objects unloaded after import = 4
========================================================================
Received Import Request.
  Time since last request: 0.000015 seconds.
  path: Assets/Horror_Mansion/Materials/Vegetation/Small_Tree.mat
  artifactKey: Guid(15e1883226ccd69498ee276ff0637d3f) Importer(815301076,1909f56bfc062723c751e8b465ee728b)
Number of updated assets reloaded before import = 0
Start importing Assets/Horror_Mansion/Materials/Vegetation/Small_Tree.mat using Guid(15e1883226ccd69498ee276ff0637d3f) Importer(815301076,1909f56bfc062723c751e8b465ee728b)  -> (artifact id: '49d672f35562a74e78c9564e4317fc43') in 0.152203 seconds 
Number of asset objects unloaded after import = 5
========================================================================
Received Import Request.
  Time since last request: 19.320322 seconds.
  path: Assets/Horror_Mansion/Materials/Vegetation/Billboard
  artifactKey: Guid(d7d8ebefc2613324da1625d8493fc29d) Importer(815301076,1909f56bfc062723c751e8b465ee728b)
Number of updated assets reloaded before import = 0
Start importing Assets/Horror_Mansion/Materials/Vegetation/Billboard using Guid(d7d8ebefc2613324da1625d8493fc29d) Importer(815301076,1909f56bfc062723c751e8b465ee728b)  -> (artifact id: 'cc522819d6984c444fbff8b6b016d2f8') in 0.012099 seconds 
Number of asset objects unloaded after import = 0
========================================================================
Received Import Request.
  Time since last request: 0.089856 seconds.
  path: Assets/Horror_Mansion/Materials/Vegetation/Billboard/Billboard_Aspen_01.mat
  artifactKey: Guid(74a23dfc9056b244687da1fa834c6506) Importer(815301076,1909f56bfc062723c751e8b465ee728b)
Number of updated assets reloaded before import = 0
Start importing Assets/Horror_Mansion/Materials/Vegetation/Billboard/Billboard_Aspen_01.mat using Guid(74a23dfc9056b244687da1fa834c6506) Importer(815301076,1909f56bfc062723c751e8b465ee728b)  -> (artifact id: '7c684f6dd63436249dc3cb66dc5b3e53') in 0.143214 seconds 
Number of asset objects unloaded after import = 2
========================================================================
Received Import Request.
  Time since last request: 8.687143 seconds.
  path: Assets/Horror_Mansion/Materials/House
  artifactKey: Guid(a33e02021ae665541bfc78be2c88f6b6) Importer(815301076,1909f56bfc062723c751e8b465ee728b)
Number of updated assets reloaded before import = 0
Start importing Assets/Horror_Mansion/Materials/House using Guid(a33e02021ae665541bfc78be2c88f6b6) Importer(815301076,1909f56bfc062723c751e8b465ee728b)  -> (artifact id: 'b8cf6b3039d2ffc0b785f8dde732692f') in 0.009751 seconds 
Number of asset objects unloaded after import = 0
========================================================================
Received Import Request.
  Time since last request: 0.140022 seconds.
  path: Assets/Horror_Mansion/Materials/House/Basement_Wall.mat
  artifactKey: Guid(05359725891a5b74faa1f8d66fa0bed7) Importer(815301076,1909f56bfc062723c751e8b465ee728b)
Number of updated assets reloaded before import = 0
Start importing Assets/Horror_Mansion/Materials/House/Basement_Wall.mat using Guid(05359725891a5b74faa1f8d66fa0bed7) Importer(815301076,1909f56bfc062723c751e8b465ee728b)  -> (artifact id: '7d64719c6147d42f44d358ceab44c9d5') in 0.051047 seconds 
Number of asset objects unloaded after import = 5
========================================================================
Received Import Request.
  Time since last request: 0.000016 seconds.
  path: Assets/Horror_Mansion/Materials/House/Roof.mat
  artifactKey: Guid(2791a33b3152e2d4c835b2a92d3fa22a) Importer(815301076,1909f56bfc062723c751e8b465ee728b)
Number of updated assets reloaded before import = 0
Start importing Assets/Horror_Mansion/Materials/House/Roof.mat using Guid(2791a33b3152e2d4c835b2a92d3fa22a) Importer(815301076,1909f56bfc062723c751e8b465ee728b)  -> (artifact id: '62986a5110ac9ce90afac13bb8378be9') in 0.074826 seconds 
Number of asset objects unloaded after import = 5
========================================================================
Received Import Request.
  Time since last request: 0.000019 seconds.
  path: Assets/Horror_Mansion/Materials/House/Veranda.mat
  artifactKey: Guid(a028719187a2f534f97e5ffe966b2671) Importer(815301076,1909f56bfc062723c751e8b465ee728b)
Number of updated assets reloaded before import = 0
Start importing Assets/Horror_Mansion/Materials/House/Veranda.mat using Guid(a028719187a2f534f97e5ffe966b2671) Importer(815301076,1909f56bfc062723c751e8b465ee728b)  -> (artifact id: '1516c6f5a727ab3fa19ef167fd7e1eb7') in 0.022445 seconds 
Number of asset objects unloaded after import = 5
========================================================================
Received Import Request.
  Time since last request: 19.907298 seconds.
  path: Assets/Horror_Mansion/Materials/Decals
  artifactKey: Guid(bae06d105ab7277428a157e13694517a) Importer(815301076,1909f56bfc062723c751e8b465ee728b)
Number of updated assets reloaded before import = 0
Start importing Assets/Horror_Mansion/Materials/Decals using Guid(bae06d105ab7277428a157e13694517a) Importer(815301076,1909f56bfc062723c751e8b465ee728b)  -> (artifact id: 'a09316a9941f10d985342e2401468dea') in 0.006987 seconds 
Number of asset objects unloaded after import = 0
========================================================================
Received Import Request.
  Time since last request: 0.139737 seconds.
  path: Assets/Horror_Mansion/Materials/Decals/Blood_Decals.mat
  artifactKey: Guid(7eaeb85956afab643bd95b3d5efe1715) Importer(815301076,1909f56bfc062723c751e8b465ee728b)
Number of updated assets reloaded before import = 0
Start importing Assets/Horror_Mansion/Materials/Decals/Blood_Decals.mat using Guid(7eaeb85956afab643bd95b3d5efe1715) Importer(815301076,1909f56bfc062723c751e8b465ee728b)  -> (artifact id: '16675d6fcdb6adbfbd1f9ce83ae06e97') in 0.044984 seconds 
Number of asset objects unloaded after import = 4
========================================================================
Received Import Request.
  Time since last request: 594.555849 seconds.
  path: Assets/Horror_Mansion/Materials/Base.mat
  artifactKey: Guid(cf1b0d224213b67458f11a4463183eb7) Importer(815301076,1909f56bfc062723c751e8b465ee728b)
Number of updated assets reloaded before import = 0
Start importing Assets/Horror_Mansion/Materials/Base.mat using Guid(cf1b0d224213b67458f11a4463183eb7) Importer(815301076,1909f56bfc062723c751e8b465ee728b)  -> (artifact id: '64964283b8ee11b1b2dfd83f220e51b9') in 0.021004 seconds 
Number of asset objects unloaded after import = 1
========================================================================
Received Import Request.
  Time since last request: 1381.361981 seconds.
  path: Assets/Horror_Mansion/Models/Furniture/External_Models/model.dae
  artifactKey: Guid(cdd243e9727a63d449d07eee6a5db3a7) Importer(815301076,1909f56bfc062723c751e8b465ee728b)
Number of updated assets reloaded before import = 0
Start importing Assets/Horror_Mansion/Models/Furniture/External_Models/model.dae using Guid(cdd243e9727a63d449d07eee6a5db3a7) Importer(815301076,1909f56bfc062723c751e8b465ee728b)  -> (artifact id: 'a53941c8e5114ce23354efeb17aa480b') in 0.148782 seconds 
Number of asset objects unloaded after import = 95
========================================================================
Received Import Request.
  Time since last request: 135.082273 seconds.
  path: Assets/Horror_Mansion/Materials/External_Models_Materials/Basement_tile
  artifactKey: Guid(0522de67eea811841970f573138ffde1) Importer(815301076,1909f56bfc062723c751e8b465ee728b)
Number of updated assets reloaded before import = 0
Start importing Assets/Horror_Mansion/Materials/External_Models_Materials/Basement_tile using Guid(0522de67eea811841970f573138ffde1) Importer(815301076,1909f56bfc062723c751e8b465ee728b)  -> (artifact id: '33a905c86358e8981cc82ce7dcfe9c4c') in 0.009333 seconds 
Number of asset objects unloaded after import = 0
========================================================================
Received Import Request.
  Time since last request: 8.105570 seconds.
  path: Assets/Horror_Mansion/Materials/External_Models_Materials/Basement_tile/initialShadingGroup2_albedo.jpg
  artifactKey: Guid(3f41d14ddc3142240a77403f46e11fcd) Importer(815301076,1909f56bfc062723c751e8b465ee728b)
Number of updated assets reloaded before import = 0
Start importing Assets/Horror_Mansion/Materials/External_Models_Materials/Basement_tile/initialShadingGroup2_albedo.jpg using Guid(3f41d14ddc3142240a77403f46e11fcd) Importer(815301076,1909f56bfc062723c751e8b465ee728b)  -> (artifact id: '7ca35e915e8ab38fca1d178d7f2a1c3d') in 0.042920 seconds 
Number of asset objects unloaded after import = 2
========================================================================
Received Import Request.
  Time since last request: 0.000014 seconds.
  path: Assets/Horror_Mansion/Materials/External_Models_Materials/Basement_tile/initialShadingGroup2_roughness.jpg
  artifactKey: Guid(1a1ca7d4207f4aa48a99413d9b01152b) Importer(815301076,1909f56bfc062723c751e8b465ee728b)
Number of updated assets reloaded before import = 0
Start importing Assets/Horror_Mansion/Materials/External_Models_Materials/Basement_tile/initialShadingGroup2_roughness.jpg using Guid(1a1ca7d4207f4aa48a99413d9b01152b) Importer(815301076,1909f56bfc062723c751e8b465ee728b)  -> (artifact id: '9788212f14c29937bb119d2666fb4c94') in 0.036101 seconds 
Number of asset objects unloaded after import = 2
Editor requested this worker to shutdown with reason: Scaling down because of idle timeout
AssetImportWorker is now disconnected from the server
Process exiting
Exiting without the bug reporter. Application will terminate with return code 0