Unity Editor version:    2021.3.39f1 (fb3b7b32f191)
Branch:                  2021.3/staging
Build type:              Release
Batch mode:              YES
macOS version:           Version 15.3.1 (Build 24D70)
Darwin version:          24.3.0
Architecture:            arm64
Running under Rosetta:   NO
Available memory:        16384 MB
Using pre-set license
Pro License: YES

COMMAND LINE ARGUMENTS:
/Applications/Unity/Unity.app/Contents/MacOS/Unity
-adb2
-batchMode
-noUpm
-name
AssetImportWorker7
-projectPath
/Users/manaralsatrawi/GameDev/Blackwoods-Curse/BlackwoodsCurse
-logFile
Logs/AssetImportWorker7.log
-srvPort
49589
Successfully changed project path to: /Users/manaralsatrawi/GameDev/Blackwoods-Curse/BlackwoodsCurse
/Users/manaralsatrawi/GameDev/Blackwoods-Curse/BlackwoodsCurse
[UnityMemory] Configuration Parameters - Can be set up in boot.config
    "memorysetup-bucket-allocator-granularity=16"
    "memorysetup-bucket-allocator-bucket-count=8"
    "memorysetup-bucket-allocator-block-size=33554432"
    "memorysetup-bucket-allocator-block-count=8"
    "memorysetup-main-allocator-block-size=16777216"
    "memorysetup-thread-allocator-block-size=16777216"
    "memorysetup-gfx-main-allocator-block-size=16777216"
    "memorysetup-gfx-thread-allocator-block-size=16777216"
    "memorysetup-cache-allocator-block-size=4194304"
    "memorysetup-typetree-allocator-block-size=2097152"
    "memorysetup-profiler-bucket-allocator-granularity=16"
    "memorysetup-profiler-bucket-allocator-bucket-count=8"
    "memorysetup-profiler-bucket-allocator-block-size=33554432"
    "memorysetup-profiler-bucket-allocator-block-count=8"
    "memorysetup-profiler-allocator-block-size=16777216"
    "memorysetup-profiler-editor-allocator-block-size=1048576"
    "memorysetup-temp-allocator-size-main=16777216"
    "memorysetup-job-temp-allocator-block-size=2097152"
    "memorysetup-job-temp-allocator-block-size-background=1048576"
    "memorysetup-job-temp-allocator-reduction-small-platforms=262144"
    "memorysetup-temp-allocator-size-background-worker=32768"
    "memorysetup-temp-allocator-size-job-worker=262144"
    "memorysetup-temp-allocator-size-preload-manager=33554432"
    "memorysetup-temp-allocator-size-nav-mesh-worker=65536"
    "memorysetup-temp-allocator-size-audio-worker=65536"
    "memorysetup-temp-allocator-size-cloud-worker=32768"
    "memorysetup-temp-allocator-size-gi-baking-worker=262144"
    "memorysetup-temp-allocator-size-gfx=262144"
Player connection [8512391232] Host "[IP] 192.168.100.223 [Port] 0 [Flags] 2 [Guid] 1287730828 [EditorId] 1287730828 [Version] 1048832 [Id] OSXEditor(0,Manars-MacBook-Air.local) [Debug] 1 [PackageName] OSXEditor [ProjectName] Editor" joined multi-casting on [225.0.0.222:54997]...

Player connection [8512391232] Host "[IP] 192.168.100.223 [Port] 0 [Flags] 2 [Guid] 1287730828 [EditorId] 1287730828 [Version] 1048832 [Id] OSXEditor(0,Manars-MacBook-Air.local) [Debug] 1 [PackageName] OSXEditor [ProjectName] Editor" joined alternative multi-casting on [225.0.0.222:34997]...

[Physics::Module] Initialized MultithreadedJobDispatcher with {0} workers.
Refreshing native plugins compatible for Editor in 72.90 ms, found 2 plugins.
Preloading 0 native plugins for Editor in 0.00 ms.
Initialize engine version: 2021.3.39f1 (fb3b7b32f191)
[Subsystems] Discovering subsystems at path /Applications/Unity/Unity.app/Contents/Resources/UnitySubsystems
[Subsystems] Discovering subsystems at path /Users/manaralsatrawi/GameDev/Blackwoods-Curse/BlackwoodsCurse/Assets
GfxDevice: creating device client; threaded=0; jobified=0
 preferred device: Apple M1 (high power)
Metal devices available: 1
0: Apple M1 (high power)
Using device Apple M1 (high power)
Initializing Metal device caps: Apple M1
Initialize mono
Mono path[0] = '/Applications/Unity/Unity.app/Contents/Managed'
Mono path[1] = '/Applications/Unity/Unity.app/Contents/MonoBleedingEdge/lib/mono/unityjit-macos'
Mono config path = '/Applications/Unity/Unity.app/Contents/MonoBleedingEdge/etc'
Using monoOptions --debugger-agent=transport=dt_socket,embedding=1,server=y,suspend=n,address=127.0.0.1:56327
Begin MonoManager ReloadAssembly
Registering precompiled unity dll's ...
Register platform support module: /Applications/Unity/Unity.app/Contents/PlaybackEngines/MacStandaloneSupport/UnityEditor.OSXStandalone.Extensions.dll
Registered in 0.000921 seconds.
Native extension for OSXStandalone target not found
Refreshing native plugins compatible for Editor in 69.99 ms, found 2 plugins.
Preloading 0 native plugins for Editor in 0.00 ms.
Mono: successfully reloaded assembly
- Completed reload, in  0.425 seconds
Domain Reload Profiling:
	ReloadAssembly (425ms)
		BeginReloadAssembly (66ms)
			ExecutionOrderSort (0ms)
			DisableScriptedObjects (0ms)
			BackupInstance (0ms)
			ReleaseScriptingObjects (0ms)
			CreateAndSetChildDomain (0ms)
		EndReloadAssembly (306ms)
			LoadAssemblies (66ms)
			RebuildTransferFunctionScriptingTraits (0ms)
			SetupTypeCache (67ms)
			ReleaseScriptCaches (0ms)
			RebuildScriptCaches (19ms)
			SetupLoadedEditorAssemblies (194ms)
				LogAssemblyErrors (0ms)
				InitializePlatformSupportModulesInManaged (4ms)
				SetLoadedEditorAssemblies (0ms)
				RefreshPlugins (70ms)
				BeforeProcessingInitializeOnLoad (1ms)
				ProcessInitializeOnLoadAttributes (94ms)
				ProcessInitializeOnLoadMethodAttributes (25ms)
				AfterProcessingInitializeOnLoad (0ms)
				EditorAssembliesLoaded (0ms)
			ExecutionOrderSort2 (0ms)
			AwakeInstancesAfterBackupRestoration (0ms)
Platform modules already initialized, skipping
Registering precompiled user dll's ...
Registered in 0.003314 seconds.
Begin MonoManager ReloadAssembly
Symbol file data-0x140008000 doesn't match image /Users/manaralsatrawi/GameDev/Blackwoods-Curse/BlackwoodsCurse/Library/ScriptAssemblies/Assembly-CSharp.dll
Symbol file LoadedFromMemory is not a mono symbol file
Symbol file data-0x3100a8000 doesn't match image /Users/manaralsatrawi/GameDev/Blackwoods-Curse/BlackwoodsCurse/Library/ScriptAssemblies/Unity.VisualScripting.Flow.Editor.dll
Symbol file LoadedFromMemory is not a mono symbol file
Symbol file data-0x12859d800 doesn't match image /Users/manaralsatrawi/GameDev/Blackwoods-Curse/BlackwoodsCurse/Library/ScriptAssemblies/Unity.VSCode.Editor.dll
Symbol file LoadedFromMemory is not a mono symbol file
Symbol file data-0x1285d3800 doesn't match image /Users/manaralsatrawi/GameDev/Blackwoods-Curse/BlackwoodsCurse/Library/ScriptAssemblies/Unity.VisualScripting.Shared.Editor.dll
Symbol file LoadedFromMemory is not a mono symbol file
Symbol file data-0x140e10000 doesn't match image /Users/manaralsatrawi/GameDev/Blackwoods-Curse/BlackwoodsCurse/Library/ScriptAssemblies/Unity.TextMeshPro.Editor.dll
Symbol file LoadedFromMemory is not a mono symbol file
Symbol file data-0x140008000 doesn't match image /Users/manaralsatrawi/GameDev/Blackwoods-Curse/BlackwoodsCurse/Library/ScriptAssemblies/Unity.VisualStudio.Editor.dll
Symbol file LoadedFromMemory is not a mono symbol file
Symbol file data-0x140e88000 doesn't match image /Users/manaralsatrawi/GameDev/Blackwoods-Curse/BlackwoodsCurse/Library/ScriptAssemblies/Unity.Performance.Profile-Analyzer.Editor.dll
Symbol file LoadedFromMemory is not a mono symbol file
Symbol file data-0x30a1cce00 doesn't match image /Users/manaralsatrawi/GameDev/Blackwoods-Curse/BlackwoodsCurse/Library/ScriptAssemblies/Unity.TestTools.CodeCoverage.Editor.OpenCover.Model.dll
Symbol file LoadedFromMemory is not a mono symbol file
Symbol file data-0x30a2a5e00 doesn't match image /Users/manaralsatrawi/GameDev/Blackwoods-Curse/BlackwoodsCurse/Library/ScriptAssemblies/Unity.Settings.Editor.dll
Symbol file LoadedFromMemory is not a mono symbol file
Symbol file data-0x140ea8000 doesn't match image /Users/manaralsatrawi/GameDev/Blackwoods-Curse/BlackwoodsCurse/Library/ScriptAssemblies/Unity.Timeline.Editor.dll
Symbol file LoadedFromMemory is not a mono symbol file
Symbol file data-0x140e10000 doesn't match image /Users/manaralsatrawi/GameDev/Blackwoods-Curse/BlackwoodsCurse/Library/ScriptAssemblies/Unity.Timeline.dll
Symbol file LoadedFromMemory is not a mono symbol file
Symbol file data-0x139778000 doesn't match image /Users/manaralsatrawi/GameDev/Blackwoods-Curse/BlackwoodsCurse/Library/ScriptAssemblies/Unity.VisualScripting.Core.Editor.dll
Symbol file LoadedFromMemory is not a mono symbol file
Symbol file data-0x139830000 doesn't match image /Users/manaralsatrawi/GameDev/Blackwoods-Curse/BlackwoodsCurse/Library/ScriptAssemblies/Unity.TextMeshPro.dll
Symbol file LoadedFromMemory is not a mono symbol file
Symbol file data-0x139658000 doesn't match image /Users/manaralsatrawi/GameDev/Blackwoods-Curse/BlackwoodsCurse/Library/ScriptAssemblies/Unity.VisualScripting.State.Editor.dll
Symbol file LoadedFromMemory is not a mono symbol file
Symbol file data-0x139658000 doesn't match image /Users/manaralsatrawi/GameDev/Blackwoods-Curse/BlackwoodsCurse/Library/ScriptAssemblies/MerryYellow.CodeAssist.Editor.dll
Symbol file LoadedFromMemory is not a mono symbol file
Symbol file data-0x1285d3800 doesn't match image /Users/manaralsatrawi/GameDev/Blackwoods-Curse/BlackwoodsCurse/Library/ScriptAssemblies/Unity.CollabProxy.Editor.dll
Symbol file LoadedFromMemory is not a mono symbol file
Symbol file data-0x12859d800 doesn't match image /Users/manaralsatrawi/GameDev/Blackwoods-Curse/BlackwoodsCurse/Library/ScriptAssemblies/Unity.InputSystem.ForUI.dll
Symbol file LoadedFromMemory is not a mono symbol file
Symbol file data-0x1285a1400 doesn't match image /Users/manaralsatrawi/GameDev/Blackwoods-Curse/BlackwoodsCurse/Library/ScriptAssemblies/Unity.VisualScripting.SettingsProvider.Editor.dll
Symbol file LoadedFromMemory is not a mono symbol file
Symbol file data-0x1285a1400 doesn't match image /Users/manaralsatrawi/GameDev/Blackwoods-Curse/BlackwoodsCurse/Library/ScriptAssemblies/Unity.TestTools.CodeCoverage.Editor.OpenCover.Mono.Reflection.dll
Symbol file LoadedFromMemory is not a mono symbol file
Symbol file data-0x1398b8000 doesn't match image /Users/manaralsatrawi/GameDev/Blackwoods-Curse/BlackwoodsCurse/Library/ScriptAssemblies/Unity.VisualScripting.Flow.dll
Symbol file LoadedFromMemory is not a mono symbol file
Symbol file data-0x140f18000 doesn't match image /Users/manaralsatrawi/GameDev/Blackwoods-Curse/BlackwoodsCurse/Library/ScriptAssemblies/UnityEditor.UI.dll
Symbol file LoadedFromMemory is not a mono symbol file
Symbol file data-0x140358000 doesn't match image /Users/manaralsatrawi/GameDev/Blackwoods-Curse/BlackwoodsCurse/Library/ScriptAssemblies/Unity.InputSystem.dll
Symbol file LoadedFromMemory is not a mono symbol file
Symbol file data-0x140f18000 doesn't match image /Users/manaralsatrawi/GameDev/Blackwoods-Curse/BlackwoodsCurse/Library/ScriptAssemblies/Unity.Rider.Editor.dll
Symbol file LoadedFromMemory is not a mono symbol file
Symbol file data-0x1398e8000 doesn't match image /Users/manaralsatrawi/GameDev/Blackwoods-Curse/BlackwoodsCurse/Library/ScriptAssemblies/Unity.PlasticSCM.Editor.dll
Symbol file LoadedFromMemory is not a mono symbol file
Symbol file data-0x1398d8000 doesn't match image /Users/manaralsatrawi/GameDev/Blackwoods-Curse/BlackwoodsCurse/Library/ScriptAssemblies/Unity.TestTools.CodeCoverage.Editor.dll
Symbol file LoadedFromMemory is not a mono symbol file
Symbol file data-0x140ea8000 doesn't match image /Users/manaralsatrawi/GameDev/Blackwoods-Curse/BlackwoodsCurse/Library/ScriptAssemblies/UnityEngine.UI.dll
Symbol file LoadedFromMemory is not a mono symbol file
Symbol file data-0x30a1cce00 doesn't match image /Users/manaralsatrawi/GameDev/Blackwoods-Curse/BlackwoodsCurse/Library/ScriptAssemblies/Unity.InputSystem.TestFramework.dll
Symbol file LoadedFromMemory is not a mono symbol file
Symbol file data-0x30a0d0c00 doesn't match image /Users/manaralsatrawi/GameDev/Blackwoods-Curse/BlackwoodsCurse/Library/ScriptAssemblies/Unity.VisualScripting.State.dll
Symbol file LoadedFromMemory is not a mono symbol file
Symbol file data-0x140468000 doesn't match image /Users/manaralsatrawi/GameDev/Blackwoods-Curse/BlackwoodsCurse/Library/ScriptAssemblies/Unity.VisualScripting.Core.dll
Symbol file LoadedFromMemory is not a mono symbol file
Symbol file data-0x30a1c3e00 doesn't match image /Users/manaralsatrawi/GameDev/Blackwoods-Curse/BlackwoodsCurse/Library/ScriptAssemblies/Unity.EditorCoroutines.Editor.dll
Symbol file LoadedFromMemory is not a mono symbol file
Native extension for OSXStandalone target not found
Refreshing native plugins compatible for Editor in 69.86 ms, found 2 plugins.
Preloading 0 native plugins for Editor in 0.00 ms.
Package Manager log level set to [2]
[Package Manager] Server::EnsureServerProcessIsRunning -- launch failed, reason: Unity was launched with the -noUpm command-line argument
[Package Manager] Cannot connect to Unity Package Manager local server
Mono: successfully reloaded assembly
- Completed reload, in  0.768 seconds
Domain Reload Profiling:
	ReloadAssembly (768ms)
		BeginReloadAssembly (67ms)
			ExecutionOrderSort (0ms)
			DisableScriptedObjects (4ms)
			BackupInstance (0ms)
			ReleaseScriptingObjects (0ms)
			CreateAndSetChildDomain (15ms)
		EndReloadAssembly (636ms)
			LoadAssemblies (57ms)
			RebuildTransferFunctionScriptingTraits (0ms)
			SetupTypeCache (184ms)
			ReleaseScriptCaches (0ms)
			RebuildScriptCaches (34ms)
			SetupLoadedEditorAssemblies (344ms)
				LogAssemblyErrors (0ms)
				InitializePlatformSupportModulesInManaged (2ms)
				SetLoadedEditorAssemblies (0ms)
				RefreshPlugins (70ms)
				BeforeProcessingInitializeOnLoad (52ms)
				ProcessInitializeOnLoadAttributes (210ms)
				ProcessInitializeOnLoadMethodAttributes (9ms)
				AfterProcessingInitializeOnLoad (1ms)
				EditorAssembliesLoaded (0ms)
			ExecutionOrderSort2 (0ms)
			AwakeInstancesAfterBackupRestoration (2ms)
Platform modules already initialized, skipping
========================================================================
Worker process is ready to serve import requests
Launching external process: /Applications/Unity/Unity.app/Contents/Tools/UnityShaderCompiler
Launched and connected shader compiler UnityShaderCompiler after 0.03 seconds
Refreshing native plugins compatible for Editor in 0.50 ms, found 2 plugins.
Preloading 0 native plugins for Editor in 0.00 ms.
Unloading 3516 Unused Serialized files (Serialized files now loaded: 0)
Unloading 41 unused Assets / (40.9 KB). Loaded Objects now: 3988.
Memory consumption went from 208.2 MB to 208.2 MB.
Total: 2.375333 ms (FindLiveObjects: 0.155041 ms CreateObjectMapping: 0.042917 ms MarkObjects: 2.114833 ms  DeleteObjects: 0.061791 ms)

AssetImportParameters requested are different than current active one (requested -> active):
  custom:video-decoder-ogg-theora: a1e56fd34408186e4bbccfd4996cb3dc -> 
  custom:container-muxer-webm: aa71ff27fc2769a1b78a27578f13a17b -> 
  custom:container-demuxer-webm: 4f35f7cbe854078d1ac9338744f61a02 -> 
  custom:video-encoder-webm-vp8: eb34c28f22e8b96e1ab97ce403110664 -> 
  custom:framework-osx-AVFoundation: e770b220cccbd017edd2c1fefb359320 -> 
  custom:CustomObjectIndexerAttribute: bc11b3a6c3213fcdd17b65e7da85e133 -> 
  custom:audio-encoder-webm-vorbis: bf7c407c2cedff20999df2af8eb42d56 -> 
  custom:SearchIndexIgnoredProperties: e643bd26f0fe6173181afceb89e7c659 -> 
  custom:container-demuxer-ogg: 62fdf1f143b41e24485cea50d1cbac27 -> 
  custom:video-decoder-webm-vp8: 9c59270c3fd7afecdb556c50c9e8de78 -> 
  custom:audio-decoder-ogg-vorbis: bf7c407c2cedff20999df2af8eb42d56 -> 
========================================================================
Received Import Request.
  Time since last request: 228761.519645 seconds.
  path: Assets/Horror_Mansion/Materials/External_Models_Materials/TV_Table/DefaultMaterial_normal.png
  artifactKey: Guid(c33e1f9bc1454484ba8cf37b01367a6f) Importer(815301076,1909f56bfc062723c751e8b465ee728b)
Number of updated assets reloaded before import = 0
Start importing Assets/Horror_Mansion/Materials/External_Models_Materials/TV_Table/DefaultMaterial_normal.png using Guid(c33e1f9bc1454484ba8cf37b01367a6f) Importer(815301076,1909f56bfc062723c751e8b465ee728b)  -> (artifact id: 'ca54efd111b38ccbba7843600fbb1274') in 1.066545 seconds 
Number of asset objects unloaded after import = 2
========================================================================
Received Import Request.
  Time since last request: 0.000870 seconds.
  path: Assets/Horror_Mansion/Materials/External_Models_Materials/Piano/piano_basecolor.png
  artifactKey: Guid(c4d0e68b2fb6e4b44a9f2aaabda1bc45) Importer(815301076,1909f56bfc062723c751e8b465ee728b)
Number of updated assets reloaded before import = 0
Start importing Assets/Horror_Mansion/Materials/External_Models_Materials/Piano/piano_basecolor.png using Guid(c4d0e68b2fb6e4b44a9f2aaabda1bc45) Importer(815301076,1909f56bfc062723c751e8b465ee728b)  -> (artifact id: '081cec13083851e54d6e3094d8c7ff02') in 0.029926 seconds 
Number of asset objects unloaded after import = 2
========================================================================
Received Import Request.
  Time since last request: 0.000574 seconds.
  path: Assets/Horror_Mansion/Textures/Vegetation/Noise.tga
  artifactKey: Guid(26e819997ca443c449ab615eff7fae83) Importer(815301076,1909f56bfc062723c751e8b465ee728b)
Number of updated assets reloaded before import = 0
Start importing Assets/Horror_Mansion/Textures/Vegetation/Noise.tga using Guid(26e819997ca443c449ab615eff7fae83) Importer(815301076,1909f56bfc062723c751e8b465ee728b)  -> (artifact id: '42feab515466bf672b358b4d80211896') in 0.103734 seconds 
Number of asset objects unloaded after import = 2
========================================================================
Received Import Request.
  Time since last request: 0.000039 seconds.
  path: Assets/Horror_Mansion/Materials/Environment/Lamp_No_Emissive.mat
  artifactKey: Guid(c2d1ae6668f1de949b68057368dc463f) Importer(815301076,1909f56bfc062723c751e8b465ee728b)
Number of updated assets reloaded before import = 0
Start importing Assets/Horror_Mansion/Materials/Environment/Lamp_No_Emissive.mat using Guid(c2d1ae6668f1de949b68057368dc463f) Importer(815301076,1909f56bfc062723c751e8b465ee728b)  -> (artifact id: '7556778a976c337c4aeb139157f92351') in 0.121460 seconds 
Number of asset objects unloaded after import = 6
========================================================================
Received Import Request.
  Time since last request: 44.970984 seconds.
  path: Assets/Horror_Mansion/Models/House/Wall_Secret_Passage.fbx
  artifactKey: Guid(b550326f020336e45bffe0b729c130cc) Importer(815301076,1909f56bfc062723c751e8b465ee728b)
Number of updated assets reloaded before import = 0
Start importing Assets/Horror_Mansion/Models/House/Wall_Secret_Passage.fbx using Guid(b550326f020336e45bffe0b729c130cc) Importer(815301076,1909f56bfc062723c751e8b465ee728b)  -> (artifact id: '8f83e7ca1cdcf606f245d15c781f3f69') in 0.332712 seconds 
Number of asset objects unloaded after import = 50
========================================================================
Received Import Request.
  Time since last request: 2.590026 seconds.
  path: Assets/Horror_Mansion/Prefabs/Props/Books_10.prefab
  artifactKey: Guid(9199a1c0d30a6674a814bc3d34970dca) Importer(815301076,1909f56bfc062723c751e8b465ee728b)
Number of updated assets reloaded before import = 0
Start importing Assets/Horror_Mansion/Prefabs/Props/Books_10.prefab using Guid(9199a1c0d30a6674a814bc3d34970dca) Importer(815301076,1909f56bfc062723c751e8b465ee728b)  -> (artifact id: 'd85ab7328af6ec464a03dbbc564b466a') in 0.096511 seconds 
Number of asset objects unloaded after import = 14
========================================================================
Received Import Request.
  Time since last request: 0.006533 seconds.
  path: Assets/Horror_Mansion/Textures/Props/Books/Books_A.tga
  artifactKey: Guid(ae33baae6f7e5534ca475622f67659a1) Importer(815301076,1909f56bfc062723c751e8b465ee728b)
Number of updated assets reloaded before import = 0
Start importing Assets/Horror_Mansion/Textures/Props/Books/Books_A.tga using Guid(ae33baae6f7e5534ca475622f67659a1) Importer(815301076,1909f56bfc062723c751e8b465ee728b)  -> (artifact id: '637d3cb88f4dfcc2bf9ab041f76c29b8') in 0.012322 seconds 
Number of asset objects unloaded after import = 2
========================================================================
Received Import Request.
  Time since last request: 0.001382 seconds.
  path: Assets/Horror_Mansion/Textures/Props/Books/Books_MS.tga
  artifactKey: Guid(b857c56683d4fec42a9b9f4710870b9e) Importer(815301076,1909f56bfc062723c751e8b465ee728b)
Number of updated assets reloaded before import = 0
Start importing Assets/Horror_Mansion/Textures/Props/Books/Books_MS.tga using Guid(b857c56683d4fec42a9b9f4710870b9e) Importer(815301076,1909f56bfc062723c751e8b465ee728b)  -> (artifact id: '79d99c34d89991b5e07b8d89be769bfd') in 0.014020 seconds 
Number of asset objects unloaded after import = 2
========================================================================
Received Import Request.
  Time since last request: 0.000205 seconds.
  path: Assets/Horror_Mansion/Textures/Props/Books/Books_AO.tga
  artifactKey: Guid(1d477805a782bb944ab71f2ee4d0270a) Importer(815301076,1909f56bfc062723c751e8b465ee728b)
Number of updated assets reloaded before import = 0
Start importing Assets/Horror_Mansion/Textures/Props/Books/Books_AO.tga using Guid(1d477805a782bb944ab71f2ee4d0270a) Importer(815301076,1909f56bfc062723c751e8b465ee728b)  -> (artifact id: 'cb2b715549ad7f1c8d246afefd549429') in 0.016377 seconds 
Number of asset objects unloaded after import = 2
========================================================================
Received Import Request.
  Time since last request: 0.000614 seconds.
  path: Assets/Horror_Mansion/Prefabs/Props/Books_Pack_03.prefab
  artifactKey: Guid(4fc1317f737de09449ca48fc243297b7) Importer(815301076,1909f56bfc062723c751e8b465ee728b)
Number of updated assets reloaded before import = 0
Start importing Assets/Horror_Mansion/Prefabs/Props/Books_Pack_03.prefab using Guid(4fc1317f737de09449ca48fc243297b7) Importer(815301076,1909f56bfc062723c751e8b465ee728b)  -> (artifact id: 'e25e124764e4233830cace49ba2b32db') in 0.021191 seconds 
Number of asset objects unloaded after import = 26
========================================================================
Received Import Request.
  Time since last request: 0.002246 seconds.
  path: Assets/Horror_Mansion/Models/Props/Books_Pack_04.fbx
  artifactKey: Guid(4853bcc81e509ca45aef11f4a7d73118) Importer(815301076,1909f56bfc062723c751e8b465ee728b)
Number of updated assets reloaded before import = 0
Start importing Assets/Horror_Mansion/Models/Props/Books_Pack_04.fbx using Guid(4853bcc81e509ca45aef11f4a7d73118) Importer(815301076,1909f56bfc062723c751e8b465ee728b)  -> (artifact id: 'c1784c971899827281e88405f005e6b6') in 0.075645 seconds 
Number of asset objects unloaded after import = 25
========================================================================
Received Import Request.
  Time since last request: 39.586296 seconds.
  path: Assets/Horror_Mansion/Models/Props/Broken_Plate_02.fbx
  artifactKey: Guid(61273fcb1c974d744ae691e664c09c06) Importer(815301076,1909f56bfc062723c751e8b465ee728b)
Number of updated assets reloaded before import = 0
Start importing Assets/Horror_Mansion/Models/Props/Broken_Plate_02.fbx using Guid(61273fcb1c974d744ae691e664c09c06) Importer(815301076,1909f56bfc062723c751e8b465ee728b)  -> (artifact id: '66603082054df3206e288dc93e05fde9') in 0.053504 seconds 
Number of asset objects unloaded after import = 20
========================================================================
Received Import Request.
  Time since last request: 0.001079 seconds.
  path: Assets/Horror_Mansion/Models/Characters/Player/Walking_ch.fbx
  artifactKey: Guid(4a56e0a643c19114a839d9dd8653021f) Importer(815301076,1909f56bfc062723c751e8b465ee728b)
Number of updated assets reloaded before import = 0
Start importing Assets/Horror_Mansion/Models/Characters/Player/Walking_ch.fbx using Guid(4a56e0a643c19114a839d9dd8653021f) Importer(815301076,1909f56bfc062723c751e8b465ee728b)  -> (artifact id: '3f4586c787cc0fd071574d2880983fe8') in 0.968969 seconds 
Number of asset objects unloaded after import = 168
========================================================================
Received Import Request.
  Time since last request: 7.797265 seconds.
  path: Assets/Horror_Mansion/Materials/House/Basement_Wall.mat
  artifactKey: Guid(05359725891a5b74faa1f8d66fa0bed7) Importer(815301076,1909f56bfc062723c751e8b465ee728b)
Number of updated assets reloaded before import = 0
Start importing Assets/Horror_Mansion/Materials/House/Basement_Wall.mat using Guid(05359725891a5b74faa1f8d66fa0bed7) Importer(815301076,1909f56bfc062723c751e8b465ee728b)  -> (artifact id: 'dbc305899fcefc23a5ed2c9881579813') in 0.033719 seconds 
Number of asset objects unloaded after import = 5
========================================================================
Received Import Request.
  Time since last request: 0.000122 seconds.
  path: Assets/Horror_Mansion/Textures/House/Basement_Wall/Basement_Wall_AO.tga
  artifactKey: Guid(e23de5473fbdb434ca78360adb59ee23) Importer(815301076,1909f56bfc062723c751e8b465ee728b)
Number of updated assets reloaded before import = 0
Start importing Assets/Horror_Mansion/Textures/House/Basement_Wall/Basement_Wall_AO.tga using Guid(e23de5473fbdb434ca78360adb59ee23) Importer(815301076,1909f56bfc062723c751e8b465ee728b)  -> (artifact id: '4b2a51ac3d136e53fbc8fc61eee1e672') in 0.009848 seconds 
Number of asset objects unloaded after import = 2
========================================================================
Received Import Request.
  Time since last request: 0.000084 seconds.
  path: Assets/Horror_Mansion/Textures/House/Basement_Wall/Basement_Wall_A.tga
  artifactKey: Guid(f24dc90f9d3c48543be68ec4cdb4b0c2) Importer(815301076,1909f56bfc062723c751e8b465ee728b)
Number of updated assets reloaded before import = 0
Start importing Assets/Horror_Mansion/Textures/House/Basement_Wall/Basement_Wall_A.tga using Guid(f24dc90f9d3c48543be68ec4cdb4b0c2) Importer(815301076,1909f56bfc062723c751e8b465ee728b)  -> (artifact id: 'b82ccc3d8f0aeb9fd00ad276d0e1d4ab') in 0.014692 seconds 
Number of asset objects unloaded after import = 2
========================================================================
Received Import Request.
  Time since last request: 0.001099 seconds.
  path: Assets/Horror_Mansion/Models/House/Basement_Wall_4m_01.fbx
  artifactKey: Guid(19da04c4c66c1ae43a0b3a6c40d7744e) Importer(815301076,1909f56bfc062723c751e8b465ee728b)
Number of updated assets reloaded before import = 0
Start importing Assets/Horror_Mansion/Models/House/Basement_Wall_4m_01.fbx using Guid(19da04c4c66c1ae43a0b3a6c40d7744e) Importer(815301076,1909f56bfc062723c751e8b465ee728b)  -> (artifact id: '77c5d2716284e30e686a2f27a85717a8') in 0.027389 seconds 
Number of asset objects unloaded after import = 12
Editor requested this worker to shutdown with reason: Scaling down because of idle timeout
AssetImportWorker is now disconnected from the server
Process exiting
