Using pre-set license
Built from '2021.3/staging' branch; Version is '2021.3.39f1 (fb3b7b32f191) revision 16464763'; Using compiler version '192829333'; Build Type 'Release'
OS: 'Windows 11  (10.0.26100) 64bit Professional' Language: 'en' Physical Memory: 32603 MB
BatchMode: 1, IsHumanControllingUs: 0, StartBugReporterOnCrash: 0, Is64bit: 1, IsPro: 1

COMMAND LINE ARGUMENTS:
C:\Program Files\Unity\Hub\Editor\2021.3.39f1\Editor\Unity.exe
-adb2
-batchMode
-noUpm
-name
AssetImportWorker12
-projectPath
C:/Github/Blackwoods-Curse/BlackwoodsCurse
-logFile
Logs/AssetImportWorker12.log
-srvPort
57426
Successfully changed project path to: C:/Github/Blackwoods-Curse/BlackwoodsCurse
C:/Github/Blackwoods-Curse/BlackwoodsCurse
[UnityMemory] Configuration Parameters - Can be set up in boot.config
    "memorysetup-bucket-allocator-granularity=16"
    "memorysetup-bucket-allocator-bucket-count=8"
    "memorysetup-bucket-allocator-block-size=33554432"
    "memorysetup-bucket-allocator-block-count=8"
    "memorysetup-main-allocator-block-size=16777216"
    "memorysetup-thread-allocator-block-size=16777216"
    "memorysetup-gfx-main-allocator-block-size=16777216"
    "memorysetup-gfx-thread-allocator-block-size=16777216"
    "memorysetup-cache-allocator-block-size=4194304"
    "memorysetup-typetree-allocator-block-size=2097152"
    "memorysetup-profiler-bucket-allocator-granularity=16"
    "memorysetup-profiler-bucket-allocator-bucket-count=8"
    "memorysetup-profiler-bucket-allocator-block-size=33554432"
    "memorysetup-profiler-bucket-allocator-block-count=8"
    "memorysetup-profiler-allocator-block-size=16777216"
    "memorysetup-profiler-editor-allocator-block-size=1048576"
    "memorysetup-temp-allocator-size-main=16777216"
    "memorysetup-job-temp-allocator-block-size=2097152"
    "memorysetup-job-temp-allocator-block-size-background=1048576"
    "memorysetup-job-temp-allocator-reduction-small-platforms=262144"
    "memorysetup-temp-allocator-size-background-worker=32768"
    "memorysetup-temp-allocator-size-job-worker=262144"
    "memorysetup-temp-allocator-size-preload-manager=33554432"
    "memorysetup-temp-allocator-size-nav-mesh-worker=65536"
    "memorysetup-temp-allocator-size-audio-worker=65536"
    "memorysetup-temp-allocator-size-cloud-worker=32768"
    "memorysetup-temp-allocator-size-gi-baking-worker=262144"
    "memorysetup-temp-allocator-size-gfx=262144"
Player connection [32076] Host "[IP] 192.168.52.1 [Port] 0 [Flags] 2 [Guid] 604126945 [EditorId] 604126945 [Version] 1048832 [Id] WindowsEditor(7,MAYAR-DESKTOP) [Debug] 1 [PackageName] WindowsEditor [ProjectName] Editor" joined multi-casting on [225.0.0.222:54997]...

Player connection [32076] Host "[IP] 192.168.52.1 [Port] 0 [Flags] 2 [Guid] 604126945 [EditorId] 604126945 [Version] 1048832 [Id] WindowsEditor(7,MAYAR-DESKTOP) [Debug] 1 [PackageName] WindowsEditor [ProjectName] Editor" joined alternative multi-casting on [225.0.0.222:34997]...

[Physics::Module] Initialized MultithreadedJobDispatcher with {0} workers.
Refreshing native plugins compatible for Editor in 48.32 ms, found 3 plugins.
Preloading 0 native plugins for Editor in 0.00 ms.
Initialize engine version: 2021.3.39f1 (fb3b7b32f191)
[Subsystems] Discovering subsystems at path C:/Program Files/Unity/Hub/Editor/2021.3.39f1/Editor/Data/Resources/UnitySubsystems
[Subsystems] Discovering subsystems at path C:/Github/Blackwoods-Curse/BlackwoodsCurse/Assets
GfxDevice: creating device client; threaded=0; jobified=0
Direct3D:
    Version:  Direct3D 11.0 [level 11.1]
    Renderer: NVIDIA GeForce RTX 3060 (ID=0x2504)
    Vendor:   NVIDIA
    VRAM:     12115 MB
    Driver:   32.0.15.6094
Initialize mono
Mono path[0] = 'C:/Program Files/Unity/Hub/Editor/2021.3.39f1/Editor/Data/Managed'
Mono path[1] = 'C:/Program Files/Unity/Hub/Editor/2021.3.39f1/Editor/Data/MonoBleedingEdge/lib/mono/unityjit-win32'
Mono config path = 'C:/Program Files/Unity/Hub/Editor/2021.3.39f1/Editor/Data/MonoBleedingEdge/etc'
Using monoOptions --debugger-agent=transport=dt_socket,embedding=1,server=y,suspend=n,address=127.0.0.1:56744
Begin MonoManager ReloadAssembly
Registering precompiled unity dll's ...
Register platform support module: C:/Program Files/Unity/Hub/Editor/2021.3.39f1/Editor/Data/PlaybackEngines/WindowsStandaloneSupport/UnityEditor.WindowsStandalone.Extensions.dll
Registered in 0.002412 seconds.
Native extension for WindowsStandalone target not found
Refreshing native plugins compatible for Editor in 48.37 ms, found 3 plugins.
Preloading 0 native plugins for Editor in 0.00 ms.
Mono: successfully reloaded assembly
- Completed reload, in  0.334 seconds
Domain Reload Profiling:
	ReloadAssembly (334ms)
		BeginReloadAssembly (52ms)
			ExecutionOrderSort (0ms)
			DisableScriptedObjects (0ms)
			BackupInstance (0ms)
			ReleaseScriptingObjects (0ms)
			CreateAndSetChildDomain (0ms)
		EndReloadAssembly (234ms)
			LoadAssemblies (50ms)
			RebuildTransferFunctionScriptingTraits (0ms)
			SetupTypeCache (53ms)
			ReleaseScriptCaches (0ms)
			RebuildScriptCaches (14ms)
			SetupLoadedEditorAssemblies (145ms)
				LogAssemblyErrors (0ms)
				InitializePlatformSupportModulesInManaged (4ms)
				SetLoadedEditorAssemblies (0ms)
				RefreshPlugins (48ms)
				BeforeProcessingInitializeOnLoad (1ms)
				ProcessInitializeOnLoadAttributes (68ms)
				ProcessInitializeOnLoadMethodAttributes (24ms)
				AfterProcessingInitializeOnLoad (0ms)
				EditorAssembliesLoaded (0ms)
			ExecutionOrderSort2 (0ms)
			AwakeInstancesAfterBackupRestoration (0ms)
Platform modules already initialized, skipping
Registering precompiled user dll's ...
Registered in 0.004936 seconds.
Begin MonoManager ReloadAssembly
Native extension for WindowsStandalone target not found
Refreshing native plugins compatible for Editor in 47.83 ms, found 3 plugins.
Preloading 0 native plugins for Editor in 0.00 ms.
Package Manager log level set to [2]
[Package Manager] Server::EnsureServerProcessIsRunning -- launch failed, reason: Unity was launched with the -noUpm command-line argument
[Package Manager] Cannot connect to Unity Package Manager local server
Mono: successfully reloaded assembly
- Completed reload, in  1.033 seconds
Domain Reload Profiling:
	ReloadAssembly (1034ms)
		BeginReloadAssembly (68ms)
			ExecutionOrderSort (0ms)
			DisableScriptedObjects (3ms)
			BackupInstance (0ms)
			ReleaseScriptingObjects (0ms)
			CreateAndSetChildDomain (11ms)
		EndReloadAssembly (909ms)
			LoadAssemblies (59ms)
			RebuildTransferFunctionScriptingTraits (0ms)
			SetupTypeCache (174ms)
			ReleaseScriptCaches (0ms)
			RebuildScriptCaches (28ms)
			SetupLoadedEditorAssemblies (639ms)
				LogAssemblyErrors (0ms)
				InitializePlatformSupportModulesInManaged (2ms)
				SetLoadedEditorAssemblies (0ms)
				RefreshPlugins (48ms)
				BeforeProcessingInitializeOnLoad (54ms)
				ProcessInitializeOnLoadAttributes (499ms)
				ProcessInitializeOnLoadMethodAttributes (31ms)
				AfterProcessingInitializeOnLoad (3ms)
				EditorAssembliesLoaded (0ms)
			ExecutionOrderSort2 (0ms)
			AwakeInstancesAfterBackupRestoration (4ms)
Platform modules already initialized, skipping
========================================================================
Worker process is ready to serve import requests
Launched and connected shader compiler UnityShaderCompiler.exe after 0.03 seconds
Refreshing native plugins compatible for Editor in 0.60 ms, found 3 plugins.
Preloading 0 native plugins for Editor in 0.00 ms.
Unloading 4477 Unused Serialized files (Serialized files now loaded: 0)
Unloading 43 unused Assets / (334.5 KB). Loaded Objects now: 4953.
Memory consumption went from 243.1 MB to 242.8 MB.
Total: 1.957500 ms (FindLiveObjects: 0.178500 ms CreateObjectMapping: 0.045300 ms MarkObjects: 1.647200 ms  DeleteObjects: 0.086000 ms)

AssetImportParameters requested are different than current active one (requested -> active):
  custom:video-decoder-ogg-theora: a1e56fd34408186e4bbccfd4996cb3dc -> 
  custom:container-muxer-webm: aa71ff27fc2769a1b78a27578f13a17b -> 
  custom:container-demuxer-webm: 4f35f7cbe854078d1ac9338744f61a02 -> 
  custom:video-encoder-webm-vp8: eb34c28f22e8b96e1ab97ce403110664 -> 
  custom:video-codec-MediaFoundation-h265: 746d11721c4dcdbdad8f713fa42b33f4 -> 
  custom:CustomObjectIndexerAttribute: bc11b3a6c3213fcdd17b65e7da85e133 -> 
  custom:audio-encoder-webm-vorbis: bf7c407c2cedff20999df2af8eb42d56 -> 
  custom:framework-win-MediaFoundation: 216162199b28c13a410421893ffa2e32 -> 
  custom:SearchIndexIgnoredProperties: e643bd26f0fe6173181afceb89e7c659 -> 
  custom:container-demuxer-ogg: 62fdf1f143b41e24485cea50d1cbac27 -> 
  custom:video-decoder-webm-vp8: 9c59270c3fd7afecdb556c50c9e8de78 -> 
  custom:audio-decoder-ogg-vorbis: bf7c407c2cedff20999df2af8eb42d56 -> 
========================================================================
Received Import Request.
  Time since last request: 185551.438546 seconds.
  path: Assets/GPVFX_POTIONS PACK/3D/POTIONS 3D_Materials/3d Potion A_Fill.mat
  artifactKey: Guid(c5d81214b2af0493082fef7a9ef0dca2) Importer(815301076,1909f56bfc062723c751e8b465ee728b)
Number of updated assets reloaded before import = 0
Start importing Assets/GPVFX_POTIONS PACK/3D/POTIONS 3D_Materials/3d Potion A_Fill.mat using Guid(c5d81214b2af0493082fef7a9ef0dca2) Importer(815301076,1909f56bfc062723c751e8b465ee728b)  -> (artifact id: '9c9b053030e29e44000c49c89c3530cf') in 0.146372 seconds 
Number of asset objects unloaded after import = 2
========================================================================
Received Import Request.
  Time since last request: 16.086506 seconds.
  path: Assets/GPVFX_POTIONS PACK/3D/POTIONS 3D_Materials/potion_m2.mat
  artifactKey: Guid(f06e6e28c46ad3e42b44ed272bd83452) Importer(815301076,1909f56bfc062723c751e8b465ee728b)
Number of updated assets reloaded before import = 0
Start importing Assets/GPVFX_POTIONS PACK/3D/POTIONS 3D_Materials/potion_m2.mat using Guid(f06e6e28c46ad3e42b44ed272bd83452) Importer(815301076,1909f56bfc062723c751e8b465ee728b)  -> (artifact id: '62c9c35036ad50823a422b6e8a3b6d8e') in 0.012220 seconds 
Number of asset objects unloaded after import = 2
========================================================================
Received Import Request.
  Time since last request: 201.110207 seconds.
  path: Assets/Horror_Mansion/Models/Furniture/Armchair_Broken.fbx
  artifactKey: Guid(5117e8d03c220a44c80b4d9e633201fb) Importer(815301076,1909f56bfc062723c751e8b465ee728b)
Number of updated assets reloaded before import = 0
Start importing Assets/Horror_Mansion/Models/Furniture/Armchair_Broken.fbx using Guid(5117e8d03c220a44c80b4d9e633201fb) Importer(815301076,1909f56bfc062723c751e8b465ee728b)  -> (artifact id: '1e84fbdd0430f22e6ea4aded7b2ac4a3') in 0.069814 seconds 
Number of asset objects unloaded after import = 30
========================================================================
Received Import Request.
  Time since last request: 0.000014 seconds.
  path: Assets/Horror_Mansion/Models/Furniture/Table_Console.fbx
  artifactKey: Guid(61324ae5ce99d324db10b65b440d77a5) Importer(815301076,1909f56bfc062723c751e8b465ee728b)
Number of updated assets reloaded before import = 0
Start importing Assets/Horror_Mansion/Models/Furniture/Table_Console.fbx using Guid(61324ae5ce99d324db10b65b440d77a5) Importer(815301076,1909f56bfc062723c751e8b465ee728b)  -> (artifact id: '974c683d643ae6a3038689a173f98823') in 0.041612 seconds 
Number of asset objects unloaded after import = 45
========================================================================
Received Import Request.
  Time since last request: 0.000014 seconds.
  path: Assets/Horror_Mansion/Models/Furniture/Fabric_Sofa.fbx
  artifactKey: Guid(0d8b5280092727442add3f802c0b6a88) Importer(815301076,1909f56bfc062723c751e8b465ee728b)
Number of updated assets reloaded before import = 0
Start importing Assets/Horror_Mansion/Models/Furniture/Fabric_Sofa.fbx using Guid(0d8b5280092727442add3f802c0b6a88) Importer(815301076,1909f56bfc062723c751e8b465ee728b)  -> (artifact id: 'a3d52a0fa020df17bc80db2c7a779e6a') in 0.033013 seconds 
Number of asset objects unloaded after import = 24
========================================================================
Received Import Request.
  Time since last request: 0.000012 seconds.
  path: Assets/Horror_Mansion/Models/Furniture/Bookcase_01.fbx
  artifactKey: Guid(34afe860c925aaf4cb3c95f35b1ab7ef) Importer(815301076,1909f56bfc062723c751e8b465ee728b)
Number of updated assets reloaded before import = 0
Start importing Assets/Horror_Mansion/Models/Furniture/Bookcase_01.fbx using Guid(34afe860c925aaf4cb3c95f35b1ab7ef) Importer(815301076,1909f56bfc062723c751e8b465ee728b)  -> (artifact id: 'bc9fe6afe592c2e9797ba17538dd6cb9') in 0.030639 seconds 
Number of asset objects unloaded after import = 25
========================================================================
Received Import Request.
  Time since last request: 0.000015 seconds.
  path: Assets/Horror_Mansion/Models/Furniture/Bookcase_02.fbx
  artifactKey: Guid(ce92ab51ee25cb6448276a7704e179dd) Importer(815301076,1909f56bfc062723c751e8b465ee728b)
Number of updated assets reloaded before import = 0
Start importing Assets/Horror_Mansion/Models/Furniture/Bookcase_02.fbx using Guid(ce92ab51ee25cb6448276a7704e179dd) Importer(815301076,1909f56bfc062723c751e8b465ee728b)  -> (artifact id: 'c834d4a54724dcd803beaf2649867c3a') in 0.031462 seconds 
Number of asset objects unloaded after import = 25
========================================================================
Received Import Request.
  Time since last request: 0.000016 seconds.
  path: Assets/Horror_Mansion/Models/Furniture/Sofa_Leather.fbx
  artifactKey: Guid(a73641ad583337a4fb5baa3aa1afa3e6) Importer(815301076,1909f56bfc062723c751e8b465ee728b)
Number of updated assets reloaded before import = 0
Start importing Assets/Horror_Mansion/Models/Furniture/Sofa_Leather.fbx using Guid(a73641ad583337a4fb5baa3aa1afa3e6) Importer(815301076,1909f56bfc062723c751e8b465ee728b)  -> (artifact id: '62598723281e836ec171d460fc44e9ee') in 0.031442 seconds 
Number of asset objects unloaded after import = 30
========================================================================
Received Import Request.
  Time since last request: 0.000019 seconds.
  path: Assets/Horror_Mansion/Models/Furniture/Mini_Table.fbx
  artifactKey: Guid(4ccd723cc4f9e8f4095c5bf4ce8defe9) Importer(815301076,1909f56bfc062723c751e8b465ee728b)
Number of updated assets reloaded before import = 0
Start importing Assets/Horror_Mansion/Models/Furniture/Mini_Table.fbx using Guid(4ccd723cc4f9e8f4095c5bf4ce8defe9) Importer(815301076,1909f56bfc062723c751e8b465ee728b)  -> (artifact id: '5e05c034a448bd6de678abaa0819cb08') in 0.026701 seconds 
Number of asset objects unloaded after import = 25
========================================================================
Received Import Request.
  Time since last request: 0.000013 seconds.
  path: Assets/Horror_Mansion/Models/Furniture/Coffee_Table.fbx
  artifactKey: Guid(ed42499daa1982748af183e9fcc3c17e) Importer(815301076,1909f56bfc062723c751e8b465ee728b)
Number of updated assets reloaded before import = 0
Start importing Assets/Horror_Mansion/Models/Furniture/Coffee_Table.fbx using Guid(ed42499daa1982748af183e9fcc3c17e) Importer(815301076,1909f56bfc062723c751e8b465ee728b)  -> (artifact id: 'a1631867a66fd8e165a9b1180febf357') in 0.028251 seconds 
Number of asset objects unloaded after import = 25
========================================================================
Received Import Request.
  Time since last request: 0.000015 seconds.
  path: Assets/Horror_Mansion/Models/Furniture/Fabric_Wardrobe_01.fbx
  artifactKey: Guid(1b81298c54e6a474bb0def74011b3d24) Importer(815301076,1909f56bfc062723c751e8b465ee728b)
Number of updated assets reloaded before import = 0
Start importing Assets/Horror_Mansion/Models/Furniture/Fabric_Wardrobe_01.fbx using Guid(1b81298c54e6a474bb0def74011b3d24) Importer(815301076,1909f56bfc062723c751e8b465ee728b)  -> (artifact id: 'cc75961f6112b9da9b4ed401c8e5ad27') in 0.031040 seconds 
Number of asset objects unloaded after import = 24
========================================================================
Received Import Request.
  Time since last request: 0.000014 seconds.
  path: Assets/Horror_Mansion/Models/Furniture/Dresser_02.fbx
  artifactKey: Guid(869bf5b214972924297b38b6058a970b) Importer(815301076,1909f56bfc062723c751e8b465ee728b)
Number of updated assets reloaded before import = 0
Start importing Assets/Horror_Mansion/Models/Furniture/Dresser_02.fbx using Guid(869bf5b214972924297b38b6058a970b) Importer(815301076,1909f56bfc062723c751e8b465ee728b)  -> (artifact id: 'fd37f4941b3091425d6db8f1d42e335c') in 0.038521 seconds 
Number of asset objects unloaded after import = 25
========================================================================
Received Import Request.
  Time since last request: 0.000018 seconds.
  path: Assets/Horror_Mansion/Models/Furniture/Wardrobe_01.fbx
  artifactKey: Guid(fd2f0a06278b2dc49976a0471eb800c2) Importer(815301076,1909f56bfc062723c751e8b465ee728b)
Number of updated assets reloaded before import = 0
Start importing Assets/Horror_Mansion/Models/Furniture/Wardrobe_01.fbx using Guid(fd2f0a06278b2dc49976a0471eb800c2) Importer(815301076,1909f56bfc062723c751e8b465ee728b)  -> (artifact id: '286108b1a08f899471adc68b42746380') in 0.045224 seconds 
Number of asset objects unloaded after import = 41
========================================================================
Received Import Request.
  Time since last request: 0.000018 seconds.
  path: Assets/Horror_Mansion/Models/Furniture/Fabric_Sofa_Leather.fbx
  artifactKey: Guid(12bd6e7d2e244ef43b9738ad19820287) Importer(815301076,1909f56bfc062723c751e8b465ee728b)
Number of updated assets reloaded before import = 0
Start importing Assets/Horror_Mansion/Models/Furniture/Fabric_Sofa_Leather.fbx using Guid(12bd6e7d2e244ef43b9738ad19820287) Importer(815301076,1909f56bfc062723c751e8b465ee728b)  -> (artifact id: 'dd0f7f478cd5a4c67c86308dbdc93237') in 0.033745 seconds 
Number of asset objects unloaded after import = 24
========================================================================
Received Import Request.
  Time since last request: 0.000016 seconds.
  path: Assets/Horror_Mansion/Models/Furniture/Armchair_Leather.fbx
  artifactKey: Guid(e847a0b0adab31f468a9e5fce07f47a9) Importer(815301076,1909f56bfc062723c751e8b465ee728b)
Number of updated assets reloaded before import = 0
Start importing Assets/Horror_Mansion/Models/Furniture/Armchair_Leather.fbx using Guid(e847a0b0adab31f468a9e5fce07f47a9) Importer(815301076,1909f56bfc062723c751e8b465ee728b)  -> (artifact id: 'a1d578290e9758791ac83cd699f27246') in 0.034755 seconds 
Number of asset objects unloaded after import = 30
Editor requested this worker to shutdown with reason: Scaling down because of idle timeout
AssetImportWorker is now disconnected from the server
Process exiting
Exiting without the bug reporter. Application will terminate with return code 0