Using pre-set license
Built from '2021.3/staging' branch; Version is '2021.3.39f1 (fb3b7b32f191) revision 16464763'; Using compiler version '192829333'; Build Type 'Release'
OS: 'Windows 11  (10.0.26100) 64bit Professional' Language: 'en' Physical Memory: 32603 MB
BatchMode: 1, IsHumanControllingUs: 0, StartBugReporterOnCrash: 0, Is64bit: 1, IsPro: 1

COMMAND LINE ARGUMENTS:
C:\Program Files\Unity\Hub\Editor\2021.3.39f1\Editor\Unity.exe
-adb2
-batchMode
-noUpm
-name
AssetImportWorker11
-projectPath
C:/Users/mayar/Documents/GitHub/Blackwoods-Curse/BlackwoodsCurse
-logFile
Logs/AssetImportWorker11.log
-srvPort
52665
Successfully changed project path to: C:/Users/mayar/Documents/GitHub/Blackwoods-Curse/BlackwoodsCurse
C:/Users/mayar/Documents/GitHub/Blackwoods-Curse/BlackwoodsCurse
[UnityMemory] Configuration Parameters - Can be set up in boot.config
    "memorysetup-bucket-allocator-granularity=16"
    "memorysetup-bucket-allocator-bucket-count=8"
    "memorysetup-bucket-allocator-block-size=33554432"
    "memorysetup-bucket-allocator-block-count=8"
    "memorysetup-main-allocator-block-size=16777216"
    "memorysetup-thread-allocator-block-size=16777216"
    "memorysetup-gfx-main-allocator-block-size=16777216"
    "memorysetup-gfx-thread-allocator-block-size=16777216"
    "memorysetup-cache-allocator-block-size=4194304"
    "memorysetup-typetree-allocator-block-size=2097152"
    "memorysetup-profiler-bucket-allocator-granularity=16"
    "memorysetup-profiler-bucket-allocator-bucket-count=8"
    "memorysetup-profiler-bucket-allocator-block-size=33554432"
    "memorysetup-profiler-bucket-allocator-block-count=8"
    "memorysetup-profiler-allocator-block-size=16777216"
    "memorysetup-profiler-editor-allocator-block-size=1048576"
    "memorysetup-temp-allocator-size-main=16777216"
    "memorysetup-job-temp-allocator-block-size=2097152"
    "memorysetup-job-temp-allocator-block-size-background=1048576"
    "memorysetup-job-temp-allocator-reduction-small-platforms=262144"
    "memorysetup-temp-allocator-size-background-worker=32768"
    "memorysetup-temp-allocator-size-job-worker=262144"
    "memorysetup-temp-allocator-size-preload-manager=33554432"
    "memorysetup-temp-allocator-size-nav-mesh-worker=65536"
    "memorysetup-temp-allocator-size-audio-worker=65536"
    "memorysetup-temp-allocator-size-cloud-worker=32768"
    "memorysetup-temp-allocator-size-gi-baking-worker=262144"
    "memorysetup-temp-allocator-size-gfx=262144"
Player connection [23880] Host "[IP] 192.168.52.1 [Port] 0 [Flags] 2 [Guid] 406756757 [EditorId] 406756757 [Version] 1048832 [Id] WindowsEditor(7,MAYAR-DESKTOP) [Debug] 1 [PackageName] WindowsEditor [ProjectName] Editor" joined multi-casting on [225.0.0.222:54997]...

Player connection [23880] Host "[IP] 192.168.52.1 [Port] 0 [Flags] 2 [Guid] 406756757 [EditorId] 406756757 [Version] 1048832 [Id] WindowsEditor(7,MAYAR-DESKTOP) [Debug] 1 [PackageName] WindowsEditor [ProjectName] Editor" joined alternative multi-casting on [225.0.0.222:34997]...

[Physics::Module] Initialized MultithreadedJobDispatcher with {0} workers.
Refreshing native plugins compatible for Editor in 39.85 ms, found 3 plugins.
Preloading 0 native plugins for Editor in 0.00 ms.
Initialize engine version: 2021.3.39f1 (fb3b7b32f191)
[Subsystems] Discovering subsystems at path C:/Program Files/Unity/Hub/Editor/2021.3.39f1/Editor/Data/Resources/UnitySubsystems
[Subsystems] Discovering subsystems at path C:/Users/mayar/Documents/GitHub/Blackwoods-Curse/BlackwoodsCurse/Assets
GfxDevice: creating device client; threaded=0; jobified=0
Direct3D:
    Version:  Direct3D 11.0 [level 11.1]
    Renderer: NVIDIA GeForce RTX 3060 (ID=0x2504)
    Vendor:   NVIDIA
    VRAM:     12115 MB
    Driver:   32.0.15.6094
Initialize mono
Mono path[0] = 'C:/Program Files/Unity/Hub/Editor/2021.3.39f1/Editor/Data/Managed'
Mono path[1] = 'C:/Program Files/Unity/Hub/Editor/2021.3.39f1/Editor/Data/MonoBleedingEdge/lib/mono/unityjit-win32'
Mono config path = 'C:/Program Files/Unity/Hub/Editor/2021.3.39f1/Editor/Data/MonoBleedingEdge/etc'
Using monoOptions --debugger-agent=transport=dt_socket,embedding=1,server=y,suspend=n,address=127.0.0.1:56112
Begin MonoManager ReloadAssembly
Registering precompiled unity dll's ...
Register platform support module: C:/Program Files/Unity/Hub/Editor/2021.3.39f1/Editor/Data/PlaybackEngines/WindowsStandaloneSupport/UnityEditor.WindowsStandalone.Extensions.dll
Registered in 0.002436 seconds.
Native extension for WindowsStandalone target not found
Refreshing native plugins compatible for Editor in 39.39 ms, found 3 plugins.
Preloading 0 native plugins for Editor in 0.00 ms.
Mono: successfully reloaded assembly
- Completed reload, in  0.358 seconds
Domain Reload Profiling:
	ReloadAssembly (358ms)
		BeginReloadAssembly (61ms)
			ExecutionOrderSort (0ms)
			DisableScriptedObjects (0ms)
			BackupInstance (0ms)
			ReleaseScriptingObjects (0ms)
			CreateAndSetChildDomain (1ms)
		EndReloadAssembly (239ms)
			LoadAssemblies (60ms)
			RebuildTransferFunctionScriptingTraits (0ms)
			SetupTypeCache (58ms)
			ReleaseScriptCaches (0ms)
			RebuildScriptCaches (15ms)
			SetupLoadedEditorAssemblies (143ms)
				LogAssemblyErrors (0ms)
				InitializePlatformSupportModulesInManaged (4ms)
				SetLoadedEditorAssemblies (0ms)
				RefreshPlugins (39ms)
				BeforeProcessingInitializeOnLoad (1ms)
				ProcessInitializeOnLoadAttributes (70ms)
				ProcessInitializeOnLoadMethodAttributes (28ms)
				AfterProcessingInitializeOnLoad (0ms)
				EditorAssembliesLoaded (0ms)
			ExecutionOrderSort2 (0ms)
			AwakeInstancesAfterBackupRestoration (0ms)
Platform modules already initialized, skipping
Registering precompiled user dll's ...
Registered in 0.002826 seconds.
Begin MonoManager ReloadAssembly
Native extension for WindowsStandalone target not found
Refreshing native plugins compatible for Editor in 0.39 ms, found 3 plugins.
Preloading 0 native plugins for Editor in 0.00 ms.
Package Manager log level set to [2]
[Package Manager] Server::EnsureServerProcessIsRunning -- launch failed, reason: Unity was launched with the -noUpm command-line argument
[Package Manager] Cannot connect to Unity Package Manager local server
Mono: successfully reloaded assembly
- Completed reload, in  0.900 seconds
Domain Reload Profiling:
	ReloadAssembly (900ms)
		BeginReloadAssembly (75ms)
			ExecutionOrderSort (0ms)
			DisableScriptedObjects (3ms)
			BackupInstance (0ms)
			ReleaseScriptingObjects (0ms)
			CreateAndSetChildDomain (11ms)
		EndReloadAssembly (768ms)
			LoadAssemblies (60ms)
			RebuildTransferFunctionScriptingTraits (0ms)
			SetupTypeCache (143ms)
			ReleaseScriptCaches (0ms)
			RebuildScriptCaches (26ms)
			SetupLoadedEditorAssemblies (535ms)
				LogAssemblyErrors (0ms)
				InitializePlatformSupportModulesInManaged (3ms)
				SetLoadedEditorAssemblies (0ms)
				RefreshPlugins (0ms)
				BeforeProcessingInitializeOnLoad (37ms)
				ProcessInitializeOnLoadAttributes (479ms)
				ProcessInitializeOnLoadMethodAttributes (12ms)
				AfterProcessingInitializeOnLoad (4ms)
				EditorAssembliesLoaded (0ms)
			ExecutionOrderSort2 (0ms)
			AwakeInstancesAfterBackupRestoration (7ms)
Platform modules already initialized, skipping
========================================================================
Worker process is ready to serve import requests
Launched and connected shader compiler UnityShaderCompiler.exe after 0.03 seconds
Refreshing native plugins compatible for Editor in 0.56 ms, found 3 plugins.
Preloading 0 native plugins for Editor in 0.00 ms.
Unloading 3085 Unused Serialized files (Serialized files now loaded: 0)
Unloading 24 unused Assets / (47.5 KB). Loaded Objects now: 3568.
Memory consumption went from 196.1 MB to 196.1 MB.
Total: 2.273900 ms (FindLiveObjects: 0.204800 ms CreateObjectMapping: 0.078000 ms MarkObjects: 1.921500 ms  DeleteObjects: 0.068900 ms)

AssetImportParameters requested are different than current active one (requested -> active):
  custom:video-decoder-ogg-theora: a1e56fd34408186e4bbccfd4996cb3dc -> 
  custom:container-muxer-webm: aa71ff27fc2769a1b78a27578f13a17b -> 
  custom:container-demuxer-webm: 4f35f7cbe854078d1ac9338744f61a02 -> 
  custom:video-encoder-webm-vp8: eb34c28f22e8b96e1ab97ce403110664 -> 
  custom:video-codec-MediaFoundation-h265: 746d11721c4dcdbdad8f713fa42b33f4 -> 
  custom:CustomObjectIndexerAttribute: bc11b3a6c3213fcdd17b65e7da85e133 -> 
  custom:audio-encoder-webm-vorbis: bf7c407c2cedff20999df2af8eb42d56 -> 
  custom:framework-win-MediaFoundation: 216162199b28c13a410421893ffa2e32 -> 
  custom:SearchIndexIgnoredProperties: e643bd26f0fe6173181afceb89e7c659 -> 
  custom:container-demuxer-ogg: 62fdf1f143b41e24485cea50d1cbac27 -> 
  custom:video-decoder-webm-vp8: 9c59270c3fd7afecdb556c50c9e8de78 -> 
  custom:audio-decoder-ogg-vorbis: bf7c407c2cedff20999df2af8eb42d56 -> 
========================================================================
Received Import Request.
  Time since last request: 131892.685433 seconds.
  path: Assets/Horror_Mansion/Readme_Horror_Mansion.pdf
  artifactKey: Guid(efadde1428e0daa4ebdd354e326854ec) Importer(815301076,1909f56bfc062723c751e8b465ee728b)
Number of updated assets reloaded before import = 0
Start importing Assets/Horror_Mansion/Readme_Horror_Mansion.pdf using Guid(efadde1428e0daa4ebdd354e326854ec) Importer(815301076,1909f56bfc062723c751e8b465ee728b)  -> (artifact id: '220178ca9683cd00d0c001f02414aade') in 0.040714 seconds 
Number of asset objects unloaded after import = 1
========================================================================
Received Import Request.
  Time since last request: 46.393345 seconds.
  path: Assets/Horror_Mansion/Models/House
  artifactKey: Guid(6c7327554e38aab4a913b7d971566bab) Importer(815301076,1909f56bfc062723c751e8b465ee728b)
Number of updated assets reloaded before import = 0
Start importing Assets/Horror_Mansion/Models/House using Guid(6c7327554e38aab4a913b7d971566bab) Importer(815301076,1909f56bfc062723c751e8b465ee728b)  -> (artifact id: '11e6019409a8945d20f15d398c1e1750') in 0.013690 seconds 
Number of asset objects unloaded after import = 0
========================================================================
Received Import Request.
  Time since last request: 0.115987 seconds.
  path: Assets/Horror_Mansion/Models/House/Arch_Apartment_01.fbx
  artifactKey: Guid(ebbe389e2fe3aa54db598f8b386bf0dd) Importer(815301076,1909f56bfc062723c751e8b465ee728b)
Number of updated assets reloaded before import = 0
Start importing Assets/Horror_Mansion/Models/House/Arch_Apartment_01.fbx using Guid(ebbe389e2fe3aa54db598f8b386bf0dd) Importer(815301076,1909f56bfc062723c751e8b465ee728b)  -> (artifact id: 'c76299535bdd3882a292ea288e31cbe6') in 0.241881 seconds 
Number of asset objects unloaded after import = 35
========================================================================
Received Import Request.
  Time since last request: 0.000018 seconds.
  path: Assets/Horror_Mansion/Models/House/Roof_Tower.fbx
  artifactKey: Guid(c4156014842bbd948b926187ac3d5b49) Importer(815301076,1909f56bfc062723c751e8b465ee728b)
Number of updated assets reloaded before import = 0
Start importing Assets/Horror_Mansion/Models/House/Roof_Tower.fbx using Guid(c4156014842bbd948b926187ac3d5b49) Importer(815301076,1909f56bfc062723c751e8b465ee728b)  -> (artifact id: 'b6eb9faee4b1e3cbcce724365c795346') in 0.143639 seconds 
Number of asset objects unloaded after import = 43
========================================================================
Received Import Request.
  Time since last request: 0.000038 seconds.
  path: Assets/Horror_Mansion/Models/House/Veranda_Roof_2m_01.fbx
  artifactKey: Guid(59af8629438e33340858c4f8efc05b49) Importer(815301076,1909f56bfc062723c751e8b465ee728b)
Number of updated assets reloaded before import = 0
Start importing Assets/Horror_Mansion/Models/House/Veranda_Roof_2m_01.fbx using Guid(59af8629438e33340858c4f8efc05b49) Importer(815301076,1909f56bfc062723c751e8b465ee728b)  -> (artifact id: '1e68e3c3be984cb7ae67fef32c5eca6a') in 0.031828 seconds 
Number of asset objects unloaded after import = 17
========================================================================
Received Import Request.
  Time since last request: 0.000015 seconds.
  path: Assets/Horror_Mansion/Models/House/Cornice_Angle_01.fbx
  artifactKey: Guid(937974aee245e0643accd530553b520c) Importer(815301076,1909f56bfc062723c751e8b465ee728b)
Number of updated assets reloaded before import = 0
Start importing Assets/Horror_Mansion/Models/House/Cornice_Angle_01.fbx using Guid(937974aee245e0643accd530553b520c) Importer(815301076,1909f56bfc062723c751e8b465ee728b)  -> (artifact id: '83fe10a83d131110afa4f2893b937528') in 0.026706 seconds 
Number of asset objects unloaded after import = 11
========================================================================
Received Import Request.
  Time since last request: 0.000017 seconds.
  path: Assets/Horror_Mansion/Models/House/Dormer_Window_01.fbx
  artifactKey: Guid(234491ed545a6074a85214ac2c10a07c) Importer(815301076,1909f56bfc062723c751e8b465ee728b)
Number of updated assets reloaded before import = 0
Start importing Assets/Horror_Mansion/Models/House/Dormer_Window_01.fbx using Guid(234491ed545a6074a85214ac2c10a07c) Importer(815301076,1909f56bfc062723c751e8b465ee728b)  -> (artifact id: '3d1b022b86c2cf4fbae8caee865d3391') in 0.092603 seconds 
Number of asset objects unloaded after import = 34
========================================================================
Received Import Request.
  Time since last request: 0.000014 seconds.
  path: Assets/Horror_Mansion/Models/House/Basement_Beam_4x4.fbx
  artifactKey: Guid(90139fd4586649a4e8f622d1e8375b1c) Importer(815301076,1909f56bfc062723c751e8b465ee728b)
Number of updated assets reloaded before import = 0
Start importing Assets/Horror_Mansion/Models/House/Basement_Beam_4x4.fbx using Guid(90139fd4586649a4e8f622d1e8375b1c) Importer(815301076,1909f56bfc062723c751e8b465ee728b)  -> (artifact id: '876daa1b5817aef29e63c0e69d17837f') in 0.026908 seconds 
Number of asset objects unloaded after import = 12
========================================================================
Received Import Request.
  Time since last request: 0.000015 seconds.
  path: Assets/Horror_Mansion/Models/House/Basement_Beam_4x4_Brocken.fbx
  artifactKey: Guid(6cffedc1070b11949ac87687ed614d70) Importer(815301076,1909f56bfc062723c751e8b465ee728b)
Number of updated assets reloaded before import = 0
Start importing Assets/Horror_Mansion/Models/House/Basement_Beam_4x4_Brocken.fbx using Guid(6cffedc1070b11949ac87687ed614d70) Importer(815301076,1909f56bfc062723c751e8b465ee728b)  -> (artifact id: 'f9a3892b455a7b3659bc0f35690ab8d3') in 0.025853 seconds 
Number of asset objects unloaded after import = 12
========================================================================
Received Import Request.
  Time since last request: 0.000017 seconds.
  path: Assets/Horror_Mansion/Models/House/Wall_2m_01.fbx
  artifactKey: Guid(019afcbf16e52d2479f719da6b264a10) Importer(815301076,1909f56bfc062723c751e8b465ee728b)
Number of updated assets reloaded before import = 0
Start importing Assets/Horror_Mansion/Models/House/Wall_2m_01.fbx using Guid(019afcbf16e52d2479f719da6b264a10) Importer(815301076,1909f56bfc062723c751e8b465ee728b)  -> (artifact id: 'd927c1f09940302377ac68f8e3113c10') in 0.033099 seconds 
Number of asset objects unloaded after import = 16
========================================================================
Received Import Request.
  Time since last request: 0.000018 seconds.
  path: Assets/Horror_Mansion/Models/House/Roof_Module_2m_01.fbx
  artifactKey: Guid(7980740db6e0c364dae58385dd38f0af) Importer(815301076,1909f56bfc062723c751e8b465ee728b)
Number of updated assets reloaded before import = 0
Start importing Assets/Horror_Mansion/Models/House/Roof_Module_2m_01.fbx using Guid(7980740db6e0c364dae58385dd38f0af) Importer(815301076,1909f56bfc062723c751e8b465ee728b)  -> (artifact id: '887da80887e41e2117130f26469cbbd1') in 0.040422 seconds 
Number of asset objects unloaded after import = 23
========================================================================
Received Import Request.
  Time since last request: 0.000013 seconds.
  path: Assets/Horror_Mansion/Models/House/Foundation_Bay_Window.fbx
  artifactKey: Guid(b24e9019d2700564fa6f6b8bba9087a8) Importer(815301076,1909f56bfc062723c751e8b465ee728b)
Number of updated assets reloaded before import = 0
Start importing Assets/Horror_Mansion/Models/House/Foundation_Bay_Window.fbx using Guid(b24e9019d2700564fa6f6b8bba9087a8) Importer(815301076,1909f56bfc062723c751e8b465ee728b)  -> (artifact id: 'ef5f579bf6603816c5cde6273d0c2c13') in 0.029931 seconds 
Number of asset objects unloaded after import = 12
========================================================================
Received Import Request.
  Time since last request: 0.000012 seconds.
  path: Assets/Horror_Mansion/Models/House/Foundation_Angle_01.fbx
  artifactKey: Guid(b0dedecc8a0e6be49b9642767886a090) Importer(815301076,1909f56bfc062723c751e8b465ee728b)
Number of updated assets reloaded before import = 0
Start importing Assets/Horror_Mansion/Models/House/Foundation_Angle_01.fbx using Guid(b0dedecc8a0e6be49b9642767886a090) Importer(815301076,1909f56bfc062723c751e8b465ee728b)  -> (artifact id: '6d4b96c9669f368b2e8bc16d4963dfac') in 0.027793 seconds 
Number of asset objects unloaded after import = 12
========================================================================
Received Import Request.
  Time since last request: 0.000011 seconds.
  path: Assets/Horror_Mansion/Models/House/Roof_2x2.fbx
  artifactKey: Guid(b5b21683289eca143b10d6df8f0fc3d6) Importer(815301076,1909f56bfc062723c751e8b465ee728b)
Number of updated assets reloaded before import = 0
Start importing Assets/Horror_Mansion/Models/House/Roof_2x2.fbx using Guid(b5b21683289eca143b10d6df8f0fc3d6) Importer(815301076,1909f56bfc062723c751e8b465ee728b)  -> (artifact id: '9d42fe79689f4447cd8fb6223e91f948') in 0.027238 seconds 
Number of asset objects unloaded after import = 12
========================================================================
Received Import Request.
  Time since last request: 0.000011 seconds.
  path: Assets/Horror_Mansion/Models/House/Coffered_Ceiling_4m_01.fbx
  artifactKey: Guid(6bd39a5dffbb63d4389d0329c38a6061) Importer(815301076,1909f56bfc062723c751e8b465ee728b)
Number of updated assets reloaded before import = 0
Start importing Assets/Horror_Mansion/Models/House/Coffered_Ceiling_4m_01.fbx using Guid(6bd39a5dffbb63d4389d0329c38a6061) Importer(815301076,1909f56bfc062723c751e8b465ee728b)  -> (artifact id: '4d7cb10ae7beff29d6a9546c6fe52e7c') in 0.024400 seconds 
Number of asset objects unloaded after import = 12
========================================================================
Received Import Request.
  Time since last request: 0.000012 seconds.
  path: Assets/Horror_Mansion/Models/House/Roof_2x4.fbx
  artifactKey: Guid(00d868c255635a34c9bc28c7dada25b9) Importer(815301076,1909f56bfc062723c751e8b465ee728b)
Number of updated assets reloaded before import = 0
Start importing Assets/Horror_Mansion/Models/House/Roof_2x4.fbx using Guid(00d868c255635a34c9bc28c7dada25b9) Importer(815301076,1909f56bfc062723c751e8b465ee728b)  -> (artifact id: 'a98de0ff1e2e9aa4129a19c8616e0247') in 0.025691 seconds 
Number of asset objects unloaded after import = 12
========================================================================
Received Import Request.
  Time since last request: 0.000011 seconds.
  path: Assets/Horror_Mansion/Models/House/Quoin_Block_4m_01.fbx
  artifactKey: Guid(c20dc4f89dfa64244a9706a007cb2832) Importer(815301076,1909f56bfc062723c751e8b465ee728b)
Number of updated assets reloaded before import = 0
Start importing Assets/Horror_Mansion/Models/House/Quoin_Block_4m_01.fbx using Guid(c20dc4f89dfa64244a9706a007cb2832) Importer(815301076,1909f56bfc062723c751e8b465ee728b)  -> (artifact id: 'eeb2409a2ae59dc2e149df4f2dc3c802') in 0.038896 seconds 
Number of asset objects unloaded after import = 25
========================================================================
Received Import Request.
  Time since last request: 0.000013 seconds.
  path: Assets/Horror_Mansion/Models/House/Wall_4m_01.fbx
  artifactKey: Guid(b40524da64c8fcd43bf8863c2b8e472c) Importer(815301076,1909f56bfc062723c751e8b465ee728b)
Number of updated assets reloaded before import = 0
Start importing Assets/Horror_Mansion/Models/House/Wall_4m_01.fbx using Guid(b40524da64c8fcd43bf8863c2b8e472c) Importer(815301076,1909f56bfc062723c751e8b465ee728b)  -> (artifact id: '94ec6d26117ca33302bfaf180be06659') in 0.031056 seconds 
Number of asset objects unloaded after import = 16
========================================================================
Received Import Request.
  Time since last request: 0.000019 seconds.
  path: Assets/Horror_Mansion/Models/House/Roof_Module_4m_02.fbx
  artifactKey: Guid(e609d581a27d12c41a5a918c480fa593) Importer(815301076,1909f56bfc062723c751e8b465ee728b)
Number of updated assets reloaded before import = 0
Start importing Assets/Horror_Mansion/Models/House/Roof_Module_4m_02.fbx using Guid(e609d581a27d12c41a5a918c480fa593) Importer(815301076,1909f56bfc062723c751e8b465ee728b)  -> (artifact id: '779de3f0c51b2d8bfca143da70942e82') in 0.041170 seconds 
Number of asset objects unloaded after import = 24
========================================================================
Received Import Request.
  Time since last request: 0.000012 seconds.
  path: Assets/Horror_Mansion/Models/House/Beam_Angle.fbx
  artifactKey: Guid(fffe1da7f3fecd341b971135ccfcfd14) Importer(815301076,1909f56bfc062723c751e8b465ee728b)
Number of updated assets reloaded before import = 0
Start importing Assets/Horror_Mansion/Models/House/Beam_Angle.fbx using Guid(fffe1da7f3fecd341b971135ccfcfd14) Importer(815301076,1909f56bfc062723c751e8b465ee728b)  -> (artifact id: '0de48e483a36cea3b73c1e29ba95b960') in 0.026592 seconds 
Number of asset objects unloaded after import = 12
========================================================================
Received Import Request.
  Time since last request: 0.000012 seconds.
  path: Assets/Horror_Mansion/Models/House/Basement_Wall_4m_01.fbx
  artifactKey: Guid(19da04c4c66c1ae43a0b3a6c40d7744e) Importer(815301076,1909f56bfc062723c751e8b465ee728b)
Number of updated assets reloaded before import = 0
Start importing Assets/Horror_Mansion/Models/House/Basement_Wall_4m_01.fbx using Guid(19da04c4c66c1ae43a0b3a6c40d7744e) Importer(815301076,1909f56bfc062723c751e8b465ee728b)  -> (artifact id: 'fbbb3d4f3973acc853a84723378d83d2') in 0.029529 seconds 
Number of asset objects unloaded after import = 12
========================================================================
Received Import Request.
  Time since last request: 0.000013 seconds.
  path: Assets/Horror_Mansion/Models/House/Roof_4x4.fbx
  artifactKey: Guid(8f716b83075d359429f190a9106305f9) Importer(815301076,1909f56bfc062723c751e8b465ee728b)
Number of updated assets reloaded before import = 0
Start importing Assets/Horror_Mansion/Models/House/Roof_4x4.fbx using Guid(8f716b83075d359429f190a9106305f9) Importer(815301076,1909f56bfc062723c751e8b465ee728b)  -> (artifact id: '7bb903cd1c22afde95b8a7d6e9b2131d') in 0.029561 seconds 
Number of asset objects unloaded after import = 12
========================================================================
Received Import Request.
  Time since last request: 0.000013 seconds.
  path: Assets/Horror_Mansion/Models/House/Roof_Module_Angle_01.fbx
  artifactKey: Guid(4721cf84824d4a34e96871365f17419d) Importer(815301076,1909f56bfc062723c751e8b465ee728b)
Number of updated assets reloaded before import = 0
Start importing Assets/Horror_Mansion/Models/House/Roof_Module_Angle_01.fbx using Guid(4721cf84824d4a34e96871365f17419d) Importer(815301076,1909f56bfc062723c751e8b465ee728b)  -> (artifact id: 'a3afba9e270deef2e5ae9058f7fd3086') in 0.046829 seconds 
Number of asset objects unloaded after import = 34
========================================================================
Received Import Request.
  Time since last request: 0.000013 seconds.
  path: Assets/Horror_Mansion/Models/House/Dormer_Window_02.fbx
  artifactKey: Guid(164e8d5e99d7a294d8f2c1dfdc4e2217) Importer(815301076,1909f56bfc062723c751e8b465ee728b)
Number of updated assets reloaded before import = 0
Start importing Assets/Horror_Mansion/Models/House/Dormer_Window_02.fbx using Guid(164e8d5e99d7a294d8f2c1dfdc4e2217) Importer(815301076,1909f56bfc062723c751e8b465ee728b)  -> (artifact id: '840eee3f4030bbb311e8f1838dddb982') in 0.050939 seconds 
Number of asset objects unloaded after import = 34
========================================================================
Received Import Request.
  Time since last request: 0.000014 seconds.
  path: Assets/Horror_Mansion/Models/House/Basement_Column_02.fbx
  artifactKey: Guid(57771f5a24824fa4a871dc4ed2c7a6eb) Importer(815301076,1909f56bfc062723c751e8b465ee728b)
Number of updated assets reloaded before import = 0
Start importing Assets/Horror_Mansion/Models/House/Basement_Column_02.fbx using Guid(57771f5a24824fa4a871dc4ed2c7a6eb) Importer(815301076,1909f56bfc062723c751e8b465ee728b)  -> (artifact id: 'f5e266196ce7c5b99167dff1b81e0331') in 0.025078 seconds 
Number of asset objects unloaded after import = 12
========================================================================
Received Import Request.
  Time since last request: 0.000025 seconds.
  path: Assets/Horror_Mansion/Models/House/Column_02.fbx
  artifactKey: Guid(225e4e66a92792a4fa2d848e3bb3baf8) Importer(815301076,1909f56bfc062723c751e8b465ee728b)
Number of updated assets reloaded before import = 0
Start importing Assets/Horror_Mansion/Models/House/Column_02.fbx using Guid(225e4e66a92792a4fa2d848e3bb3baf8) Importer(815301076,1909f56bfc062723c751e8b465ee728b)  -> (artifact id: 'b08bdfd847769087bfcd050febee9ca1') in 0.033586 seconds 
Number of asset objects unloaded after import = 20
========================================================================
Received Import Request.
  Time since last request: 0.000012 seconds.
  path: Assets/Horror_Mansion/Models/House/Foundation_2m_01.fbx
  artifactKey: Guid(4f1501d6b5d5467439d9d8827c688bcd) Importer(815301076,1909f56bfc062723c751e8b465ee728b)
Number of updated assets reloaded before import = 0
Start importing Assets/Horror_Mansion/Models/House/Foundation_2m_01.fbx using Guid(4f1501d6b5d5467439d9d8827c688bcd) Importer(815301076,1909f56bfc062723c751e8b465ee728b)  -> (artifact id: 'b54bf2ef8babaf640f68f4611e647f16') in 0.029185 seconds 
Number of asset objects unloaded after import = 12
========================================================================
Received Import Request.
  Time since last request: 0.000012 seconds.
  path: Assets/Horror_Mansion/Models/House/Cornice_4m_01.fbx
  artifactKey: Guid(cffdf1a60cd636547a16bcd3ddf4b918) Importer(815301076,1909f56bfc062723c751e8b465ee728b)
Number of updated assets reloaded before import = 0
Start importing Assets/Horror_Mansion/Models/House/Cornice_4m_01.fbx using Guid(cffdf1a60cd636547a16bcd3ddf4b918) Importer(815301076,1909f56bfc062723c751e8b465ee728b)  -> (artifact id: 'b4fbabe8204250e086d4f87264763292') in 0.029647 seconds 
Number of asset objects unloaded after import = 11
========================================================================
Received Import Request.
  Time since last request: 0.000013 seconds.
  path: Assets/Horror_Mansion/Models/House/Interior_Door_01.fbx
  artifactKey: Guid(bc010bfc55b5f4b48abe3e033cb834dd) Importer(815301076,1909f56bfc062723c751e8b465ee728b)
Number of updated assets reloaded before import = 0
Start importing Assets/Horror_Mansion/Models/House/Interior_Door_01.fbx using Guid(bc010bfc55b5f4b48abe3e033cb834dd) Importer(815301076,1909f56bfc062723c751e8b465ee728b)  -> (artifact id: '6f3339cc1beccf6b756b72630b798980') in 0.059681 seconds 
Number of asset objects unloaded after import = 45
========================================================================
Received Import Request.
  Time since last request: 0.000016 seconds.
  path: Assets/Horror_Mansion/Models/House/Rhomb.fbx
  artifactKey: Guid(058143cd4acf469469d2578c5ed7a0c7) Importer(815301076,1909f56bfc062723c751e8b465ee728b)
Number of updated assets reloaded before import = 0
Start importing Assets/Horror_Mansion/Models/House/Rhomb.fbx using Guid(058143cd4acf469469d2578c5ed7a0c7) Importer(815301076,1909f56bfc062723c751e8b465ee728b)  -> (artifact id: '425084a7f483301ba343d2032d27eb86') in 0.027993 seconds 
Number of asset objects unloaded after import = 12
========================================================================
Received Import Request.
  Time since last request: 0.000012 seconds.
  path: Assets/Horror_Mansion/Models/House/Foundation_4m_01.fbx
  artifactKey: Guid(1568bfbf5e3fb3c41a61502fbb842e1a) Importer(815301076,1909f56bfc062723c751e8b465ee728b)
Number of updated assets reloaded before import = 0
Start importing Assets/Horror_Mansion/Models/House/Foundation_4m_01.fbx using Guid(1568bfbf5e3fb3c41a61502fbb842e1a) Importer(815301076,1909f56bfc062723c751e8b465ee728b)  -> (artifact id: 'acabfb1dc83c2fb887b8159b8fe79d4b') in 0.033245 seconds 
Number of asset objects unloaded after import = 12
========================================================================
Received Import Request.
  Time since last request: 0.000016 seconds.
  path: Assets/Horror_Mansion/Models/House/Bay_Window.fbx
  artifactKey: Guid(a7b66d7c13a605e4297e86c1b49c6cf6) Importer(815301076,1909f56bfc062723c751e8b465ee728b)
Number of updated assets reloaded before import = 0
Start importing Assets/Horror_Mansion/Models/House/Bay_Window.fbx using Guid(a7b66d7c13a605e4297e86c1b49c6cf6) Importer(815301076,1909f56bfc062723c751e8b465ee728b)  -> (artifact id: '16bfbdafff0f58b0931388254731c142') in 0.070365 seconds 
Number of asset objects unloaded after import = 42
========================================================================
Received Import Request.
  Time since last request: 0.000044 seconds.
  path: Assets/Horror_Mansion/Models/House/Basement_Column_Wood_02.fbx
  artifactKey: Guid(657dcce0b3c092b4688151cccfcb515d) Importer(815301076,1909f56bfc062723c751e8b465ee728b)
Number of updated assets reloaded before import = 0
Start importing Assets/Horror_Mansion/Models/House/Basement_Column_Wood_02.fbx using Guid(657dcce0b3c092b4688151cccfcb515d) Importer(815301076,1909f56bfc062723c751e8b465ee728b)  -> (artifact id: 'aae740ed33dec0812aa235039a27e73c') in 0.030977 seconds 
Number of asset objects unloaded after import = 12
========================================================================
Received Import Request.
  Time since last request: 0.000015 seconds.
  path: Assets/Horror_Mansion/Models/House/Basement_Wall_4m_02.fbx
  artifactKey: Guid(50321caa7d9b8ad45b883698f176b5aa) Importer(815301076,1909f56bfc062723c751e8b465ee728b)
Number of updated assets reloaded before import = 0
Start importing Assets/Horror_Mansion/Models/House/Basement_Wall_4m_02.fbx using Guid(50321caa7d9b8ad45b883698f176b5aa) Importer(815301076,1909f56bfc062723c751e8b465ee728b)  -> (artifact id: '32c014ad3aa022c604bbe858cb080450') in 0.024878 seconds 
Number of asset objects unloaded after import = 12
========================================================================
Received Import Request.
  Time since last request: 0.000012 seconds.
  path: Assets/Horror_Mansion/Models/House/Front_Door.fbx
  artifactKey: Guid(17f5523b62a62484b91243e4d2614af4) Importer(815301076,1909f56bfc062723c751e8b465ee728b)
Number of updated assets reloaded before import = 0
Start importing Assets/Horror_Mansion/Models/House/Front_Door.fbx using Guid(17f5523b62a62484b91243e4d2614af4) Importer(815301076,1909f56bfc062723c751e8b465ee728b)  -> (artifact id: '0b5c1a6cc1a5cca37d0e2f90defe8997') in 0.071762 seconds 
Number of asset objects unloaded after import = 58
========================================================================
Received Import Request.
  Time since last request: 0.000015 seconds.
  path: Assets/Horror_Mansion/Models/House/Chimney_01.fbx
  artifactKey: Guid(f4046bae90da9014d96261335a4f35f9) Importer(815301076,1909f56bfc062723c751e8b465ee728b)
Number of updated assets reloaded before import = 0
Start importing Assets/Horror_Mansion/Models/House/Chimney_01.fbx using Guid(f4046bae90da9014d96261335a4f35f9) Importer(815301076,1909f56bfc062723c751e8b465ee728b)  -> (artifact id: '7940d4f390ad8e6987b3b3298560ae4f') in 0.037960 seconds 
Number of asset objects unloaded after import = 23
========================================================================
Received Import Request.
  Time since last request: 0.000017 seconds.
  path: Assets/Horror_Mansion/Models/House/Floor_4x4_01.fbx
  artifactKey: Guid(560868f74752513428faa82fe35dd115) Importer(815301076,1909f56bfc062723c751e8b465ee728b)
Number of updated assets reloaded before import = 0
Start importing Assets/Horror_Mansion/Models/House/Floor_4x4_01.fbx using Guid(560868f74752513428faa82fe35dd115) Importer(815301076,1909f56bfc062723c751e8b465ee728b)  -> (artifact id: 'b34dc901f28eabc75be13ad344a6322c') in 0.026088 seconds 
Number of asset objects unloaded after import = 16
========================================================================
Received Import Request.
  Time since last request: 0.000012 seconds.
  path: Assets/Horror_Mansion/Models/House/Roof_Bay_Window.fbx
  artifactKey: Guid(b585e1832f9230c43bd6066742cfcd0b) Importer(815301076,1909f56bfc062723c751e8b465ee728b)
Number of updated assets reloaded before import = 0
Start importing Assets/Horror_Mansion/Models/House/Roof_Bay_Window.fbx using Guid(b585e1832f9230c43bd6066742cfcd0b) Importer(815301076,1909f56bfc062723c751e8b465ee728b)  -> (artifact id: '4e0e9f667ad1b9e6202fd90122fa0024') in 0.037400 seconds 
Number of asset objects unloaded after import = 23
========================================================================
Received Import Request.
  Time since last request: 0.598869 seconds.
  path: Assets/Horror_Mansion/Models/House/Wall_Interior_0,5m_01.fbx
  artifactKey: Guid(9f2f50ac7e0c42440a69c6efcba699a2) Importer(815301076,1909f56bfc062723c751e8b465ee728b)
Number of updated assets reloaded before import = 0
Start importing Assets/Horror_Mansion/Models/House/Wall_Interior_0,5m_01.fbx using Guid(9f2f50ac7e0c42440a69c6efcba699a2) Importer(815301076,1909f56bfc062723c751e8b465ee728b)  -> (artifact id: 'f0081957db55117bb47bebecbb2007bd') in 0.047389 seconds 
Number of asset objects unloaded after import = 12
========================================================================
Received Import Request.
  Time since last request: 0.000022 seconds.
  path: Assets/Horror_Mansion/Models/House/Wall_Windows_01.fbx
  artifactKey: Guid(331e83065517572449b059d382f113bc) Importer(815301076,1909f56bfc062723c751e8b465ee728b)
Number of updated assets reloaded before import = 0
Start importing Assets/Horror_Mansion/Models/House/Wall_Windows_01.fbx using Guid(331e83065517572449b059d382f113bc) Importer(815301076,1909f56bfc062723c751e8b465ee728b)  -> (artifact id: '21ae6a309e64ffdcc7b87cfb0dd2788e') in 0.069470 seconds 
Number of asset objects unloaded after import = 33
========================================================================
Received Import Request.
  Time since last request: 0.000033 seconds.
  path: Assets/Horror_Mansion/Models/House/Wall_Secret_Passage.fbx
  artifactKey: Guid(b550326f020336e45bffe0b729c130cc) Importer(815301076,1909f56bfc062723c751e8b465ee728b)
Number of updated assets reloaded before import = 0
Start importing Assets/Horror_Mansion/Models/House/Wall_Secret_Passage.fbx using Guid(b550326f020336e45bffe0b729c130cc) Importer(815301076,1909f56bfc062723c751e8b465ee728b)  -> (artifact id: '3557334b2f5611c793a82655f64f258d') in 0.157001 seconds 
Number of asset objects unloaded after import = 50
========================================================================
Received Import Request.
  Time since last request: 14.055782 seconds.
  path: Assets/Horror_Mansion/Other/Demo_Profile.asset
  artifactKey: Guid(19193ba81ff75e348b5f62cf6a0e9421) Importer(815301076,1909f56bfc062723c751e8b465ee728b)
Number of updated assets reloaded before import = 0
Start importing Assets/Horror_Mansion/Other/Demo_Profile.asset using Guid(19193ba81ff75e348b5f62cf6a0e9421) Importer(815301076,1909f56bfc062723c751e8b465ee728b)  -> (artifact id: '804a4cd915a54b144c0b65e1611339e2') in 0.010242 seconds 
Number of asset objects unloaded after import = 1
========================================================================
Received Import Request.
  Time since last request: 0.000018 seconds.
  path: Assets/Horror_Mansion/Other/Text.prefab
  artifactKey: Guid(c129f1f930e536e4980cc7ddc2937399) Importer(815301076,1909f56bfc062723c751e8b465ee728b)
Number of updated assets reloaded before import = 0
Start importing Assets/Horror_Mansion/Other/Text.prefab using Guid(c129f1f930e536e4980cc7ddc2937399) Importer(815301076,1909f56bfc062723c751e8b465ee728b)  -> (artifact id: 'a337c542519a9c4008d19bd814bfb49a') in 0.013545 seconds 
Number of asset objects unloaded after import = 6
========================================================================
Received Import Request.
  Time since last request: 7.194071 seconds.
  path: Assets/Horror_Mansion/Models/Props/Ballpoint_Pen_01.fbx
  artifactKey: Guid(ed206389acd7e1a459671cf9f660cf16) Importer(815301076,1909f56bfc062723c751e8b465ee728b)
Number of updated assets reloaded before import = 0
Start importing Assets/Horror_Mansion/Models/Props/Ballpoint_Pen_01.fbx using Guid(ed206389acd7e1a459671cf9f660cf16) Importer(815301076,1909f56bfc062723c751e8b465ee728b)  -> (artifact id: '0e0c4687f0180d2b13db6a363cf7ff94') in 0.089082 seconds 
Number of asset objects unloaded after import = 20
========================================================================
Received Import Request.
  Time since last request: 0.000012 seconds.
  path: Assets/Horror_Mansion/Models/Props/Magnifier.fbx
  artifactKey: Guid(70f53b20482903441b3736036fd6c92f) Importer(815301076,1909f56bfc062723c751e8b465ee728b)
Number of updated assets reloaded before import = 0
Start importing Assets/Horror_Mansion/Models/Props/Magnifier.fbx using Guid(70f53b20482903441b3736036fd6c92f) Importer(815301076,1909f56bfc062723c751e8b465ee728b)  -> (artifact id: 'c864b07bd7011bd9f0db4548045671b6') in 0.094609 seconds 
Number of asset objects unloaded after import = 30
========================================================================
Received Import Request.
  Time since last request: 0.000157 seconds.
  path: Assets/Horror_Mansion/Models/Props/Books_09.fbx
  artifactKey: Guid(2509fa4f52441b640b3e592bc7780396) Importer(815301076,1909f56bfc062723c751e8b465ee728b)
Number of updated assets reloaded before import = 0
Start importing Assets/Horror_Mansion/Models/Props/Books_09.fbx using Guid(2509fa4f52441b640b3e592bc7780396) Importer(815301076,1909f56bfc062723c751e8b465ee728b)  -> (artifact id: '743ef01efc7e9cd70da8e301180888e5') in 0.030736 seconds 
Number of asset objects unloaded after import = 12
========================================================================
Received Import Request.
  Time since last request: 0.000016 seconds.
  path: Assets/Horror_Mansion/Models/Props/Books_14.fbx
  artifactKey: Guid(cd7426e4bf802b84f85630f6fa6b2658) Importer(815301076,1909f56bfc062723c751e8b465ee728b)
Number of updated assets reloaded before import = 0
Start importing Assets/Horror_Mansion/Models/Props/Books_14.fbx using Guid(cd7426e4bf802b84f85630f6fa6b2658) Importer(815301076,1909f56bfc062723c751e8b465ee728b)  -> (artifact id: '4dac4d533b1431a00427957be046868b') in 0.035826 seconds 
Number of asset objects unloaded after import = 20
========================================================================
Received Import Request.
  Time since last request: 0.000020 seconds.
  path: Assets/Horror_Mansion/Models/Props/Metal_Tray_01.fbx
  artifactKey: Guid(31867f02d2846df46a4b7067ba630a47) Importer(815301076,1909f56bfc062723c751e8b465ee728b)
Number of updated assets reloaded before import = 0
Start importing Assets/Horror_Mansion/Models/Props/Metal_Tray_01.fbx using Guid(31867f02d2846df46a4b7067ba630a47) Importer(815301076,1909f56bfc062723c751e8b465ee728b)  -> (artifact id: '37bf853133d65eb09083b6c558fef27c') in 0.047732 seconds 
Number of asset objects unloaded after import = 25
========================================================================
Received Import Request.
  Time since last request: 0.000014 seconds.
  path: Assets/Horror_Mansion/Models/Props/Books_11.fbx
  artifactKey: Guid(ed30c70a32eb4f04fb6abaa572cea608) Importer(815301076,1909f56bfc062723c751e8b465ee728b)
Number of updated assets reloaded before import = 0
Start importing Assets/Horror_Mansion/Models/Props/Books_11.fbx using Guid(ed30c70a32eb4f04fb6abaa572cea608) Importer(815301076,1909f56bfc062723c751e8b465ee728b)  -> (artifact id: 'bd6131b4b70f2b732c30e978fe9cf7f8') in 0.021972 seconds 
Number of asset objects unloaded after import = 12
========================================================================
Received Import Request.
  Time since last request: 0.000013 seconds.
  path: Assets/Horror_Mansion/Models/Props/Butter_Dish.fbx
  artifactKey: Guid(11ff573544426b746bae209b5a85e634) Importer(815301076,1909f56bfc062723c751e8b465ee728b)
Number of updated assets reloaded before import = 0
Start importing Assets/Horror_Mansion/Models/Props/Butter_Dish.fbx using Guid(11ff573544426b746bae209b5a85e634) Importer(815301076,1909f56bfc062723c751e8b465ee728b)  -> (artifact id: '9090dac0bb0666e837fe72040a249ebc') in 0.049520 seconds 
Number of asset objects unloaded after import = 25
========================================================================
Received Import Request.
  Time since last request: 0.000014 seconds.
  path: Assets/Horror_Mansion/Models/Props/Magic_Ball.fbx
  artifactKey: Guid(1bafb0d41f367c848973e1a7dc6637b7) Importer(815301076,1909f56bfc062723c751e8b465ee728b)
Number of updated assets reloaded before import = 0
Start importing Assets/Horror_Mansion/Models/Props/Magic_Ball.fbx using Guid(1bafb0d41f367c848973e1a7dc6637b7) Importer(815301076,1909f56bfc062723c751e8b465ee728b)  -> (artifact id: 'f206530beec53229c622fd7cdf7db122') in 0.085205 seconds 
Number of asset objects unloaded after import = 26
========================================================================
Received Import Request.
  Time since last request: 0.000013 seconds.
  path: Assets/Horror_Mansion/Models/Props/Jewelry_Box.fbx
  artifactKey: Guid(b09c4b0ad80b1b345b4a509090e0997e) Importer(815301076,1909f56bfc062723c751e8b465ee728b)
Number of updated assets reloaded before import = 0
Start importing Assets/Horror_Mansion/Models/Props/Jewelry_Box.fbx using Guid(b09c4b0ad80b1b345b4a509090e0997e) Importer(815301076,1909f56bfc062723c751e8b465ee728b)  -> (artifact id: '4d94d2ef9f87cb5e0d0547ccc3414481') in 0.034212 seconds 
Number of asset objects unloaded after import = 19
========================================================================
Received Import Request.
  Time since last request: 1.127266 seconds.
  path: Assets/Horror_Mansion/Models/Props/Pelvis_Bones.fbx
  artifactKey: Guid(4acd5dae298821c49b3e5064ac13516a) Importer(815301076,1909f56bfc062723c751e8b465ee728b)
Number of updated assets reloaded before import = 0
Start importing Assets/Horror_Mansion/Models/Props/Pelvis_Bones.fbx using Guid(4acd5dae298821c49b3e5064ac13516a) Importer(815301076,1909f56bfc062723c751e8b465ee728b)  -> (artifact id: '0a1db063c2851f172ec43a12c89d0f27') in 0.072894 seconds 
Number of asset objects unloaded after import = 25
========================================================================
Received Import Request.
  Time since last request: 0.000016 seconds.
  path: Assets/Horror_Mansion/Models/Props/Picture_08.fbx
  artifactKey: Guid(4599687ef688dff40886b8b11ceeac06) Importer(815301076,1909f56bfc062723c751e8b465ee728b)
Number of updated assets reloaded before import = 0
Start importing Assets/Horror_Mansion/Models/Props/Picture_08.fbx using Guid(4599687ef688dff40886b8b11ceeac06) Importer(815301076,1909f56bfc062723c751e8b465ee728b)  -> (artifact id: '757f12d3b5a27a5c61bf9ed8740a9a7f') in 0.032645 seconds 
Number of asset objects unloaded after import = 12
========================================================================
Received Import Request.
  Time since last request: 0.632233 seconds.
  path: Assets/Horror_Mansion/Models/Props/Piece_Paper_03.fbx
  artifactKey: Guid(31eb465d3fdf14042b025cb866101d87) Importer(815301076,1909f56bfc062723c751e8b465ee728b)
Number of updated assets reloaded before import = 0
Start importing Assets/Horror_Mansion/Models/Props/Piece_Paper_03.fbx using Guid(31eb465d3fdf14042b025cb866101d87) Importer(815301076,1909f56bfc062723c751e8b465ee728b)  -> (artifact id: '559a26e353ecf26f6c79759b010d6d97') in 0.057237 seconds 
Number of asset objects unloaded after import = 12
========================================================================
Received Import Request.
  Time since last request: 0.000010 seconds.
  path: Assets/Horror_Mansion/Models/Props/Saw.fbx
  artifactKey: Guid(4348b42160729674d8e3dd7403dd7218) Importer(815301076,1909f56bfc062723c751e8b465ee728b)
Number of updated assets reloaded before import = 0
Start importing Assets/Horror_Mansion/Models/Props/Saw.fbx using Guid(4348b42160729674d8e3dd7403dd7218) Importer(815301076,1909f56bfc062723c751e8b465ee728b)  -> (artifact id: '4fa90aa16368c150c9f9f35188f9e15e') in 0.047937 seconds 
Number of asset objects unloaded after import = 25
========================================================================
Received Import Request.
  Time since last request: 0.000015 seconds.
  path: Assets/Horror_Mansion/Models/Props/Salt_Shaker.fbx
  artifactKey: Guid(2860fa8b4de0a60479082140db652c3e) Importer(815301076,1909f56bfc062723c751e8b465ee728b)
Number of updated assets reloaded before import = 0
Start importing Assets/Horror_Mansion/Models/Props/Salt_Shaker.fbx using Guid(2860fa8b4de0a60479082140db652c3e) Importer(815301076,1909f56bfc062723c751e8b465ee728b)  -> (artifact id: '078805df790db1bd5d67f79b16eda13e') in 0.044966 seconds 
Number of asset objects unloaded after import = 25
========================================================================
Received Import Request.
  Time since last request: 0.170489 seconds.
  path: Assets/Horror_Mansion/Models/Props/Skull_Bone.fbx
  artifactKey: Guid(f9e322384bbdf2641bae259a2dcbf27d) Importer(815301076,1909f56bfc062723c751e8b465ee728b)
Number of updated assets reloaded before import = 0
Start importing Assets/Horror_Mansion/Models/Props/Skull_Bone.fbx using Guid(f9e322384bbdf2641bae259a2dcbf27d) Importer(815301076,1909f56bfc062723c751e8b465ee728b)  -> (artifact id: '7098148533dc99e34d742f83854ce532') in 0.032928 seconds 
Number of asset objects unloaded after import = 25
========================================================================
Received Import Request.
  Time since last request: 0.000013 seconds.
  path: Assets/Horror_Mansion/Models/Props/Suitcase_02.fbx
  artifactKey: Guid(a83c48ea8df28a1489f9bafd064ba847) Importer(815301076,1909f56bfc062723c751e8b465ee728b)
Number of updated assets reloaded before import = 0
Start importing Assets/Horror_Mansion/Models/Props/Suitcase_02.fbx using Guid(a83c48ea8df28a1489f9bafd064ba847) Importer(815301076,1909f56bfc062723c751e8b465ee728b)  -> (artifact id: 'bc40b1a073c511e43bccd827e4f735f0') in 0.095728 seconds 
Number of asset objects unloaded after import = 25
Editor requested this worker to shutdown with reason: Scaling down because of idle timeout
AssetImportWorker is now disconnected from the server
Process exiting
Exiting without the bug reporter. Application will terminate with return code 0