Using pre-set license
Built from '2021.3/staging' branch; Version is '2021.3.39f1 (fb3b7b32f191) revision 16464763'; Using compiler version '192829333'; Build Type 'Release'
OS: 'Windows 11  (10.0.26100) 64bit Professional' Language: 'en' Physical Memory: 32603 MB
BatchMode: 1, IsHumanControllingUs: 0, StartBugReporterOnCrash: 0, Is64bit: 1, IsPro: 1

COMMAND LINE ARGUMENTS:
C:\Program Files\Unity\Hub\Editor\2021.3.39f1\Editor\Unity.exe
-adb2
-batchMode
-noUpm
-name
AssetImportWorker11
-projectPath
C:/Github/Blackwoods-Curse/BlackwoodsCurse
-logFile
Logs/AssetImportWorker11.log
-srvPort
57426
Successfully changed project path to: C:/Github/Blackwoods-Curse/BlackwoodsCurse
C:/Github/Blackwoods-Curse/BlackwoodsCurse
[UnityMemory] Configuration Parameters - Can be set up in boot.config
    "memorysetup-bucket-allocator-granularity=16"
    "memorysetup-bucket-allocator-bucket-count=8"
    "memorysetup-bucket-allocator-block-size=33554432"
    "memorysetup-bucket-allocator-block-count=8"
    "memorysetup-main-allocator-block-size=16777216"
    "memorysetup-thread-allocator-block-size=16777216"
    "memorysetup-gfx-main-allocator-block-size=16777216"
    "memorysetup-gfx-thread-allocator-block-size=16777216"
    "memorysetup-cache-allocator-block-size=4194304"
    "memorysetup-typetree-allocator-block-size=2097152"
    "memorysetup-profiler-bucket-allocator-granularity=16"
    "memorysetup-profiler-bucket-allocator-bucket-count=8"
    "memorysetup-profiler-bucket-allocator-block-size=33554432"
    "memorysetup-profiler-bucket-allocator-block-count=8"
    "memorysetup-profiler-allocator-block-size=16777216"
    "memorysetup-profiler-editor-allocator-block-size=1048576"
    "memorysetup-temp-allocator-size-main=16777216"
    "memorysetup-job-temp-allocator-block-size=2097152"
    "memorysetup-job-temp-allocator-block-size-background=1048576"
    "memorysetup-job-temp-allocator-reduction-small-platforms=262144"
    "memorysetup-temp-allocator-size-background-worker=32768"
    "memorysetup-temp-allocator-size-job-worker=262144"
    "memorysetup-temp-allocator-size-preload-manager=33554432"
    "memorysetup-temp-allocator-size-nav-mesh-worker=65536"
    "memorysetup-temp-allocator-size-audio-worker=65536"
    "memorysetup-temp-allocator-size-cloud-worker=32768"
    "memorysetup-temp-allocator-size-gi-baking-worker=262144"
    "memorysetup-temp-allocator-size-gfx=262144"
Player connection [27644] Host "[IP] 192.168.52.1 [Port] 0 [Flags] 2 [Guid] 1788692297 [EditorId] 1788692297 [Version] 1048832 [Id] WindowsEditor(7,MAYAR-DESKTOP) [Debug] 1 [PackageName] WindowsEditor [ProjectName] Editor" joined multi-casting on [225.0.0.222:54997]...

Player connection [27644] Host "[IP] 192.168.52.1 [Port] 0 [Flags] 2 [Guid] 1788692297 [EditorId] 1788692297 [Version] 1048832 [Id] WindowsEditor(7,MAYAR-DESKTOP) [Debug] 1 [PackageName] WindowsEditor [ProjectName] Editor" joined alternative multi-casting on [225.0.0.222:34997]...

[Physics::Module] Initialized MultithreadedJobDispatcher with {0} workers.
Refreshing native plugins compatible for Editor in 48.37 ms, found 3 plugins.
Preloading 0 native plugins for Editor in 0.00 ms.
Initialize engine version: 2021.3.39f1 (fb3b7b32f191)
[Subsystems] Discovering subsystems at path C:/Program Files/Unity/Hub/Editor/2021.3.39f1/Editor/Data/Resources/UnitySubsystems
[Subsystems] Discovering subsystems at path C:/Github/Blackwoods-Curse/BlackwoodsCurse/Assets
GfxDevice: creating device client; threaded=0; jobified=0
Direct3D:
    Version:  Direct3D 11.0 [level 11.1]
    Renderer: NVIDIA GeForce RTX 3060 (ID=0x2504)
    Vendor:   NVIDIA
    VRAM:     12115 MB
    Driver:   32.0.15.6094
Initialize mono
Mono path[0] = 'C:/Program Files/Unity/Hub/Editor/2021.3.39f1/Editor/Data/Managed'
Mono path[1] = 'C:/Program Files/Unity/Hub/Editor/2021.3.39f1/Editor/Data/MonoBleedingEdge/lib/mono/unityjit-win32'
Mono config path = 'C:/Program Files/Unity/Hub/Editor/2021.3.39f1/Editor/Data/MonoBleedingEdge/etc'
Using monoOptions --debugger-agent=transport=dt_socket,embedding=1,server=y,suspend=n,address=127.0.0.1:56648
Begin MonoManager ReloadAssembly
Registering precompiled unity dll's ...
Register platform support module: C:/Program Files/Unity/Hub/Editor/2021.3.39f1/Editor/Data/PlaybackEngines/WindowsStandaloneSupport/UnityEditor.WindowsStandalone.Extensions.dll
Registered in 0.002129 seconds.
Native extension for WindowsStandalone target not found
Refreshing native plugins compatible for Editor in 47.08 ms, found 3 plugins.
Preloading 0 native plugins for Editor in 0.00 ms.
Mono: successfully reloaded assembly
- Completed reload, in  0.332 seconds
Domain Reload Profiling:
	ReloadAssembly (332ms)
		BeginReloadAssembly (50ms)
			ExecutionOrderSort (0ms)
			DisableScriptedObjects (0ms)
			BackupInstance (0ms)
			ReleaseScriptingObjects (0ms)
			CreateAndSetChildDomain (0ms)
		EndReloadAssembly (234ms)
			LoadAssemblies (49ms)
			RebuildTransferFunctionScriptingTraits (0ms)
			SetupTypeCache (54ms)
			ReleaseScriptCaches (0ms)
			RebuildScriptCaches (14ms)
			SetupLoadedEditorAssemblies (144ms)
				LogAssemblyErrors (0ms)
				InitializePlatformSupportModulesInManaged (4ms)
				SetLoadedEditorAssemblies (0ms)
				RefreshPlugins (47ms)
				BeforeProcessingInitializeOnLoad (1ms)
				ProcessInitializeOnLoadAttributes (67ms)
				ProcessInitializeOnLoadMethodAttributes (25ms)
				AfterProcessingInitializeOnLoad (0ms)
				EditorAssembliesLoaded (0ms)
			ExecutionOrderSort2 (0ms)
			AwakeInstancesAfterBackupRestoration (0ms)
Platform modules already initialized, skipping
Registering precompiled user dll's ...
Registered in 0.004867 seconds.
Begin MonoManager ReloadAssembly
Native extension for WindowsStandalone target not found
Refreshing native plugins compatible for Editor in 47.98 ms, found 3 plugins.
Preloading 0 native plugins for Editor in 0.00 ms.
Package Manager log level set to [2]
[Package Manager] Server::EnsureServerProcessIsRunning -- launch failed, reason: Unity was launched with the -noUpm command-line argument
[Package Manager] Cannot connect to Unity Package Manager local server
Mono: successfully reloaded assembly
- Completed reload, in  1.034 seconds
Domain Reload Profiling:
	ReloadAssembly (1035ms)
		BeginReloadAssembly (69ms)
			ExecutionOrderSort (0ms)
			DisableScriptedObjects (3ms)
			BackupInstance (0ms)
			ReleaseScriptingObjects (0ms)
			CreateAndSetChildDomain (10ms)
		EndReloadAssembly (910ms)
			LoadAssemblies (59ms)
			RebuildTransferFunctionScriptingTraits (0ms)
			SetupTypeCache (174ms)
			ReleaseScriptCaches (0ms)
			RebuildScriptCaches (29ms)
			SetupLoadedEditorAssemblies (639ms)
				LogAssemblyErrors (0ms)
				InitializePlatformSupportModulesInManaged (2ms)
				SetLoadedEditorAssemblies (0ms)
				RefreshPlugins (48ms)
				BeforeProcessingInitializeOnLoad (54ms)
				ProcessInitializeOnLoadAttributes (498ms)
				ProcessInitializeOnLoadMethodAttributes (34ms)
				AfterProcessingInitializeOnLoad (3ms)
				EditorAssembliesLoaded (0ms)
			ExecutionOrderSort2 (0ms)
			AwakeInstancesAfterBackupRestoration (4ms)
Platform modules already initialized, skipping
========================================================================
Worker process is ready to serve import requests
Launched and connected shader compiler UnityShaderCompiler.exe after 0.03 seconds
Refreshing native plugins compatible for Editor in 0.56 ms, found 3 plugins.
Preloading 0 native plugins for Editor in 0.00 ms.
Unloading 4477 Unused Serialized files (Serialized files now loaded: 0)
Unloading 43 unused Assets / (334.8 KB). Loaded Objects now: 4953.
Memory consumption went from 242.9 MB to 242.6 MB.
Total: 1.885700 ms (FindLiveObjects: 0.172000 ms CreateObjectMapping: 0.060000 ms MarkObjects: 1.572400 ms  DeleteObjects: 0.080700 ms)

AssetImportParameters requested are different than current active one (requested -> active):
  custom:video-decoder-ogg-theora: a1e56fd34408186e4bbccfd4996cb3dc -> 
  custom:container-muxer-webm: aa71ff27fc2769a1b78a27578f13a17b -> 
  custom:container-demuxer-webm: 4f35f7cbe854078d1ac9338744f61a02 -> 
  custom:video-encoder-webm-vp8: eb34c28f22e8b96e1ab97ce403110664 -> 
  custom:video-codec-MediaFoundation-h265: 746d11721c4dcdbdad8f713fa42b33f4 -> 
  custom:CustomObjectIndexerAttribute: bc11b3a6c3213fcdd17b65e7da85e133 -> 
  custom:audio-encoder-webm-vorbis: bf7c407c2cedff20999df2af8eb42d56 -> 
  custom:framework-win-MediaFoundation: 216162199b28c13a410421893ffa2e32 -> 
  custom:SearchIndexIgnoredProperties: e643bd26f0fe6173181afceb89e7c659 -> 
  custom:container-demuxer-ogg: 62fdf1f143b41e24485cea50d1cbac27 -> 
  custom:video-decoder-webm-vp8: 9c59270c3fd7afecdb556c50c9e8de78 -> 
  custom:audio-decoder-ogg-vorbis: bf7c407c2cedff20999df2af8eb42d56 -> 
========================================================================
Received Import Request.
  Time since last request: 185551.438282 seconds.
  path: Assets/GPVFX_POTIONS PACK/3D/POTIONS 3D_Materials/3d Potion A_Fill 1.mat
  artifactKey: Guid(f06e6e28c46ad3e42b44ed272bd83452) Importer(815301076,1909f56bfc062723c751e8b465ee728b)
Number of updated assets reloaded before import = 0
Start importing Assets/GPVFX_POTIONS PACK/3D/POTIONS 3D_Materials/3d Potion A_Fill 1.mat using Guid(f06e6e28c46ad3e42b44ed272bd83452) Importer(815301076,1909f56bfc062723c751e8b465ee728b)  -> (artifact id: 'c517829629df52f5ab31296ecedb7010') in 0.150905 seconds 
Number of asset objects unloaded after import = 2
========================================================================
Received Import Request.
  Time since last request: 16.081799 seconds.
  path: Assets/GPVFX_POTIONS PACK/3D/POTIONS 3D_Materials/3d Potion A_Fill.mat
  artifactKey: Guid(c5d81214b2af0493082fef7a9ef0dca2) Importer(815301076,1909f56bfc062723c751e8b465ee728b)
Number of updated assets reloaded before import = 0
Start importing Assets/GPVFX_POTIONS PACK/3D/POTIONS 3D_Materials/3d Potion A_Fill.mat using Guid(c5d81214b2af0493082fef7a9ef0dca2) Importer(815301076,1909f56bfc062723c751e8b465ee728b)  -> (artifact id: 'bac00c7bb060aa08b69c8c48ec4ea4ad') in 0.008258 seconds 
Number of asset objects unloaded after import = 2
========================================================================
Received Import Request.
  Time since last request: 143.819274 seconds.
  path: Assets/Flasks
  artifactKey: Guid(928b908b13f0aaa4aaacab899592736e) Importer(815301076,1909f56bfc062723c751e8b465ee728b)
Number of updated assets reloaded before import = 0
Start importing Assets/Flasks using Guid(928b908b13f0aaa4aaacab899592736e) Importer(815301076,1909f56bfc062723c751e8b465ee728b)  -> (artifact id: '4a1ffd568220c24b79f4e89bebe7db2d') in 0.008281 seconds 
Number of asset objects unloaded after import = 0
========================================================================
Received Import Request.
  Time since last request: 57.285660 seconds.
  path: Assets/Horror_Mansion/Models/Furniture/Armchair.fbx
  artifactKey: Guid(caf958b58984dfb438b3f35dede4e969) Importer(815301076,1909f56bfc062723c751e8b465ee728b)
Number of updated assets reloaded before import = 0
Start importing Assets/Horror_Mansion/Models/Furniture/Armchair.fbx using Guid(caf958b58984dfb438b3f35dede4e969) Importer(815301076,1909f56bfc062723c751e8b465ee728b)  -> (artifact id: '80fb6b64ae27ab4fa0c6f3842217cc51') in 0.069615 seconds 
Number of asset objects unloaded after import = 25
========================================================================
Received Import Request.
  Time since last request: 0.000019 seconds.
  path: Assets/Horror_Mansion/Models/Furniture/Dresser_01.fbx
  artifactKey: Guid(2ced1853dbe6bb44aa05e831145a7dc0) Importer(815301076,1909f56bfc062723c751e8b465ee728b)
Number of updated assets reloaded before import = 0
Start importing Assets/Horror_Mansion/Models/Furniture/Dresser_01.fbx using Guid(2ced1853dbe6bb44aa05e831145a7dc0) Importer(815301076,1909f56bfc062723c751e8b465ee728b)  -> (artifact id: 'ed0719d31b620f9b5976c805ce5d07e2') in 0.054066 seconds 
Number of asset objects unloaded after import = 65
========================================================================
Received Import Request.
  Time since last request: 0.000013 seconds.
  path: Assets/Horror_Mansion/Models/Furniture/Fireplace.fbx
  artifactKey: Guid(f5797ee84b266c14a909750545c11629) Importer(815301076,1909f56bfc062723c751e8b465ee728b)
Number of updated assets reloaded before import = 0
Start importing Assets/Horror_Mansion/Models/Furniture/Fireplace.fbx using Guid(f5797ee84b266c14a909750545c11629) Importer(815301076,1909f56bfc062723c751e8b465ee728b)  -> (artifact id: '5db5ad9b6495abb2e879503c2a7ed96e') in 0.029270 seconds 
Number of asset objects unloaded after import = 26
========================================================================
Received Import Request.
  Time since last request: 0.000013 seconds.
  path: Assets/Horror_Mansion/Models/Furniture/Sofa.fbx
  artifactKey: Guid(76ac8da180a88b24d8f58ec19b04afba) Importer(815301076,1909f56bfc062723c751e8b465ee728b)
Number of updated assets reloaded before import = 0
Start importing Assets/Horror_Mansion/Models/Furniture/Sofa.fbx using Guid(76ac8da180a88b24d8f58ec19b04afba) Importer(815301076,1909f56bfc062723c751e8b465ee728b)  -> (artifact id: '3db790b69819975e5176751af2ca1d84') in 0.024110 seconds 
Number of asset objects unloaded after import = 25
========================================================================
Received Import Request.
  Time since last request: 0.000018 seconds.
  path: Assets/Horror_Mansion/Models/Furniture/Dining_Table.fbx
  artifactKey: Guid(8b40228c0c5a442419ea289c7c3329a4) Importer(815301076,1909f56bfc062723c751e8b465ee728b)
Number of updated assets reloaded before import = 0
Start importing Assets/Horror_Mansion/Models/Furniture/Dining_Table.fbx using Guid(8b40228c0c5a442419ea289c7c3329a4) Importer(815301076,1909f56bfc062723c751e8b465ee728b)  -> (artifact id: 'a5389e5ecb10eb00c95a041ea0fecc22') in 0.028689 seconds 
Number of asset objects unloaded after import = 25
========================================================================
Received Import Request.
  Time since last request: 0.000018 seconds.
  path: Assets/Horror_Mansion/Models/Furniture/Chest.fbx
  artifactKey: Guid(3698c232b37ced24eab6570075395112) Importer(815301076,1909f56bfc062723c751e8b465ee728b)
Number of updated assets reloaded before import = 0
Start importing Assets/Horror_Mansion/Models/Furniture/Chest.fbx using Guid(3698c232b37ced24eab6570075395112) Importer(815301076,1909f56bfc062723c751e8b465ee728b)  -> (artifact id: '73425b88f375b70c1b2b851b0ccb63c6') in 0.029310 seconds 
Number of asset objects unloaded after import = 25
========================================================================
Received Import Request.
  Time since last request: 0.000013 seconds.
  path: Assets/Horror_Mansion/Models/Furniture/Bed.fbx
  artifactKey: Guid(5c643e6b4aafaca408c98a3563071df1) Importer(815301076,1909f56bfc062723c751e8b465ee728b)
Number of updated assets reloaded before import = 0
Start importing Assets/Horror_Mansion/Models/Furniture/Bed.fbx using Guid(5c643e6b4aafaca408c98a3563071df1) Importer(815301076,1909f56bfc062723c751e8b465ee728b)  -> (artifact id: '6c085690c277e325650311dfd7ad1f0e') in 0.030150 seconds 
Number of asset objects unloaded after import = 25
========================================================================
Received Import Request.
  Time since last request: 0.000016 seconds.
  path: Assets/Horror_Mansion/Models/Furniture/Fabric_Bookcase_01.fbx
  artifactKey: Guid(93fb1a4f048a1d146b0d623c71086928) Importer(815301076,1909f56bfc062723c751e8b465ee728b)
Number of updated assets reloaded before import = 0
Start importing Assets/Horror_Mansion/Models/Furniture/Fabric_Bookcase_01.fbx using Guid(93fb1a4f048a1d146b0d623c71086928) Importer(815301076,1909f56bfc062723c751e8b465ee728b)  -> (artifact id: 'e8b5d9c298dd77011075bbbc8334fe74') in 0.029439 seconds 
Number of asset objects unloaded after import = 24
========================================================================
Received Import Request.
  Time since last request: 0.000012 seconds.
  path: Assets/Horror_Mansion/Models/Furniture/Chair.fbx
  artifactKey: Guid(38c7d4416fb942840a8b65d2888aca53) Importer(815301076,1909f56bfc062723c751e8b465ee728b)
Number of updated assets reloaded before import = 0
Start importing Assets/Horror_Mansion/Models/Furniture/Chair.fbx using Guid(38c7d4416fb942840a8b65d2888aca53) Importer(815301076,1909f56bfc062723c751e8b465ee728b)  -> (artifact id: '6def19dbff3aabf9e8ad0207727826b1') in 0.031646 seconds 
Number of asset objects unloaded after import = 25
========================================================================
Received Import Request.
  Time since last request: 0.000015 seconds.
  path: Assets/Horror_Mansion/Models/Furniture/Work_Desk.fbx
  artifactKey: Guid(9c07629d6238e924980c363ccb84e330) Importer(815301076,1909f56bfc062723c751e8b465ee728b)
Number of updated assets reloaded before import = 0
Start importing Assets/Horror_Mansion/Models/Furniture/Work_Desk.fbx using Guid(9c07629d6238e924980c363ccb84e330) Importer(815301076,1909f56bfc062723c751e8b465ee728b)  -> (artifact id: '7f1c4537ff5f7acd2a737c14608500e6') in 0.051996 seconds 
Number of asset objects unloaded after import = 55
========================================================================
Received Import Request.
  Time since last request: 0.000012 seconds.
  path: Assets/Horror_Mansion/Models/Furniture/Cupboard_Dishes.fbx
  artifactKey: Guid(3e332c9eab061c24488d1f11d745d76a) Importer(815301076,1909f56bfc062723c751e8b465ee728b)
Number of updated assets reloaded before import = 0
Start importing Assets/Horror_Mansion/Models/Furniture/Cupboard_Dishes.fbx using Guid(3e332c9eab061c24488d1f11d745d76a) Importer(815301076,1909f56bfc062723c751e8b465ee728b)  -> (artifact id: 'e0efbca211498c584799eca7d27f45a8') in 0.103745 seconds 
Number of asset objects unloaded after import = 84
Editor requested this worker to shutdown with reason: Scaling down because of idle timeout
AssetImportWorker is now disconnected from the server
Process exiting
Exiting without the bug reporter. Application will terminate with return code 0