Using pre-set license
Built from '2021.3/staging' branch; Version is '2021.3.39f1 (fb3b7b32f191) revision 16464763'; Using compiler version '192829333'; Build Type 'Release'
OS: 'Windows 11  (10.0.26100) 64bit Professional' Language: 'en' Physical Memory: 32603 MB
BatchMode: 1, IsHumanControllingUs: 0, StartBugReporterOnCrash: 0, Is64bit: 1, IsPro: 1

COMMAND LINE ARGUMENTS:
C:\Program Files\Unity\Hub\Editor\2021.3.39f1\Editor\Unity.exe
-adb2
-batchMode
-noUpm
-name
AssetImportWorker6
-projectPath
C:/Github/Blackwoods-Curse/BlackwoodsCurse
-logFile
Logs/AssetImportWorker6.log
-srvPort
57426
Successfully changed project path to: C:/Github/Blackwoods-Curse/BlackwoodsCurse
C:/Github/Blackwoods-Curse/BlackwoodsCurse
[UnityMemory] Configuration Parameters - Can be set up in boot.config
    "memorysetup-bucket-allocator-granularity=16"
    "memorysetup-bucket-allocator-bucket-count=8"
    "memorysetup-bucket-allocator-block-size=33554432"
    "memorysetup-bucket-allocator-block-count=8"
    "memorysetup-main-allocator-block-size=16777216"
    "memorysetup-thread-allocator-block-size=16777216"
    "memorysetup-gfx-main-allocator-block-size=16777216"
    "memorysetup-gfx-thread-allocator-block-size=16777216"
    "memorysetup-cache-allocator-block-size=4194304"
    "memorysetup-typetree-allocator-block-size=2097152"
    "memorysetup-profiler-bucket-allocator-granularity=16"
    "memorysetup-profiler-bucket-allocator-bucket-count=8"
    "memorysetup-profiler-bucket-allocator-block-size=33554432"
    "memorysetup-profiler-bucket-allocator-block-count=8"
    "memorysetup-profiler-allocator-block-size=16777216"
    "memorysetup-profiler-editor-allocator-block-size=1048576"
    "memorysetup-temp-allocator-size-main=16777216"
    "memorysetup-job-temp-allocator-block-size=2097152"
    "memorysetup-job-temp-allocator-block-size-background=1048576"
    "memorysetup-job-temp-allocator-reduction-small-platforms=262144"
    "memorysetup-temp-allocator-size-background-worker=32768"
    "memorysetup-temp-allocator-size-job-worker=262144"
    "memorysetup-temp-allocator-size-preload-manager=33554432"
    "memorysetup-temp-allocator-size-nav-mesh-worker=65536"
    "memorysetup-temp-allocator-size-audio-worker=65536"
    "memorysetup-temp-allocator-size-cloud-worker=32768"
    "memorysetup-temp-allocator-size-gi-baking-worker=262144"
    "memorysetup-temp-allocator-size-gfx=262144"
Player connection [30628] Host "[IP] 192.168.52.1 [Port] 0 [Flags] 2 [Guid] 124446297 [EditorId] 124446297 [Version] 1048832 [Id] WindowsEditor(7,MAYAR-DESKTOP) [Debug] 1 [PackageName] WindowsEditor [ProjectName] Editor" joined multi-casting on [225.0.0.222:54997]...

Player connection [30628] Host "[IP] 192.168.52.1 [Port] 0 [Flags] 2 [Guid] 124446297 [EditorId] 124446297 [Version] 1048832 [Id] WindowsEditor(7,MAYAR-DESKTOP) [Debug] 1 [PackageName] WindowsEditor [ProjectName] Editor" joined alternative multi-casting on [225.0.0.222:34997]...

[Physics::Module] Initialized MultithreadedJobDispatcher with {0} workers.
Refreshing native plugins compatible for Editor in 51.93 ms, found 3 plugins.
Preloading 0 native plugins for Editor in 0.00 ms.
Initialize engine version: 2021.3.39f1 (fb3b7b32f191)
[Subsystems] Discovering subsystems at path C:/Program Files/Unity/Hub/Editor/2021.3.39f1/Editor/Data/Resources/UnitySubsystems
[Subsystems] Discovering subsystems at path C:/Github/Blackwoods-Curse/BlackwoodsCurse/Assets
GfxDevice: creating device client; threaded=0; jobified=0
Direct3D:
    Version:  Direct3D 11.0 [level 11.1]
    Renderer: NVIDIA GeForce RTX 3060 (ID=0x2504)
    Vendor:   NVIDIA
    VRAM:     12115 MB
    Driver:   32.0.15.6094
Initialize mono
Mono path[0] = 'C:/Program Files/Unity/Hub/Editor/2021.3.39f1/Editor/Data/Managed'
Mono path[1] = 'C:/Program Files/Unity/Hub/Editor/2021.3.39f1/Editor/Data/MonoBleedingEdge/lib/mono/unityjit-win32'
Mono config path = 'C:/Program Files/Unity/Hub/Editor/2021.3.39f1/Editor/Data/MonoBleedingEdge/etc'
Using monoOptions --debugger-agent=transport=dt_socket,embedding=1,server=y,suspend=n,address=127.0.0.1:56272
Begin MonoManager ReloadAssembly
Registering precompiled unity dll's ...
Register platform support module: C:/Program Files/Unity/Hub/Editor/2021.3.39f1/Editor/Data/PlaybackEngines/WindowsStandaloneSupport/UnityEditor.WindowsStandalone.Extensions.dll
Registered in 0.002442 seconds.
Native extension for WindowsStandalone target not found
Refreshing native plugins compatible for Editor in 49.21 ms, found 3 plugins.
Preloading 0 native plugins for Editor in 0.00 ms.
Mono: successfully reloaded assembly
- Completed reload, in  0.361 seconds
Domain Reload Profiling:
	ReloadAssembly (361ms)
		BeginReloadAssembly (56ms)
			ExecutionOrderSort (0ms)
			DisableScriptedObjects (0ms)
			BackupInstance (0ms)
			ReleaseScriptingObjects (0ms)
			CreateAndSetChildDomain (1ms)
		EndReloadAssembly (251ms)
			LoadAssemblies (54ms)
			RebuildTransferFunctionScriptingTraits (0ms)
			SetupTypeCache (58ms)
			ReleaseScriptCaches (0ms)
			RebuildScriptCaches (14ms)
			SetupLoadedEditorAssemblies (156ms)
				LogAssemblyErrors (0ms)
				InitializePlatformSupportModulesInManaged (4ms)
				SetLoadedEditorAssemblies (0ms)
				RefreshPlugins (49ms)
				BeforeProcessingInitializeOnLoad (1ms)
				ProcessInitializeOnLoadAttributes (75ms)
				ProcessInitializeOnLoadMethodAttributes (27ms)
				AfterProcessingInitializeOnLoad (0ms)
				EditorAssembliesLoaded (0ms)
			ExecutionOrderSort2 (0ms)
			AwakeInstancesAfterBackupRestoration (0ms)
Platform modules already initialized, skipping
Registering precompiled user dll's ...
Registered in 0.004913 seconds.
Begin MonoManager ReloadAssembly
Native extension for WindowsStandalone target not found
Refreshing native plugins compatible for Editor in 50.14 ms, found 3 plugins.
Preloading 0 native plugins for Editor in 0.00 ms.
Package Manager log level set to [2]
[Package Manager] Server::EnsureServerProcessIsRunning -- launch failed, reason: Unity was launched with the -noUpm command-line argument
[Package Manager] Cannot connect to Unity Package Manager local server
Mono: successfully reloaded assembly
- Completed reload, in  1.040 seconds
Domain Reload Profiling:
	ReloadAssembly (1040ms)
		BeginReloadAssembly (76ms)
			ExecutionOrderSort (0ms)
			DisableScriptedObjects (3ms)
			BackupInstance (0ms)
			ReleaseScriptingObjects (0ms)
			CreateAndSetChildDomain (11ms)
		EndReloadAssembly (906ms)
			LoadAssemblies (59ms)
			RebuildTransferFunctionScriptingTraits (0ms)
			SetupTypeCache (172ms)
			ReleaseScriptCaches (0ms)
			RebuildScriptCaches (29ms)
			SetupLoadedEditorAssemblies (632ms)
				LogAssemblyErrors (0ms)
				InitializePlatformSupportModulesInManaged (2ms)
				SetLoadedEditorAssemblies (0ms)
				RefreshPlugins (50ms)
				BeforeProcessingInitializeOnLoad (54ms)
				ProcessInitializeOnLoadAttributes (489ms)
				ProcessInitializeOnLoadMethodAttributes (33ms)
				AfterProcessingInitializeOnLoad (4ms)
				EditorAssembliesLoaded (0ms)
			ExecutionOrderSort2 (0ms)
			AwakeInstancesAfterBackupRestoration (4ms)
Platform modules already initialized, skipping
========================================================================
Worker process is ready to serve import requests
Launched and connected shader compiler UnityShaderCompiler.exe after 0.03 seconds
Refreshing native plugins compatible for Editor in 0.53 ms, found 3 plugins.
Preloading 0 native plugins for Editor in 0.00 ms.
Unloading 4477 Unused Serialized files (Serialized files now loaded: 0)
Unloading 43 unused Assets / (334.3 KB). Loaded Objects now: 4949.
Memory consumption went from 242.3 MB to 242.0 MB.
Total: 1.818800 ms (FindLiveObjects: 0.167800 ms CreateObjectMapping: 0.054500 ms MarkObjects: 1.518100 ms  DeleteObjects: 0.077700 ms)

AssetImportParameters requested are different than current active one (requested -> active):
  custom:video-decoder-ogg-theora: a1e56fd34408186e4bbccfd4996cb3dc -> 
  custom:container-muxer-webm: aa71ff27fc2769a1b78a27578f13a17b -> 
  custom:container-demuxer-webm: 4f35f7cbe854078d1ac9338744f61a02 -> 
  custom:video-encoder-webm-vp8: eb34c28f22e8b96e1ab97ce403110664 -> 
  custom:video-codec-MediaFoundation-h265: 746d11721c4dcdbdad8f713fa42b33f4 -> 
  custom:CustomObjectIndexerAttribute: bc11b3a6c3213fcdd17b65e7da85e133 -> 
  custom:audio-encoder-webm-vorbis: bf7c407c2cedff20999df2af8eb42d56 -> 
  custom:framework-win-MediaFoundation: 216162199b28c13a410421893ffa2e32 -> 
  custom:SearchIndexIgnoredProperties: e643bd26f0fe6173181afceb89e7c659 -> 
  custom:container-demuxer-ogg: 62fdf1f143b41e24485cea50d1cbac27 -> 
  custom:video-decoder-webm-vp8: 9c59270c3fd7afecdb556c50c9e8de78 -> 
  custom:audio-decoder-ogg-vorbis: bf7c407c2cedff20999df2af8eb42d56 -> 
========================================================================
Received Import Request.
  Time since last request: 180796.756328 seconds.
  path: Assets/Shaders
  artifactKey: Guid(5607caed1b26a594599301bac0d20148) Importer(815301076,1909f56bfc062723c751e8b465ee728b)
Number of updated assets reloaded before import = 0
Start importing Assets/Shaders using Guid(5607caed1b26a594599301bac0d20148) Importer(815301076,1909f56bfc062723c751e8b465ee728b)  -> (artifact id: 'e6bd20a0a8be612ab93cc8d05fc4e342') in 0.016427 seconds 
Number of asset objects unloaded after import = 0
========================================================================
Received Import Request.
  Time since last request: 38.109902 seconds.
  path: Assets/Shaders/LiquidShader.shadergraph
  artifactKey: Guid(1d10ab6ccefeeff41bbbbfb4a9a92d1c) Importer(815301076,1909f56bfc062723c751e8b465ee728b)
Number of updated assets reloaded before import = 0
Start importing Assets/Shaders/LiquidShader.shadergraph using Guid(1d10ab6ccefeeff41bbbbfb4a9a92d1c) Importer(815301076,1909f56bfc062723c751e8b465ee728b)  -> (artifact id: 'b198e0d7082248af6e06122930d5af4e') in 0.028588 seconds 
Number of asset objects unloaded after import = 1
========================================================================
Received Import Request.
  Time since last request: 106.945735 seconds.
  path: Assets/Shaders/LiquidShader.shadergraph
  artifactKey: Guid(1d10ab6ccefeeff41bbbbfb4a9a92d1c) Importer(815301076,1909f56bfc062723c751e8b465ee728b)
Number of updated assets reloaded before import = 0
Start importing Assets/Shaders/LiquidShader.shadergraph using Guid(1d10ab6ccefeeff41bbbbfb4a9a92d1c) Importer(815301076,1909f56bfc062723c751e8b465ee728b)  -> (artifact id: '303f200676ba88e43cefe07d12358146') in 0.002404 seconds 
Number of asset objects unloaded after import = 1
========================================================================
Received Import Request.
  Time since last request: 417.226373 seconds.
  path: Assets/Shaders/liquid1.mat
  artifactKey: Guid(1a087ec2104e2b640be308ba96437290) Importer(815301076,1909f56bfc062723c751e8b465ee728b)
Number of updated assets reloaded before import = 0
Start importing Assets/Shaders/liquid1.mat using Guid(1a087ec2104e2b640be308ba96437290) Importer(815301076,1909f56bfc062723c751e8b465ee728b)  -> (artifact id: '13b8bf52ee89f621220e173393edecdc') in 0.225237 seconds 
Number of asset objects unloaded after import = 2
========================================================================
Received Import Request.
  Time since last request: 69.280604 seconds.
  path: Assets/Horror_Mansion/Models/Furniture/External_Models/Basement_Stairs/Concrete_Stairs_Fix.fbx
  artifactKey: Guid(d39038fb7425d0d438efb81bd6dd4f01) Importer(815301076,1909f56bfc062723c751e8b465ee728b)
Number of updated assets reloaded before import = 0
Start importing Assets/Horror_Mansion/Models/Furniture/External_Models/Basement_Stairs/Concrete_Stairs_Fix.fbx using Guid(d39038fb7425d0d438efb81bd6dd4f01) Importer(815301076,1909f56bfc062723c751e8b465ee728b)  -> (artifact id: '5b583f33ad70f6a4e700a2c479291155') in 0.035560 seconds 
Number of asset objects unloaded after import = 8
========================================================================
Received Import Request.
  Time since last request: 43.244982 seconds.
  path: Assets/Shaders/liquid1.mat
  artifactKey: Guid(1a087ec2104e2b640be308ba96437290) Importer(815301076,1909f56bfc062723c751e8b465ee728b)
Number of updated assets reloaded before import = 0
Start importing Assets/Shaders/liquid1.mat using Guid(1a087ec2104e2b640be308ba96437290) Importer(815301076,1909f56bfc062723c751e8b465ee728b)  -> (artifact id: '3a1017ede521179e0920ffdcbd5ff2e4') in 0.006361 seconds 
Number of asset objects unloaded after import = 2
========================================================================
Received Import Request.
  Time since last request: 3584.714398 seconds.
  path: Assets/Shaders/liquid1.mat
  artifactKey: Guid(1a087ec2104e2b640be308ba96437290) Importer(815301076,1909f56bfc062723c751e8b465ee728b)
Number of updated assets reloaded before import = 0
Start importing Assets/Shaders/liquid1.mat using Guid(1a087ec2104e2b640be308ba96437290) Importer(815301076,1909f56bfc062723c751e8b465ee728b)  -> (artifact id: '4d5e1c511390b91b731df6b1bb004254') in 0.164943 seconds 
Number of asset objects unloaded after import = 2
========================================================================
Received Import Request.
  Time since last request: 11.284561 seconds.
  path: Assets/GPVFX_POTIONS PACK/Animation Controllers
  artifactKey: Guid(0d9831928dea24e029add11049be8080) Importer(815301076,1909f56bfc062723c751e8b465ee728b)
Number of updated assets reloaded before import = 0
Start importing Assets/GPVFX_POTIONS PACK/Animation Controllers using Guid(0d9831928dea24e029add11049be8080) Importer(815301076,1909f56bfc062723c751e8b465ee728b)  -> (artifact id: '2b10a5e1165d4993e38ca6e5630e5639') in 0.009657 seconds 
Number of asset objects unloaded after import = 0
========================================================================
Received Import Request.
  Time since last request: 0.490913 seconds.
  path: Assets/GPVFX_POTIONS PACK/TEMP
  artifactKey: Guid(6ff9daaef093f49fab7579dd6c14faa8) Importer(815301076,1909f56bfc062723c751e8b465ee728b)
Number of updated assets reloaded before import = 0
Start importing Assets/GPVFX_POTIONS PACK/TEMP using Guid(6ff9daaef093f49fab7579dd6c14faa8) Importer(815301076,1909f56bfc062723c751e8b465ee728b)  -> (artifact id: '7180b152838bb4fb8fb0cbd9a4a79301') in 0.009261 seconds 
Number of asset objects unloaded after import = 0
========================================================================
Received Import Request.
  Time since last request: 2.863858 seconds.
  path: Assets/GPVFX_POTIONS PACK/VFX
  artifactKey: Guid(4f4e0d4b873964d8fa1fddd4f0df7a9a) Importer(815301076,1909f56bfc062723c751e8b465ee728b)
Number of updated assets reloaded before import = 0
Start importing Assets/GPVFX_POTIONS PACK/VFX using Guid(4f4e0d4b873964d8fa1fddd4f0df7a9a) Importer(815301076,1909f56bfc062723c751e8b465ee728b)  -> (artifact id: '6a75f2b64cddce54348adfffe406c15c') in 0.009314 seconds 
Number of asset objects unloaded after import = 0
========================================================================
Received Import Request.
  Time since last request: 1.885235 seconds.
  path: Assets/GPVFX_POTIONS PACK/VFX/VFX_Materials
  artifactKey: Guid(439f3a154eda14a8789e365facdad9b9) Importer(815301076,1909f56bfc062723c751e8b465ee728b)
Number of updated assets reloaded before import = 0
Start importing Assets/GPVFX_POTIONS PACK/VFX/VFX_Materials using Guid(439f3a154eda14a8789e365facdad9b9) Importer(815301076,1909f56bfc062723c751e8b465ee728b)  -> (artifact id: '71086c51315117bac5b11f074ede5c4d') in 0.009842 seconds 
Number of asset objects unloaded after import = 0
========================================================================
Received Import Request.
  Time since last request: 0.060213 seconds.
  path: Assets/GPVFX_POTIONS PACK/VFX/VFX_Materials/GPVFX_Caltop B.mat
  artifactKey: Guid(cc346e056b7fe4cb688a419444c41f58) Importer(815301076,1909f56bfc062723c751e8b465ee728b)
Number of updated assets reloaded before import = 0
Start importing Assets/GPVFX_POTIONS PACK/VFX/VFX_Materials/GPVFX_Caltop B.mat using Guid(cc346e056b7fe4cb688a419444c41f58) Importer(815301076,1909f56bfc062723c751e8b465ee728b)  -> (artifact id: '01dd5726ed55586f2d26533f11d9d622') in 0.026860 seconds 
Number of asset objects unloaded after import = 2
========================================================================
Received Import Request.
  Time since last request: 0.001219 seconds.
  path: Assets/GPVFX_POTIONS PACK/VFX/VFX_Materials/GPVFX_Dispel.mat
  artifactKey: Guid(cc939f81ac48c485f8ad8d64237d4b82) Importer(815301076,1909f56bfc062723c751e8b465ee728b)
Number of updated assets reloaded before import = 0
Start importing Assets/GPVFX_POTIONS PACK/VFX/VFX_Materials/GPVFX_Dispel.mat using Guid(cc939f81ac48c485f8ad8d64237d4b82) Importer(815301076,1909f56bfc062723c751e8b465ee728b)  -> (artifact id: '3c74af037094d9e31998ec7ab5a184c7') in 0.015196 seconds 
Number of asset objects unloaded after import = 2
========================================================================
Received Import Request.
  Time since last request: 0.000018 seconds.
  path: Assets/GPVFX_POTIONS PACK/VFX/VFX_Materials/GPVFX_Mute.mat
  artifactKey: Guid(c16a04df833564486b94aef65c9e5af6) Importer(815301076,1909f56bfc062723c751e8b465ee728b)
Number of updated assets reloaded before import = 0
Start importing Assets/GPVFX_POTIONS PACK/VFX/VFX_Materials/GPVFX_Mute.mat using Guid(c16a04df833564486b94aef65c9e5af6) Importer(815301076,1909f56bfc062723c751e8b465ee728b)  -> (artifact id: '8b0f9c0c6afbdf5c7257de3df0913b29') in 0.025448 seconds 
Number of asset objects unloaded after import = 2
========================================================================
Received Import Request.
  Time since last request: 0.000013 seconds.
  path: Assets/GPVFX_POTIONS PACK/VFX/VFX_Materials/GPVFX_Dispel Break.mat
  artifactKey: Guid(47a3cb57eda314b4ca16f6d9062a0271) Importer(815301076,1909f56bfc062723c751e8b465ee728b)
Number of updated assets reloaded before import = 0
Start importing Assets/GPVFX_POTIONS PACK/VFX/VFX_Materials/GPVFX_Dispel Break.mat using Guid(47a3cb57eda314b4ca16f6d9062a0271) Importer(815301076,1909f56bfc062723c751e8b465ee728b)  -> (artifact id: 'c237adce7cfb766842f06fed4666a068') in 0.012461 seconds 
Number of asset objects unloaded after import = 2
========================================================================
Received Import Request.
  Time since last request: 0.000014 seconds.
  path: Assets/GPVFX_POTIONS PACK/VFX/VFX_Materials/Sparkle.mat
  artifactKey: Guid(eee2550fc3c304470b9ec1fab9dbdc98) Importer(815301076,1909f56bfc062723c751e8b465ee728b)
Number of updated assets reloaded before import = 0
Start importing Assets/GPVFX_POTIONS PACK/VFX/VFX_Materials/Sparkle.mat using Guid(eee2550fc3c304470b9ec1fab9dbdc98) Importer(815301076,1909f56bfc062723c751e8b465ee728b)  -> (artifact id: 'adbde84c2004989fb4c726707e5276d2') in 0.013767 seconds 
Number of asset objects unloaded after import = 2
========================================================================
Received Import Request.
  Time since last request: 0.000015 seconds.
  path: Assets/GPVFX_POTIONS PACK/VFX/VFX_Materials/Line Nova Circles.mat
  artifactKey: Guid(f0f2ee58df71f4bd18e879813e4263df) Importer(815301076,1909f56bfc062723c751e8b465ee728b)
Number of updated assets reloaded before import = 0
Start importing Assets/GPVFX_POTIONS PACK/VFX/VFX_Materials/Line Nova Circles.mat using Guid(f0f2ee58df71f4bd18e879813e4263df) Importer(815301076,1909f56bfc062723c751e8b465ee728b)  -> (artifact id: 'f26bc261d55a2e733eb06cb89fa86061') in 0.026712 seconds 
Number of asset objects unloaded after import = 2
========================================================================
Received Import Request.
  Time since last request: 0.000014 seconds.
  path: Assets/GPVFX_POTIONS PACK/VFX/VFX_Materials/GPVFX_Interrupt.mat
  artifactKey: Guid(6eb68563a3b134263bb5de66a48ac643) Importer(815301076,1909f56bfc062723c751e8b465ee728b)
Number of updated assets reloaded before import = 0
Start importing Assets/GPVFX_POTIONS PACK/VFX/VFX_Materials/GPVFX_Interrupt.mat using Guid(6eb68563a3b134263bb5de66a48ac643) Importer(815301076,1909f56bfc062723c751e8b465ee728b)  -> (artifact id: '2eb01f5aef5422eb5ca9da338ba17fcc') in 0.009524 seconds 
Number of asset objects unloaded after import = 2
========================================================================
Received Import Request.
  Time since last request: 1.950402 seconds.
  path: Assets/GPVFX_POTIONS PACK/VFX/VFX_Textures/Magic Particle Burst.png
  artifactKey: Guid(33dcb29d6fedf4a3788bf33ee6b252d0) Importer(815301076,1909f56bfc062723c751e8b465ee728b)
Number of updated assets reloaded before import = 0
Start importing Assets/GPVFX_POTIONS PACK/VFX/VFX_Textures/Magic Particle Burst.png using Guid(33dcb29d6fedf4a3788bf33ee6b252d0) Importer(815301076,1909f56bfc062723c751e8b465ee728b)  -> (artifact id: '113ec6dd81a6eba5644e007aff303f62') in 0.044619 seconds 
Number of asset objects unloaded after import = 3
========================================================================
Received Import Request.
  Time since last request: 11.734124 seconds.
  path: Assets/GPVFX_POTIONS PACK/TEMP/Gameplan Logo_Semi.png
  artifactKey: Guid(477eb345be3ea4a22be3acbce502cf7d) Importer(815301076,1909f56bfc062723c751e8b465ee728b)
Number of updated assets reloaded before import = 0
Start importing Assets/GPVFX_POTIONS PACK/TEMP/Gameplan Logo_Semi.png using Guid(477eb345be3ea4a22be3acbce502cf7d) Importer(815301076,1909f56bfc062723c751e8b465ee728b)  -> (artifact id: '92db8cb82da9e7a41c8c276766ff85f0') in 0.165012 seconds 
Number of asset objects unloaded after import = 3
========================================================================
Received Import Request.
  Time since last request: 14.882518 seconds.
  path: Assets/GPVFX_POTIONS PACK/3D/POTIONS_Exploded/GPVFX_Potion B_Exploded.fbx
  artifactKey: Guid(6e821627f600647b5b96efa822247e1d) Importer(815301076,1909f56bfc062723c751e8b465ee728b)
Number of updated assets reloaded before import = 0
Start importing Assets/GPVFX_POTIONS PACK/3D/POTIONS_Exploded/GPVFX_Potion B_Exploded.fbx using Guid(6e821627f600647b5b96efa822247e1d) Importer(815301076,1909f56bfc062723c751e8b465ee728b)  -> (artifact id: '26f3b3bca63a1d57067b1a4f8c3954e0') in 0.143528 seconds 
Number of asset objects unloaded after import = 11
========================================================================
Received Import Request.
  Time since last request: 49.915865 seconds.
  path: Assets/GPVFX_POTIONS PACK/3D/3D PREFABS/GPVFX_POTION B.prefab
  artifactKey: Guid(e53cd9b7f6ac44f3ebe9af3f0f302b4f) Importer(815301076,1909f56bfc062723c751e8b465ee728b)
Number of updated assets reloaded before import = 0
Start importing Assets/GPVFX_POTIONS PACK/3D/3D PREFABS/GPVFX_POTION B.prefab using Guid(e53cd9b7f6ac44f3ebe9af3f0f302b4f) Importer(815301076,1909f56bfc062723c751e8b465ee728b)  -> (artifact id: '234d1f351c73661919b8a1966d49b276') in 0.145381 seconds 
Number of asset objects unloaded after import = 26
Editor requested this worker to shutdown with reason: Scaling down because of idle timeout
AssetImportWorker is now disconnected from the server
Process exiting
Exiting without the bug reporter. Application will terminate with return code 0