Using pre-set license
Built from '2021.3/staging' branch; Version is '2021.3.39f1 (fb3b7b32f191) revision 16464763'; Using compiler version '192829333'; Build Type 'Release'
OS: 'Windows 11  (10.0.26100) 64bit Professional' Language: 'en' Physical Memory: 32603 MB
BatchMode: 1, IsHumanControllingUs: 0, StartBugReporterOnCrash: 0, Is64bit: 1, IsPro: 1

COMMAND LINE ARGUMENTS:
C:\Program Files\Unity\Hub\Editor\2021.3.39f1\Editor\Unity.exe
-adb2
-batchMode
-noUpm
-name
AssetImportWorker15
-projectPath
C:/Users/mayar/Documents/GitHub/Blackwoods-Curse/BlackwoodsCurse
-logFile
Logs/AssetImportWorker15.log
-srvPort
52665
Successfully changed project path to: C:/Users/mayar/Documents/GitHub/Blackwoods-Curse/BlackwoodsCurse
C:/Users/mayar/Documents/GitHub/Blackwoods-Curse/BlackwoodsCurse
[UnityMemory] Configuration Parameters - Can be set up in boot.config
    "memorysetup-bucket-allocator-granularity=16"
    "memorysetup-bucket-allocator-bucket-count=8"
    "memorysetup-bucket-allocator-block-size=33554432"
    "memorysetup-bucket-allocator-block-count=8"
    "memorysetup-main-allocator-block-size=16777216"
    "memorysetup-thread-allocator-block-size=16777216"
    "memorysetup-gfx-main-allocator-block-size=16777216"
    "memorysetup-gfx-thread-allocator-block-size=16777216"
    "memorysetup-cache-allocator-block-size=4194304"
    "memorysetup-typetree-allocator-block-size=2097152"
    "memorysetup-profiler-bucket-allocator-granularity=16"
    "memorysetup-profiler-bucket-allocator-bucket-count=8"
    "memorysetup-profiler-bucket-allocator-block-size=33554432"
    "memorysetup-profiler-bucket-allocator-block-count=8"
    "memorysetup-profiler-allocator-block-size=16777216"
    "memorysetup-profiler-editor-allocator-block-size=1048576"
    "memorysetup-temp-allocator-size-main=16777216"
    "memorysetup-job-temp-allocator-block-size=2097152"
    "memorysetup-job-temp-allocator-block-size-background=1048576"
    "memorysetup-job-temp-allocator-reduction-small-platforms=262144"
    "memorysetup-temp-allocator-size-background-worker=32768"
    "memorysetup-temp-allocator-size-job-worker=262144"
    "memorysetup-temp-allocator-size-preload-manager=33554432"
    "memorysetup-temp-allocator-size-nav-mesh-worker=65536"
    "memorysetup-temp-allocator-size-audio-worker=65536"
    "memorysetup-temp-allocator-size-cloud-worker=32768"
    "memorysetup-temp-allocator-size-gi-baking-worker=262144"
    "memorysetup-temp-allocator-size-gfx=262144"
Player connection [35816] Host "[IP] 192.168.52.1 [Port] 0 [Flags] 2 [Guid] 4093732670 [EditorId] 4093732670 [Version] 1048832 [Id] WindowsEditor(7,MAYAR-DESKTOP) [Debug] 1 [PackageName] WindowsEditor [ProjectName] Editor" joined multi-casting on [225.0.0.222:54997]...

Player connection [35816] Host "[IP] 192.168.52.1 [Port] 0 [Flags] 2 [Guid] 4093732670 [EditorId] 4093732670 [Version] 1048832 [Id] WindowsEditor(7,MAYAR-DESKTOP) [Debug] 1 [PackageName] WindowsEditor [ProjectName] Editor" joined alternative multi-casting on [225.0.0.222:34997]...

[Physics::Module] Initialized MultithreadedJobDispatcher with {0} workers.
Refreshing native plugins compatible for Editor in 41.81 ms, found 3 plugins.
Preloading 0 native plugins for Editor in 0.00 ms.
Initialize engine version: 2021.3.39f1 (fb3b7b32f191)
[Subsystems] Discovering subsystems at path C:/Program Files/Unity/Hub/Editor/2021.3.39f1/Editor/Data/Resources/UnitySubsystems
[Subsystems] Discovering subsystems at path C:/Users/mayar/Documents/GitHub/Blackwoods-Curse/BlackwoodsCurse/Assets
GfxDevice: creating device client; threaded=0; jobified=0
Direct3D:
    Version:  Direct3D 11.0 [level 11.1]
    Renderer: NVIDIA GeForce RTX 3060 (ID=0x2504)
    Vendor:   NVIDIA
    VRAM:     12115 MB
    Driver:   32.0.15.6094
Initialize mono
Mono path[0] = 'C:/Program Files/Unity/Hub/Editor/2021.3.39f1/Editor/Data/Managed'
Mono path[1] = 'C:/Program Files/Unity/Hub/Editor/2021.3.39f1/Editor/Data/MonoBleedingEdge/lib/mono/unityjit-win32'
Mono config path = 'C:/Program Files/Unity/Hub/Editor/2021.3.39f1/Editor/Data/MonoBleedingEdge/etc'
Using monoOptions --debugger-agent=transport=dt_socket,embedding=1,server=y,suspend=n,address=127.0.0.1:56508
Begin MonoManager ReloadAssembly
Registering precompiled unity dll's ...
Register platform support module: C:/Program Files/Unity/Hub/Editor/2021.3.39f1/Editor/Data/PlaybackEngines/WindowsStandaloneSupport/UnityEditor.WindowsStandalone.Extensions.dll
Registered in 0.002448 seconds.
Native extension for WindowsStandalone target not found
Refreshing native plugins compatible for Editor in 43.10 ms, found 3 plugins.
Preloading 0 native plugins for Editor in 0.00 ms.
Mono: successfully reloaded assembly
- Completed reload, in  0.391 seconds
Domain Reload Profiling:
	ReloadAssembly (392ms)
		BeginReloadAssembly (61ms)
			ExecutionOrderSort (0ms)
			DisableScriptedObjects (0ms)
			BackupInstance (0ms)
			ReleaseScriptingObjects (0ms)
			CreateAndSetChildDomain (0ms)
		EndReloadAssembly (275ms)
			LoadAssemblies (60ms)
			RebuildTransferFunctionScriptingTraits (0ms)
			SetupTypeCache (70ms)
			ReleaseScriptCaches (0ms)
			RebuildScriptCaches (16ms)
			SetupLoadedEditorAssemblies (162ms)
				LogAssemblyErrors (0ms)
				InitializePlatformSupportModulesInManaged (4ms)
				SetLoadedEditorAssemblies (0ms)
				RefreshPlugins (43ms)
				BeforeProcessingInitializeOnLoad (1ms)
				ProcessInitializeOnLoadAttributes (82ms)
				ProcessInitializeOnLoadMethodAttributes (32ms)
				AfterProcessingInitializeOnLoad (0ms)
				EditorAssembliesLoaded (0ms)
			ExecutionOrderSort2 (0ms)
			AwakeInstancesAfterBackupRestoration (0ms)
Platform modules already initialized, skipping
Registering precompiled user dll's ...
Registered in 0.002806 seconds.
Begin MonoManager ReloadAssembly
Native extension for WindowsStandalone target not found
Refreshing native plugins compatible for Editor in 0.41 ms, found 3 plugins.
Preloading 0 native plugins for Editor in 0.00 ms.
Package Manager log level set to [2]
[Package Manager] Server::EnsureServerProcessIsRunning -- launch failed, reason: Unity was launched with the -noUpm command-line argument
[Package Manager] Cannot connect to Unity Package Manager local server
Mono: successfully reloaded assembly
- Completed reload, in  0.948 seconds
Domain Reload Profiling:
	ReloadAssembly (949ms)
		BeginReloadAssembly (83ms)
			ExecutionOrderSort (0ms)
			DisableScriptedObjects (3ms)
			BackupInstance (0ms)
			ReleaseScriptingObjects (0ms)
			CreateAndSetChildDomain (15ms)
		EndReloadAssembly (796ms)
			LoadAssemblies (61ms)
			RebuildTransferFunctionScriptingTraits (0ms)
			SetupTypeCache (170ms)
			ReleaseScriptCaches (0ms)
			RebuildScriptCaches (32ms)
			SetupLoadedEditorAssemblies (524ms)
				LogAssemblyErrors (0ms)
				InitializePlatformSupportModulesInManaged (3ms)
				SetLoadedEditorAssemblies (0ms)
				RefreshPlugins (0ms)
				BeforeProcessingInitializeOnLoad (37ms)
				ProcessInitializeOnLoadAttributes (470ms)
				ProcessInitializeOnLoadMethodAttributes (10ms)
				AfterProcessingInitializeOnLoad (3ms)
				EditorAssembliesLoaded (0ms)
			ExecutionOrderSort2 (0ms)
			AwakeInstancesAfterBackupRestoration (4ms)
Platform modules already initialized, skipping
========================================================================
Worker process is ready to serve import requests
Launched and connected shader compiler UnityShaderCompiler.exe after 0.03 seconds
Refreshing native plugins compatible for Editor in 0.69 ms, found 3 plugins.
Preloading 0 native plugins for Editor in 0.00 ms.
Unloading 3085 Unused Serialized files (Serialized files now loaded: 0)
Unloading 24 unused Assets / (46.8 KB). Loaded Objects now: 3568.
Memory consumption went from 196.1 MB to 196.1 MB.
Total: 3.125600 ms (FindLiveObjects: 0.279100 ms CreateObjectMapping: 0.097500 ms MarkObjects: 2.663800 ms  DeleteObjects: 0.084400 ms)

AssetImportParameters requested are different than current active one (requested -> active):
  custom:video-decoder-ogg-theora: a1e56fd34408186e4bbccfd4996cb3dc -> 
  custom:container-muxer-webm: aa71ff27fc2769a1b78a27578f13a17b -> 
  custom:container-demuxer-webm: 4f35f7cbe854078d1ac9338744f61a02 -> 
  custom:video-encoder-webm-vp8: eb34c28f22e8b96e1ab97ce403110664 -> 
  custom:video-codec-MediaFoundation-h265: 746d11721c4dcdbdad8f713fa42b33f4 -> 
  custom:CustomObjectIndexerAttribute: bc11b3a6c3213fcdd17b65e7da85e133 -> 
  custom:audio-encoder-webm-vorbis: bf7c407c2cedff20999df2af8eb42d56 -> 
  custom:framework-win-MediaFoundation: 216162199b28c13a410421893ffa2e32 -> 
  custom:SearchIndexIgnoredProperties: e643bd26f0fe6173181afceb89e7c659 -> 
  custom:container-demuxer-ogg: 62fdf1f143b41e24485cea50d1cbac27 -> 
  custom:video-decoder-webm-vp8: 9c59270c3fd7afecdb556c50c9e8de78 -> 
  custom:audio-decoder-ogg-vorbis: bf7c407c2cedff20999df2af8eb42d56 -> 
========================================================================
Received Import Request.
  Time since last request: 131951.993467 seconds.
  path: Assets/Horror_Mansion/Models/Characters
  artifactKey: Guid(f9d9b537b749b0a4d9be4f9417d5c398) Importer(815301076,1909f56bfc062723c751e8b465ee728b)
Number of updated assets reloaded before import = 0
Start importing Assets/Horror_Mansion/Models/Characters using Guid(f9d9b537b749b0a4d9be4f9417d5c398) Importer(815301076,1909f56bfc062723c751e8b465ee728b)  -> (artifact id: 'bd8e92a968d253af3f19c823b9202001') in 0.037498 seconds 
Number of asset objects unloaded after import = 0
========================================================================
Received Import Request.
  Time since last request: 3.708507 seconds.
  path: Assets/Horror_Mansion/Other
  artifactKey: Guid(b37afbddaac4ed04cb29c8ad3d00c438) Importer(815301076,1909f56bfc062723c751e8b465ee728b)
Number of updated assets reloaded before import = 0
Start importing Assets/Horror_Mansion/Other using Guid(b37afbddaac4ed04cb29c8ad3d00c438) Importer(815301076,1909f56bfc062723c751e8b465ee728b)  -> (artifact id: '47341da8bec420a583e1a4e11bf1cd33') in 0.036477 seconds 
Number of asset objects unloaded after import = 0
========================================================================
Received Import Request.
  Time since last request: 0.091728 seconds.
  path: Assets/Horror_Mansion/Other/Canvas.prefab
  artifactKey: Guid(ec4cee6e7ae21c74d9ae8cf75b885477) Importer(815301076,1909f56bfc062723c751e8b465ee728b)
Number of updated assets reloaded before import = 0
Start importing Assets/Horror_Mansion/Other/Canvas.prefab using Guid(ec4cee6e7ae21c74d9ae8cf75b885477) Importer(815301076,1909f56bfc062723c751e8b465ee728b)  -> (artifact id: 'f0178365ac0e77d7bf9eef339ec26ddf') in 0.031865 seconds 
Number of asset objects unloaded after import = 11
========================================================================
Received Import Request.
  Time since last request: 7.066632 seconds.
  path: Assets/Horror_Mansion/Models/Props
  artifactKey: Guid(0347c8fc35e0dbc409ba0897b08e5e5b) Importer(815301076,1909f56bfc062723c751e8b465ee728b)
Number of updated assets reloaded before import = 0
Start importing Assets/Horror_Mansion/Models/Props using Guid(0347c8fc35e0dbc409ba0897b08e5e5b) Importer(815301076,1909f56bfc062723c751e8b465ee728b)  -> (artifact id: '721a8cbc2daeda24660e2a6242d1f8e3') in 0.009976 seconds 
Number of asset objects unloaded after import = 0
========================================================================
Received Import Request.
  Time since last request: 0.115538 seconds.
  path: Assets/Horror_Mansion/Models/Props/Axe.fbx
  artifactKey: Guid(88e9efac6ac3c3c4f8422cf5bb59905a) Importer(815301076,1909f56bfc062723c751e8b465ee728b)
Number of updated assets reloaded before import = 0
Start importing Assets/Horror_Mansion/Models/Props/Axe.fbx using Guid(88e9efac6ac3c3c4f8422cf5bb59905a) Importer(815301076,1909f56bfc062723c751e8b465ee728b)  -> (artifact id: '4e5ea4dc9f4cd195c983e10d737a6ca1') in 0.149052 seconds 
Number of asset objects unloaded after import = 25
========================================================================
Received Import Request.
  Time since last request: 0.000019 seconds.
  path: Assets/Horror_Mansion/Models/Props/Candle_Stand_01.fbx
  artifactKey: Guid(58351ca64004b594eae91a1041047047) Importer(815301076,1909f56bfc062723c751e8b465ee728b)
Number of updated assets reloaded before import = 0
Start importing Assets/Horror_Mansion/Models/Props/Candle_Stand_01.fbx using Guid(58351ca64004b594eae91a1041047047) Importer(815301076,1909f56bfc062723c751e8b465ee728b)  -> (artifact id: '3d9e86704d3c0c3f89fe42fed8b7d956') in 0.115718 seconds 
Number of asset objects unloaded after import = 34
========================================================================
Received Import Request.
  Time since last request: 0.000021 seconds.
  path: Assets/Horror_Mansion/Models/Props/Books_08.fbx
  artifactKey: Guid(7d98f32969eddf84ca1ade044c304391) Importer(815301076,1909f56bfc062723c751e8b465ee728b)
Number of updated assets reloaded before import = 0
Start importing Assets/Horror_Mansion/Models/Props/Books_08.fbx using Guid(7d98f32969eddf84ca1ade044c304391) Importer(815301076,1909f56bfc062723c751e8b465ee728b)  -> (artifact id: '8db9dd0270918f4b161a212cd0f82006') in 0.031868 seconds 
Number of asset objects unloaded after import = 12
========================================================================
Received Import Request.
  Time since last request: 0.000012 seconds.
  path: Assets/Horror_Mansion/Models/Props/Broken_Plate_04.fbx
  artifactKey: Guid(a2ff6a46e4da78a48a2b3b22e614e0ef) Importer(815301076,1909f56bfc062723c751e8b465ee728b)
Number of updated assets reloaded before import = 0
Start importing Assets/Horror_Mansion/Models/Props/Broken_Plate_04.fbx using Guid(a2ff6a46e4da78a48a2b3b22e614e0ef) Importer(815301076,1909f56bfc062723c751e8b465ee728b)  -> (artifact id: '429593cb2fb52e4e6455a4760441033d') in 0.069585 seconds 
Number of asset objects unloaded after import = 20
========================================================================
Received Import Request.
  Time since last request: 0.000015 seconds.
  path: Assets/Horror_Mansion/Models/Props/Books_02.fbx
  artifactKey: Guid(b4732278e5c18654290190ccdba7ef11) Importer(815301076,1909f56bfc062723c751e8b465ee728b)
Number of updated assets reloaded before import = 0
Start importing Assets/Horror_Mansion/Models/Props/Books_02.fbx using Guid(b4732278e5c18654290190ccdba7ef11) Importer(815301076,1909f56bfc062723c751e8b465ee728b)  -> (artifact id: '1bfc6d6fea9aea8751b4232cb0530ca6') in 0.027109 seconds 
Number of asset objects unloaded after import = 12
========================================================================
Received Import Request.
  Time since last request: 0.000016 seconds.
  path: Assets/Horror_Mansion/Models/Props/Books_Pack_04.fbx
  artifactKey: Guid(4853bcc81e509ca45aef11f4a7d73118) Importer(815301076,1909f56bfc062723c751e8b465ee728b)
Number of updated assets reloaded before import = 0
Start importing Assets/Horror_Mansion/Models/Props/Books_Pack_04.fbx using Guid(4853bcc81e509ca45aef11f4a7d73118) Importer(815301076,1909f56bfc062723c751e8b465ee728b)  -> (artifact id: '725b8563912a1f9b6a58cedebed19926') in 0.042655 seconds 
Number of asset objects unloaded after import = 25
========================================================================
Received Import Request.
  Time since last request: 0.000013 seconds.
  path: Assets/Horror_Mansion/Models/Props/Candle_01.fbx
  artifactKey: Guid(070ad70911a7b2245babd0450a6da92f) Importer(815301076,1909f56bfc062723c751e8b465ee728b)
Number of updated assets reloaded before import = 0
Start importing Assets/Horror_Mansion/Models/Props/Candle_01.fbx using Guid(070ad70911a7b2245babd0450a6da92f) Importer(815301076,1909f56bfc062723c751e8b465ee728b)  -> (artifact id: 'f6d4c978c1e739191fde3c95a989828f') in 0.044692 seconds 
Number of asset objects unloaded after import = 34
========================================================================
Received Import Request.
  Time since last request: 0.000021 seconds.
  path: Assets/Horror_Mansion/Models/Props/Framed_Photo_02.fbx
  artifactKey: Guid(7d0bdb95aa4c08d4c94ff0827ca7f5e7) Importer(815301076,1909f56bfc062723c751e8b465ee728b)
Number of updated assets reloaded before import = 0
Start importing Assets/Horror_Mansion/Models/Props/Framed_Photo_02.fbx using Guid(7d0bdb95aa4c08d4c94ff0827ca7f5e7) Importer(815301076,1909f56bfc062723c751e8b465ee728b)  -> (artifact id: '3a81674af9dc41db08851f0f26215657') in 0.027991 seconds 
Number of asset objects unloaded after import = 12
========================================================================
Received Import Request.
  Time since last request: 1.109209 seconds.
  path: Assets/Horror_Mansion/Models/Props/Napkin.fbx
  artifactKey: Guid(6a2ffb973bb468f44a0826e81696656d) Importer(815301076,1909f56bfc062723c751e8b465ee728b)
Number of updated assets reloaded before import = 0
Start importing Assets/Horror_Mansion/Models/Props/Napkin.fbx using Guid(6a2ffb973bb468f44a0826e81696656d) Importer(815301076,1909f56bfc062723c751e8b465ee728b)  -> (artifact id: '7ab78c9f4265d4cc1dcdf74db6b57b81') in 0.066627 seconds 
Number of asset objects unloaded after import = 20
========================================================================
Received Import Request.
  Time since last request: 0.000013 seconds.
  path: Assets/Horror_Mansion/Models/Props/Picture_14.fbx
  artifactKey: Guid(281fd6290266475409ba464b4cab0557) Importer(815301076,1909f56bfc062723c751e8b465ee728b)
Number of updated assets reloaded before import = 0
Start importing Assets/Horror_Mansion/Models/Props/Picture_14.fbx using Guid(281fd6290266475409ba464b4cab0557) Importer(815301076,1909f56bfc062723c751e8b465ee728b)  -> (artifact id: '0025c7cad55cf2f0cbcbc64ba9bf4375') in 0.046327 seconds 
Number of asset objects unloaded after import = 25
========================================================================
Received Import Request.
  Time since last request: 0.624909 seconds.
  path: Assets/Horror_Mansion/Models/Props/Piece_Paper_02.fbx
  artifactKey: Guid(a068d8a00003caf4a8fda99540d04734) Importer(815301076,1909f56bfc062723c751e8b465ee728b)
Number of updated assets reloaded before import = 0
Start importing Assets/Horror_Mansion/Models/Props/Piece_Paper_02.fbx using Guid(a068d8a00003caf4a8fda99540d04734) Importer(815301076,1909f56bfc062723c751e8b465ee728b)  -> (artifact id: 'ac019a151250dfbd37584293783e5d51') in 0.056687 seconds 
Number of asset objects unloaded after import = 12
========================================================================
Received Import Request.
  Time since last request: 0.000013 seconds.
  path: Assets/Horror_Mansion/Models/Props/Plate_05.fbx
  artifactKey: Guid(4f08acf35ecc31347b10a65f255923cb) Importer(815301076,1909f56bfc062723c751e8b465ee728b)
Number of updated assets reloaded before import = 0
Start importing Assets/Horror_Mansion/Models/Props/Plate_05.fbx using Guid(4f08acf35ecc31347b10a65f255923cb) Importer(815301076,1909f56bfc062723c751e8b465ee728b)  -> (artifact id: 'e1076c8c5444ea0d20e475dfed74069e') in 0.045342 seconds 
Number of asset objects unloaded after import = 25
========================================================================
Received Import Request.
  Time since last request: 0.000018 seconds.
  path: Assets/Horror_Mansion/Models/Props/Plate_03.fbx
  artifactKey: Guid(a717ae92544160b41a717b81e526e136) Importer(815301076,1909f56bfc062723c751e8b465ee728b)
Number of updated assets reloaded before import = 0
Start importing Assets/Horror_Mansion/Models/Props/Plate_03.fbx using Guid(a717ae92544160b41a717b81e526e136) Importer(815301076,1909f56bfc062723c751e8b465ee728b)  -> (artifact id: '18c05b37dcab91e8d27f9e704cb0d8a7') in 0.043761 seconds 
Number of asset objects unloaded after import = 20
========================================================================
Received Import Request.
  Time since last request: 0.174889 seconds.
  path: Assets/Horror_Mansion/Models/Props/Shelf_02.fbx
  artifactKey: Guid(ac309c9b105a0524ea84bdb11395e66d) Importer(815301076,1909f56bfc062723c751e8b465ee728b)
Number of updated assets reloaded before import = 0
Start importing Assets/Horror_Mansion/Models/Props/Shelf_02.fbx using Guid(ac309c9b105a0524ea84bdb11395e66d) Importer(815301076,1909f56bfc062723c751e8b465ee728b)  -> (artifact id: 'f6b3e37204a309cd6cb641f86855d658') in 0.064913 seconds 
Number of asset objects unloaded after import = 30
========================================================================
Received Import Request.
  Time since last request: 0.000012 seconds.
  path: Assets/Horror_Mansion/Models/Props/Switch_01.fbx
  artifactKey: Guid(7802a6c1dd5059047ba159be978602d4) Importer(815301076,1909f56bfc062723c751e8b465ee728b)
Number of updated assets reloaded before import = 0
Start importing Assets/Horror_Mansion/Models/Props/Switch_01.fbx using Guid(7802a6c1dd5059047ba159be978602d4) Importer(815301076,1909f56bfc062723c751e8b465ee728b)  -> (artifact id: '5c62bed871add8846d66e758753272c2') in 0.055928 seconds 
Number of asset objects unloaded after import = 19
========================================================================
Received Import Request.
  Time since last request: 0.000012 seconds.
  path: Assets/Horror_Mansion/Models/Props/Syringe_02.fbx
  artifactKey: Guid(c11ee3dd38e0e814fa8442edd5fcc9b8) Importer(815301076,1909f56bfc062723c751e8b465ee728b)
Number of updated assets reloaded before import = 0
Start importing Assets/Horror_Mansion/Models/Props/Syringe_02.fbx using Guid(c11ee3dd38e0e814fa8442edd5fcc9b8) Importer(815301076,1909f56bfc062723c751e8b465ee728b)  -> (artifact id: '2aac6fbc7d47e7aa6a98508a2a948c42') in 0.038595 seconds 
Number of asset objects unloaded after import = 25
========================================================================
Received Import Request.
  Time since last request: 103.673308 seconds.
  path: Assets/Horror_Mansion/Models/Props/Table_Clock.fbx
  artifactKey: Guid(fa1ac6493c628bf41a505da502d998f9) Importer(815301076,1909f56bfc062723c751e8b465ee728b)
Number of updated assets reloaded before import = 0
Start importing Assets/Horror_Mansion/Models/Props/Table_Clock.fbx using Guid(fa1ac6493c628bf41a505da502d998f9) Importer(815301076,1909f56bfc062723c751e8b465ee728b)  -> (artifact id: '2fb031099da6f930659bc8db384610f1') in 0.084936 seconds 
Number of asset objects unloaded after import = 35
========================================================================
Received Import Request.
  Time since last request: 24.134447 seconds.
  path: Assets/Horror_Mansion/Models/Props/Toilet_Brush.fbx
  artifactKey: Guid(66bbabdc3b985044ebfc36ecae65f58d) Importer(815301076,1909f56bfc062723c751e8b465ee728b)
Number of updated assets reloaded before import = 0
Start importing Assets/Horror_Mansion/Models/Props/Toilet_Brush.fbx using Guid(66bbabdc3b985044ebfc36ecae65f58d) Importer(815301076,1909f56bfc062723c751e8b465ee728b)  -> (artifact id: '62fddd0e7680f544bfd999568ec45f7a') in 0.071533 seconds 
Number of asset objects unloaded after import = 25
========================================================================
Received Import Request.
  Time since last request: 0.000016 seconds.
  path: Assets/Horror_Mansion/Models/Props/Ventilation_01.fbx
  artifactKey: Guid(0dc0c1369f31f9c47a30bf480f4f77c6) Importer(815301076,1909f56bfc062723c751e8b465ee728b)
Number of updated assets reloaded before import = 0
Start importing Assets/Horror_Mansion/Models/Props/Ventilation_01.fbx using Guid(0dc0c1369f31f9c47a30bf480f4f77c6) Importer(815301076,1909f56bfc062723c751e8b465ee728b)  -> (artifact id: '0beb800a817f838db89a035d79974509') in 0.036624 seconds 
Number of asset objects unloaded after import = 12
========================================================================
Received Import Request.
  Time since last request: 0.000020 seconds.
  path: Assets/Horror_Mansion/Models/Props/Towel_01.fbx
  artifactKey: Guid(fff95fded9a63a7449d643e0ecdcf847) Importer(815301076,1909f56bfc062723c751e8b465ee728b)
Number of updated assets reloaded before import = 0
Start importing Assets/Horror_Mansion/Models/Props/Towel_01.fbx using Guid(fff95fded9a63a7449d643e0ecdcf847) Importer(815301076,1909f56bfc062723c751e8b465ee728b)  -> (artifact id: '7f62610d0883344e1dcfb2de91f763e2') in 0.048982 seconds 
Number of asset objects unloaded after import = 20
========================================================================
Received Import Request.
  Time since last request: 0.000012 seconds.
  path: Assets/Horror_Mansion/Models/Props/Vase_01.fbx
  artifactKey: Guid(28211c6e1c2671f4e83f934920296eac) Importer(815301076,1909f56bfc062723c751e8b465ee728b)
Number of updated assets reloaded before import = 0
Start importing Assets/Horror_Mansion/Models/Props/Vase_01.fbx using Guid(28211c6e1c2671f4e83f934920296eac) Importer(815301076,1909f56bfc062723c751e8b465ee728b)  -> (artifact id: '2f0271102ed346f3a58b26eced1c3fbf') in 0.048629 seconds 
Number of asset objects unloaded after import = 25
========================================================================
Received Import Request.
  Time since last request: 0.000016 seconds.
  path: Assets/Horror_Mansion/Models/Props/Towel_02.fbx
  artifactKey: Guid(361d16d371fbc4946a15cd032910d713) Importer(815301076,1909f56bfc062723c751e8b465ee728b)
Number of updated assets reloaded before import = 0
Start importing Assets/Horror_Mansion/Models/Props/Towel_02.fbx using Guid(361d16d371fbc4946a15cd032910d713) Importer(815301076,1909f56bfc062723c751e8b465ee728b)  -> (artifact id: 'b730434c77d2d02c402fdfedef33f66b') in 0.049109 seconds 
Number of asset objects unloaded after import = 20
========================================================================
Received Import Request.
  Time since last request: 0.000014 seconds.
  path: Assets/Horror_Mansion/Models/Props/Vase_02.fbx
  artifactKey: Guid(bfbce333481749143bc21100df58f94d) Importer(815301076,1909f56bfc062723c751e8b465ee728b)
Number of updated assets reloaded before import = 0
Start importing Assets/Horror_Mansion/Models/Props/Vase_02.fbx using Guid(bfbce333481749143bc21100df58f94d) Importer(815301076,1909f56bfc062723c751e8b465ee728b)  -> (artifact id: '5e8fdde56d40e70393dd00c811bbf5d8') in 0.037606 seconds 
Number of asset objects unloaded after import = 25
========================================================================
Received Import Request.
  Time since last request: 0.343574 seconds.
  path: Assets/Horror_Mansion/Models/Props/Wall_Lamp_01.fbx
  artifactKey: Guid(e3f5a2e70b4e22f4e8e5123f1aeb81d5) Importer(815301076,1909f56bfc062723c751e8b465ee728b)
Number of updated assets reloaded before import = 0
Start importing Assets/Horror_Mansion/Models/Props/Wall_Lamp_01.fbx using Guid(e3f5a2e70b4e22f4e8e5123f1aeb81d5) Importer(815301076,1909f56bfc062723c751e8b465ee728b)  -> (artifact id: 'd63793c54d85a761bfccff983627529c') in 0.060889 seconds 
Number of asset objects unloaded after import = 26
========================================================================
Received Import Request.
  Time since last request: 0.000012 seconds.
  path: Assets/Horror_Mansion/Models/Props/Wooden_Cross_04.fbx
  artifactKey: Guid(2c2d9328b5178ec459925c24dfa5b373) Importer(815301076,1909f56bfc062723c751e8b465ee728b)
Number of updated assets reloaded before import = 0
Start importing Assets/Horror_Mansion/Models/Props/Wooden_Cross_04.fbx using Guid(2c2d9328b5178ec459925c24dfa5b373) Importer(815301076,1909f56bfc062723c751e8b465ee728b)  -> (artifact id: 'f022dd30462883340833ac3030122f0d') in 0.022224 seconds 
Number of asset objects unloaded after import = 12
========================================================================
Received Import Request.
  Time since last request: 0.000012 seconds.
  path: Assets/Horror_Mansion/Models/Props/Wooden_Cross_02.fbx
  artifactKey: Guid(f75c34d487ffe454185806a3640312a1) Importer(815301076,1909f56bfc062723c751e8b465ee728b)
Number of updated assets reloaded before import = 0
Start importing Assets/Horror_Mansion/Models/Props/Wooden_Cross_02.fbx using Guid(f75c34d487ffe454185806a3640312a1) Importer(815301076,1909f56bfc062723c751e8b465ee728b)  -> (artifact id: '184e04b9ea8c338859b0678b61c3d913') in 0.021422 seconds 
Number of asset objects unloaded after import = 12
Editor requested this worker to shutdown with reason: Scaling down because of idle timeout
AssetImportWorker is now disconnected from the server
Process exiting
Exiting without the bug reporter. Application will terminate with return code 0