Using pre-set license
Built from '2021.3/staging' branch; Version is '2021.3.39f1 (fb3b7b32f191) revision 16464763'; Using compiler version '192829333'; Build Type 'Release'
OS: 'Windows 11  (10.0.26100) 64bit Professional' Language: 'en' Physical Memory: 32603 MB
BatchMode: 1, IsHumanControllingUs: 0, StartBugReporterOnCrash: 0, Is64bit: 1, IsPro: 1

COMMAND LINE ARGUMENTS:
C:\Program Files\Unity\Hub\Editor\2021.3.39f1\Editor\Unity.exe
-adb2
-batchMode
-noUpm
-name
AssetImportWorker17
-projectPath
C:/Users/mayar/Documents/GitHub/Blackwoods-Curse/BlackwoodsCurse
-logFile
Logs/AssetImportWorker17.log
-srvPort
52665
Successfully changed project path to: C:/Users/mayar/Documents/GitHub/Blackwoods-Curse/BlackwoodsCurse
C:/Users/mayar/Documents/GitHub/Blackwoods-Curse/BlackwoodsCurse
[UnityMemory] Configuration Parameters - Can be set up in boot.config
    "memorysetup-bucket-allocator-granularity=16"
    "memorysetup-bucket-allocator-bucket-count=8"
    "memorysetup-bucket-allocator-block-size=33554432"
    "memorysetup-bucket-allocator-block-count=8"
    "memorysetup-main-allocator-block-size=16777216"
    "memorysetup-thread-allocator-block-size=16777216"
    "memorysetup-gfx-main-allocator-block-size=16777216"
    "memorysetup-gfx-thread-allocator-block-size=16777216"
    "memorysetup-cache-allocator-block-size=4194304"
    "memorysetup-typetree-allocator-block-size=2097152"
    "memorysetup-profiler-bucket-allocator-granularity=16"
    "memorysetup-profiler-bucket-allocator-bucket-count=8"
    "memorysetup-profiler-bucket-allocator-block-size=33554432"
    "memorysetup-profiler-bucket-allocator-block-count=8"
    "memorysetup-profiler-allocator-block-size=16777216"
    "memorysetup-profiler-editor-allocator-block-size=1048576"
    "memorysetup-temp-allocator-size-main=16777216"
    "memorysetup-job-temp-allocator-block-size=2097152"
    "memorysetup-job-temp-allocator-block-size-background=1048576"
    "memorysetup-job-temp-allocator-reduction-small-platforms=262144"
    "memorysetup-temp-allocator-size-background-worker=32768"
    "memorysetup-temp-allocator-size-job-worker=262144"
    "memorysetup-temp-allocator-size-preload-manager=33554432"
    "memorysetup-temp-allocator-size-nav-mesh-worker=65536"
    "memorysetup-temp-allocator-size-audio-worker=65536"
    "memorysetup-temp-allocator-size-cloud-worker=32768"
    "memorysetup-temp-allocator-size-gi-baking-worker=262144"
    "memorysetup-temp-allocator-size-gfx=262144"
Player connection [31336] Host "[IP] 192.168.52.1 [Port] 0 [Flags] 2 [Guid] 1522459431 [EditorId] 1522459431 [Version] 1048832 [Id] WindowsEditor(7,MAYAR-DESKTOP) [Debug] 1 [PackageName] WindowsEditor [ProjectName] Editor" joined multi-casting on [225.0.0.222:54997]...

Player connection [31336] Host "[IP] 192.168.52.1 [Port] 0 [Flags] 2 [Guid] 1522459431 [EditorId] 1522459431 [Version] 1048832 [Id] WindowsEditor(7,MAYAR-DESKTOP) [Debug] 1 [PackageName] WindowsEditor [ProjectName] Editor" joined alternative multi-casting on [225.0.0.222:34997]...

[Physics::Module] Initialized MultithreadedJobDispatcher with {0} workers.
Refreshing native plugins compatible for Editor in 39.92 ms, found 3 plugins.
Preloading 0 native plugins for Editor in 0.00 ms.
Initialize engine version: 2021.3.39f1 (fb3b7b32f191)
[Subsystems] Discovering subsystems at path C:/Program Files/Unity/Hub/Editor/2021.3.39f1/Editor/Data/Resources/UnitySubsystems
[Subsystems] Discovering subsystems at path C:/Users/mayar/Documents/GitHub/Blackwoods-Curse/BlackwoodsCurse/Assets
GfxDevice: creating device client; threaded=0; jobified=0
Direct3D:
    Version:  Direct3D 11.0 [level 11.1]
    Renderer: NVIDIA GeForce RTX 3060 (ID=0x2504)
    Vendor:   NVIDIA
    VRAM:     12115 MB
    Driver:   32.0.15.6094
Initialize mono
Mono path[0] = 'C:/Program Files/Unity/Hub/Editor/2021.3.39f1/Editor/Data/Managed'
Mono path[1] = 'C:/Program Files/Unity/Hub/Editor/2021.3.39f1/Editor/Data/MonoBleedingEdge/lib/mono/unityjit-win32'
Mono config path = 'C:/Program Files/Unity/Hub/Editor/2021.3.39f1/Editor/Data/MonoBleedingEdge/etc'
Using monoOptions --debugger-agent=transport=dt_socket,embedding=1,server=y,suspend=n,address=127.0.0.1:56680
Begin MonoManager ReloadAssembly
Registering precompiled unity dll's ...
Register platform support module: C:/Program Files/Unity/Hub/Editor/2021.3.39f1/Editor/Data/PlaybackEngines/WindowsStandaloneSupport/UnityEditor.WindowsStandalone.Extensions.dll
Registered in 0.002941 seconds.
Native extension for WindowsStandalone target not found
Refreshing native plugins compatible for Editor in 41.54 ms, found 3 plugins.
Preloading 0 native plugins for Editor in 0.00 ms.
Mono: successfully reloaded assembly
- Completed reload, in  0.381 seconds
Domain Reload Profiling:
	ReloadAssembly (381ms)
		BeginReloadAssembly (56ms)
			ExecutionOrderSort (0ms)
			DisableScriptedObjects (0ms)
			BackupInstance (0ms)
			ReleaseScriptingObjects (0ms)
			CreateAndSetChildDomain (0ms)
		EndReloadAssembly (266ms)
			LoadAssemblies (55ms)
			RebuildTransferFunctionScriptingTraits (0ms)
			SetupTypeCache (67ms)
			ReleaseScriptCaches (0ms)
			RebuildScriptCaches (17ms)
			SetupLoadedEditorAssemblies (157ms)
				LogAssemblyErrors (0ms)
				InitializePlatformSupportModulesInManaged (5ms)
				SetLoadedEditorAssemblies (0ms)
				RefreshPlugins (42ms)
				BeforeProcessingInitializeOnLoad (1ms)
				ProcessInitializeOnLoadAttributes (80ms)
				ProcessInitializeOnLoadMethodAttributes (30ms)
				AfterProcessingInitializeOnLoad (0ms)
				EditorAssembliesLoaded (0ms)
			ExecutionOrderSort2 (0ms)
			AwakeInstancesAfterBackupRestoration (0ms)
Platform modules already initialized, skipping
Registering precompiled user dll's ...
Registered in 0.002875 seconds.
Begin MonoManager ReloadAssembly
Native extension for WindowsStandalone target not found
Refreshing native plugins compatible for Editor in 0.45 ms, found 3 plugins.
Preloading 0 native plugins for Editor in 0.00 ms.
Package Manager log level set to [2]
[Package Manager] Server::EnsureServerProcessIsRunning -- launch failed, reason: Unity was launched with the -noUpm command-line argument
[Package Manager] Cannot connect to Unity Package Manager local server
Mono: successfully reloaded assembly
- Completed reload, in  0.960 seconds
Domain Reload Profiling:
	ReloadAssembly (961ms)
		BeginReloadAssembly (84ms)
			ExecutionOrderSort (0ms)
			DisableScriptedObjects (3ms)
			BackupInstance (0ms)
			ReleaseScriptingObjects (0ms)
			CreateAndSetChildDomain (19ms)
		EndReloadAssembly (812ms)
			LoadAssemblies (61ms)
			RebuildTransferFunctionScriptingTraits (0ms)
			SetupTypeCache (172ms)
			ReleaseScriptCaches (0ms)
			RebuildScriptCaches (30ms)
			SetupLoadedEditorAssemblies (539ms)
				LogAssemblyErrors (0ms)
				InitializePlatformSupportModulesInManaged (3ms)
				SetLoadedEditorAssemblies (0ms)
				RefreshPlugins (0ms)
				BeforeProcessingInitializeOnLoad (42ms)
				ProcessInitializeOnLoadAttributes (478ms)
				ProcessInitializeOnLoadMethodAttributes (10ms)
				AfterProcessingInitializeOnLoad (5ms)
				EditorAssembliesLoaded (0ms)
			ExecutionOrderSort2 (0ms)
			AwakeInstancesAfterBackupRestoration (4ms)
Platform modules already initialized, skipping
========================================================================
Worker process is ready to serve import requests
Launched and connected shader compiler UnityShaderCompiler.exe after 0.03 seconds
Refreshing native plugins compatible for Editor in 0.62 ms, found 3 plugins.
Preloading 0 native plugins for Editor in 0.00 ms.
Unloading 3085 Unused Serialized files (Serialized files now loaded: 0)
Unloading 24 unused Assets / (47.2 KB). Loaded Objects now: 3568.
Memory consumption went from 196.2 MB to 196.2 MB.
Total: 2.839500 ms (FindLiveObjects: 0.213200 ms CreateObjectMapping: 0.120600 ms MarkObjects: 2.413800 ms  DeleteObjects: 0.090700 ms)

AssetImportParameters requested are different than current active one (requested -> active):
  custom:video-decoder-ogg-theora: a1e56fd34408186e4bbccfd4996cb3dc -> 
  custom:container-muxer-webm: aa71ff27fc2769a1b78a27578f13a17b -> 
  custom:container-demuxer-webm: 4f35f7cbe854078d1ac9338744f61a02 -> 
  custom:video-encoder-webm-vp8: eb34c28f22e8b96e1ab97ce403110664 -> 
  custom:video-codec-MediaFoundation-h265: 746d11721c4dcdbdad8f713fa42b33f4 -> 
  custom:CustomObjectIndexerAttribute: bc11b3a6c3213fcdd17b65e7da85e133 -> 
  custom:audio-encoder-webm-vorbis: bf7c407c2cedff20999df2af8eb42d56 -> 
  custom:framework-win-MediaFoundation: 216162199b28c13a410421893ffa2e32 -> 
  custom:SearchIndexIgnoredProperties: e643bd26f0fe6173181afceb89e7c659 -> 
  custom:container-demuxer-ogg: 62fdf1f143b41e24485cea50d1cbac27 -> 
  custom:video-decoder-webm-vp8: 9c59270c3fd7afecdb556c50c9e8de78 -> 
  custom:audio-decoder-ogg-vorbis: bf7c407c2cedff20999df2af8eb42d56 -> 
========================================================================
Received Import Request.
  Time since last request: 131941.703238 seconds.
  path: Assets/Horror_Mansion/Models/House/Wall_Windows_02.fbx
  artifactKey: Guid(140ba608889cf8944bdd70024a457524) Importer(815301076,1909f56bfc062723c751e8b465ee728b)
Number of updated assets reloaded before import = 0
Start importing Assets/Horror_Mansion/Models/House/Wall_Windows_02.fbx using Guid(140ba608889cf8944bdd70024a457524) Importer(815301076,1909f56bfc062723c751e8b465ee728b)  -> (artifact id: '338dc0ac8ab2e346a53abb6aea70f309') in 0.187372 seconds 
Number of asset objects unloaded after import = 30
========================================================================
Received Import Request.
  Time since last request: 13.984157 seconds.
  path: Assets/Horror_Mansion/Other/Layer_Dirt.terrainlayer
  artifactKey: Guid(493db3d9909def74687305110513e706) Importer(815301076,1909f56bfc062723c751e8b465ee728b)
Number of updated assets reloaded before import = 0
Start importing Assets/Horror_Mansion/Other/Layer_Dirt.terrainlayer using Guid(493db3d9909def74687305110513e706) Importer(815301076,1909f56bfc062723c751e8b465ee728b)  -> (artifact id: 'c578734e9a1a7bce1d94ee81bd6b898c') in 0.064798 seconds 
Number of asset objects unloaded after import = 5
========================================================================
Received Import Request.
  Time since last request: 7.152198 seconds.
  path: Assets/Horror_Mansion/Models/Props/Bit.fbx
  artifactKey: Guid(790475cf43e24b342afeec6abf70eb84) Importer(815301076,1909f56bfc062723c751e8b465ee728b)
Number of updated assets reloaded before import = 0
Start importing Assets/Horror_Mansion/Models/Props/Bit.fbx using Guid(790475cf43e24b342afeec6abf70eb84) Importer(815301076,1909f56bfc062723c751e8b465ee728b)  -> (artifact id: 'cc53f7679254bc24bf9e75fdfa716917') in 0.122185 seconds 
Number of asset objects unloaded after import = 20
========================================================================
Received Import Request.
  Time since last request: 0.000013 seconds.
  path: Assets/Horror_Mansion/Models/Props/Knife_01.fbx
  artifactKey: Guid(18742be01eb97714a998551d4afb661d) Importer(815301076,1909f56bfc062723c751e8b465ee728b)
Number of updated assets reloaded before import = 0
Start importing Assets/Horror_Mansion/Models/Props/Knife_01.fbx using Guid(18742be01eb97714a998551d4afb661d) Importer(815301076,1909f56bfc062723c751e8b465ee728b)  -> (artifact id: '6ea95883934d8dfee9691070f5664b33') in 0.038813 seconds 
Number of asset objects unloaded after import = 20
========================================================================
Received Import Request.
  Time since last request: 0.000018 seconds.
  path: Assets/Horror_Mansion/Models/Props/Books_Pack_03.fbx
  artifactKey: Guid(887447c8cdcfd2e4f94f70e01e1b2f48) Importer(815301076,1909f56bfc062723c751e8b465ee728b)
Number of updated assets reloaded before import = 0
Start importing Assets/Horror_Mansion/Models/Props/Books_Pack_03.fbx using Guid(887447c8cdcfd2e4f94f70e01e1b2f48) Importer(815301076,1909f56bfc062723c751e8b465ee728b)  -> (artifact id: '73e3fcb2204ecce7c99222c964a25a05') in 0.046172 seconds 
Number of asset objects unloaded after import = 25
========================================================================
Received Import Request.
  Time since last request: 0.000012 seconds.
  path: Assets/Horror_Mansion/Models/Props/Hammer_01.fbx
  artifactKey: Guid(f75fe11e7a308bd409b2fc2e6af790f4) Importer(815301076,1909f56bfc062723c751e8b465ee728b)
Number of updated assets reloaded before import = 0
Start importing Assets/Horror_Mansion/Models/Props/Hammer_01.fbx using Guid(f75fe11e7a308bd409b2fc2e6af790f4) Importer(815301076,1909f56bfc062723c751e8b465ee728b)  -> (artifact id: '25e3200e46bdbfe234c8c57749ca8c39') in 0.047364 seconds 
Number of asset objects unloaded after import = 25
========================================================================
Received Import Request.
  Time since last request: 0.000019 seconds.
  path: Assets/Horror_Mansion/Models/Props/Metal_Box.fbx
  artifactKey: Guid(e142290a3134bcb4d8356ce22329c209) Importer(815301076,1909f56bfc062723c751e8b465ee728b)
Number of updated assets reloaded before import = 0
Start importing Assets/Horror_Mansion/Models/Props/Metal_Box.fbx using Guid(e142290a3134bcb4d8356ce22329c209) Importer(815301076,1909f56bfc062723c751e8b465ee728b)  -> (artifact id: '46ef8589dce23637b7d1e9a76e08676a') in 0.047674 seconds 
Number of asset objects unloaded after import = 35
========================================================================
Received Import Request.
  Time since last request: 0.000014 seconds.
  path: Assets/Horror_Mansion/Models/Props/Electricity_Meter.fbx
  artifactKey: Guid(44fb0efeb3431c641866bcaf51a72e20) Importer(815301076,1909f56bfc062723c751e8b465ee728b)
Number of updated assets reloaded before import = 0
Start importing Assets/Horror_Mansion/Models/Props/Electricity_Meter.fbx using Guid(44fb0efeb3431c641866bcaf51a72e20) Importer(815301076,1909f56bfc062723c751e8b465ee728b)  -> (artifact id: '0e9bc85db24385324f93b0c37503ab1b') in 0.040803 seconds 
Number of asset objects unloaded after import = 26
========================================================================
Received Import Request.
  Time since last request: 0.000014 seconds.
  path: Assets/Horror_Mansion/Models/Props/Framed_Photo_03.fbx
  artifactKey: Guid(cb827e7b025cfa24ba2fa8c4fa9a72be) Importer(815301076,1909f56bfc062723c751e8b465ee728b)
Number of updated assets reloaded before import = 0
Start importing Assets/Horror_Mansion/Models/Props/Framed_Photo_03.fbx using Guid(cb827e7b025cfa24ba2fa8c4fa9a72be) Importer(815301076,1909f56bfc062723c751e8b465ee728b)  -> (artifact id: '26d084fa6c4729293fc24575eac99d73') in 0.025557 seconds 
Number of asset objects unloaded after import = 12
========================================================================
Received Import Request.
  Time since last request: 0.000011 seconds.
  path: Assets/Horror_Mansion/Models/Props/Knife.fbx
  artifactKey: Guid(101ea0cbe86d92c4eb825c2edd3f4532) Importer(815301076,1909f56bfc062723c751e8b465ee728b)
Number of updated assets reloaded before import = 0
Start importing Assets/Horror_Mansion/Models/Props/Knife.fbx using Guid(101ea0cbe86d92c4eb825c2edd3f4532) Importer(815301076,1909f56bfc062723c751e8b465ee728b)  -> (artifact id: '1f4c97e48a643840c31d1903ae4d33e2') in 0.032984 seconds 
Number of asset objects unloaded after import = 20
========================================================================
Received Import Request.
  Time since last request: 0.000013 seconds.
  path: Assets/Horror_Mansion/Models/Props/Books_06.fbx
  artifactKey: Guid(d47937bea1463b148a3a2b921b5861fe) Importer(815301076,1909f56bfc062723c751e8b465ee728b)
Number of updated assets reloaded before import = 0
Start importing Assets/Horror_Mansion/Models/Props/Books_06.fbx using Guid(d47937bea1463b148a3a2b921b5861fe) Importer(815301076,1909f56bfc062723c751e8b465ee728b)  -> (artifact id: 'f879876dcbdf76c8c406cdf0d8f373ab') in 0.022885 seconds 
Number of asset objects unloaded after import = 12
========================================================================
Received Import Request.
  Time since last request: 0.000032 seconds.
  path: Assets/Horror_Mansion/Models/Props/Broken_Plate_02.fbx
  artifactKey: Guid(61273fcb1c974d744ae691e664c09c06) Importer(815301076,1909f56bfc062723c751e8b465ee728b)
Number of updated assets reloaded before import = 0
Start importing Assets/Horror_Mansion/Models/Props/Broken_Plate_02.fbx using Guid(61273fcb1c974d744ae691e664c09c06) Importer(815301076,1909f56bfc062723c751e8b465ee728b)  -> (artifact id: '3493b45f77246068e85a08bc25360550') in 0.036106 seconds 
Number of asset objects unloaded after import = 20
========================================================================
Received Import Request.
  Time since last request: 0.000015 seconds.
  path: Assets/Horror_Mansion/Models/Props/Books_12.fbx
  artifactKey: Guid(f8a4b34335a285144891ac811912fa10) Importer(815301076,1909f56bfc062723c751e8b465ee728b)
Number of updated assets reloaded before import = 0
Start importing Assets/Horror_Mansion/Models/Props/Books_12.fbx using Guid(f8a4b34335a285144891ac811912fa10) Importer(815301076,1909f56bfc062723c751e8b465ee728b)  -> (artifact id: 'd60b6ae062025cde5fb67bdfdff12433') in 0.036689 seconds 
Number of asset objects unloaded after import = 20
========================================================================
Received Import Request.
  Time since last request: 1.118159 seconds.
  path: Assets/Horror_Mansion/Models/Props/Picture_01.fbx
  artifactKey: Guid(b29c5c7c521a2de4cbee3caa68d2bd4e) Importer(815301076,1909f56bfc062723c751e8b465ee728b)
Number of updated assets reloaded before import = 0
Start importing Assets/Horror_Mansion/Models/Props/Picture_01.fbx using Guid(b29c5c7c521a2de4cbee3caa68d2bd4e) Importer(815301076,1909f56bfc062723c751e8b465ee728b)  -> (artifact id: '28ada1ab4f09ddcbade0769c52f28d1d') in 0.073890 seconds 
Number of asset objects unloaded after import = 12
========================================================================
Received Import Request.
  Time since last request: 0.000015 seconds.
  path: Assets/Horror_Mansion/Models/Props/Picture_09.fbx
  artifactKey: Guid(19e6fd46df2a24a47868b11231e463a4) Importer(815301076,1909f56bfc062723c751e8b465ee728b)
Number of updated assets reloaded before import = 0
Start importing Assets/Horror_Mansion/Models/Props/Picture_09.fbx using Guid(19e6fd46df2a24a47868b11231e463a4) Importer(815301076,1909f56bfc062723c751e8b465ee728b)  -> (artifact id: 'ee8814afbe637d3743652273cca873f8') in 0.033599 seconds 
Number of asset objects unloaded after import = 12
========================================================================
Received Import Request.
  Time since last request: 0.630546 seconds.
  path: Assets/Horror_Mansion/Models/Props/Piece_Paper_04.fbx
  artifactKey: Guid(5d535974ae7ebc54590646447d9af781) Importer(815301076,1909f56bfc062723c751e8b465ee728b)
Number of updated assets reloaded before import = 0
Start importing Assets/Horror_Mansion/Models/Props/Piece_Paper_04.fbx using Guid(5d535974ae7ebc54590646447d9af781) Importer(815301076,1909f56bfc062723c751e8b465ee728b)  -> (artifact id: 'df809c354ac2382fd9144f7f36323114') in 0.055436 seconds 
Number of asset objects unloaded after import = 12
========================================================================
Received Import Request.
  Time since last request: 0.000011 seconds.
  path: Assets/Horror_Mansion/Models/Props/Scalpel.fbx
  artifactKey: Guid(c260a999d331b8742a088a176e4dcf64) Importer(815301076,1909f56bfc062723c751e8b465ee728b)
Number of updated assets reloaded before import = 0
Start importing Assets/Horror_Mansion/Models/Props/Scalpel.fbx using Guid(c260a999d331b8742a088a176e4dcf64) Importer(815301076,1909f56bfc062723c751e8b465ee728b)  -> (artifact id: '86d28c12ded022bd65d4f9955126ff07') in 0.045318 seconds 
Number of asset objects unloaded after import = 20
========================================================================
Received Import Request.
  Time since last request: 0.000012 seconds.
  path: Assets/Horror_Mansion/Models/Props/Plate_04.fbx
  artifactKey: Guid(9a3b2afd21ed4d244bde7d6483c4cca8) Importer(815301076,1909f56bfc062723c751e8b465ee728b)
Number of updated assets reloaded before import = 0
Start importing Assets/Horror_Mansion/Models/Props/Plate_04.fbx using Guid(9a3b2afd21ed4d244bde7d6483c4cca8) Importer(815301076,1909f56bfc062723c751e8b465ee728b)  -> (artifact id: '13e36d180e516decb9b04cedbc2a710f') in 0.044598 seconds 
Number of asset objects unloaded after import = 20
========================================================================
Received Import Request.
  Time since last request: 0.175052 seconds.
  path: Assets/Horror_Mansion/Models/Props/Soap.fbx
  artifactKey: Guid(26b8c810f82a6af4ba1eb8fb9296450c) Importer(815301076,1909f56bfc062723c751e8b465ee728b)
Number of updated assets reloaded before import = 0
Start importing Assets/Horror_Mansion/Models/Props/Soap.fbx using Guid(26b8c810f82a6af4ba1eb8fb9296450c) Importer(815301076,1909f56bfc062723c751e8b465ee728b)  -> (artifact id: 'dc2e32e1102069ebdefb7782fcd340f1') in 0.076907 seconds 
Number of asset objects unloaded after import = 20
========================================================================
Received Import Request.
  Time since last request: 0.000016 seconds.
  path: Assets/Horror_Mansion/Models/Props/Sponge.fbx
  artifactKey: Guid(542ff1fde13583c45a1ca57ed2917e06) Importer(815301076,1909f56bfc062723c751e8b465ee728b)
Number of updated assets reloaded before import = 0
Start importing Assets/Horror_Mansion/Models/Props/Sponge.fbx using Guid(542ff1fde13583c45a1ca57ed2917e06) Importer(815301076,1909f56bfc062723c751e8b465ee728b)  -> (artifact id: 'e0ad69df7c0e1b986a0657dc6092a3c6') in 0.048625 seconds 
Number of asset objects unloaded after import = 20
Editor requested this worker to shutdown with reason: Scaling down because of idle timeout
AssetImportWorker is now disconnected from the server
Process exiting
Exiting without the bug reporter. Application will terminate with return code 0