Using pre-set license
Built from '2021.3/staging' branch; Version is '2021.3.39f1 (fb3b7b32f191) revision 16464763'; Using compiler version '192829333'; Build Type 'Release'
OS: 'Windows 11  (10.0.26100) 64bit Professional' Language: 'en' Physical Memory: 32603 MB
BatchMode: 1, IsHumanControllingUs: 0, StartBugReporterOnCrash: 0, Is64bit: 1, IsPro: 1

COMMAND LINE ARGUMENTS:
C:\Program Files\Unity\Hub\Editor\2021.3.39f1\Editor\Unity.exe
-adb2
-batchMode
-noUpm
-name
AssetImportWorker19
-projectPath
C:/Users/mayar/Documents/GitHub/Blackwoods-Curse/BlackwoodsCurse
-logFile
Logs/AssetImportWorker19.log
-srvPort
52665
Successfully changed project path to: C:/Users/mayar/Documents/GitHub/Blackwoods-Curse/BlackwoodsCurse
C:/Users/mayar/Documents/GitHub/Blackwoods-Curse/BlackwoodsCurse
[UnityMemory] Configuration Parameters - Can be set up in boot.config
    "memorysetup-bucket-allocator-granularity=16"
    "memorysetup-bucket-allocator-bucket-count=8"
    "memorysetup-bucket-allocator-block-size=33554432"
    "memorysetup-bucket-allocator-block-count=8"
    "memorysetup-main-allocator-block-size=16777216"
    "memorysetup-thread-allocator-block-size=16777216"
    "memorysetup-gfx-main-allocator-block-size=16777216"
    "memorysetup-gfx-thread-allocator-block-size=16777216"
    "memorysetup-cache-allocator-block-size=4194304"
    "memorysetup-typetree-allocator-block-size=2097152"
    "memorysetup-profiler-bucket-allocator-granularity=16"
    "memorysetup-profiler-bucket-allocator-bucket-count=8"
    "memorysetup-profiler-bucket-allocator-block-size=33554432"
    "memorysetup-profiler-bucket-allocator-block-count=8"
    "memorysetup-profiler-allocator-block-size=16777216"
    "memorysetup-profiler-editor-allocator-block-size=1048576"
    "memorysetup-temp-allocator-size-main=16777216"
    "memorysetup-job-temp-allocator-block-size=2097152"
    "memorysetup-job-temp-allocator-block-size-background=1048576"
    "memorysetup-job-temp-allocator-reduction-small-platforms=262144"
    "memorysetup-temp-allocator-size-background-worker=32768"
    "memorysetup-temp-allocator-size-job-worker=262144"
    "memorysetup-temp-allocator-size-preload-manager=33554432"
    "memorysetup-temp-allocator-size-nav-mesh-worker=65536"
    "memorysetup-temp-allocator-size-audio-worker=65536"
    "memorysetup-temp-allocator-size-cloud-worker=32768"
    "memorysetup-temp-allocator-size-gi-baking-worker=262144"
    "memorysetup-temp-allocator-size-gfx=262144"
Player connection [5500] Host "[IP] 192.168.52.1 [Port] 0 [Flags] 2 [Guid] 1826448232 [EditorId] 1826448232 [Version] 1048832 [Id] WindowsEditor(7,MAYAR-DESKTOP) [Debug] 1 [PackageName] WindowsEditor [ProjectName] Editor" joined multi-casting on [225.0.0.222:54997]...

Player connection [5500] Host "[IP] 192.168.52.1 [Port] 0 [Flags] 2 [Guid] 1826448232 [EditorId] 1826448232 [Version] 1048832 [Id] WindowsEditor(7,MAYAR-DESKTOP) [Debug] 1 [PackageName] WindowsEditor [ProjectName] Editor" joined alternative multi-casting on [225.0.0.222:34997]...

[Physics::Module] Initialized MultithreadedJobDispatcher with {0} workers.
Refreshing native plugins compatible for Editor in 39.04 ms, found 3 plugins.
Preloading 0 native plugins for Editor in 0.00 ms.
Initialize engine version: 2021.3.39f1 (fb3b7b32f191)
[Subsystems] Discovering subsystems at path C:/Program Files/Unity/Hub/Editor/2021.3.39f1/Editor/Data/Resources/UnitySubsystems
[Subsystems] Discovering subsystems at path C:/Users/mayar/Documents/GitHub/Blackwoods-Curse/BlackwoodsCurse/Assets
GfxDevice: creating device client; threaded=0; jobified=0
Direct3D:
    Version:  Direct3D 11.0 [level 11.1]
    Renderer: NVIDIA GeForce RTX 3060 (ID=0x2504)
    Vendor:   NVIDIA
    VRAM:     12115 MB
    Driver:   32.0.15.6094
Initialize mono
Mono path[0] = 'C:/Program Files/Unity/Hub/Editor/2021.3.39f1/Editor/Data/Managed'
Mono path[1] = 'C:/Program Files/Unity/Hub/Editor/2021.3.39f1/Editor/Data/MonoBleedingEdge/lib/mono/unityjit-win32'
Mono config path = 'C:/Program Files/Unity/Hub/Editor/2021.3.39f1/Editor/Data/MonoBleedingEdge/etc'
Using monoOptions --debugger-agent=transport=dt_socket,embedding=1,server=y,suspend=n,address=127.0.0.1:56976
Begin MonoManager ReloadAssembly
Registering precompiled unity dll's ...
Register platform support module: C:/Program Files/Unity/Hub/Editor/2021.3.39f1/Editor/Data/PlaybackEngines/WindowsStandaloneSupport/UnityEditor.WindowsStandalone.Extensions.dll
Registered in 0.002928 seconds.
Native extension for WindowsStandalone target not found
Refreshing native plugins compatible for Editor in 36.22 ms, found 3 plugins.
Preloading 0 native plugins for Editor in 0.00 ms.
Mono: successfully reloaded assembly
- Completed reload, in  0.343 seconds
Domain Reload Profiling:
	ReloadAssembly (343ms)
		BeginReloadAssembly (53ms)
			ExecutionOrderSort (0ms)
			DisableScriptedObjects (0ms)
			BackupInstance (0ms)
			ReleaseScriptingObjects (0ms)
			CreateAndSetChildDomain (0ms)
		EndReloadAssembly (239ms)
			LoadAssemblies (52ms)
			RebuildTransferFunctionScriptingTraits (0ms)
			SetupTypeCache (54ms)
			ReleaseScriptCaches (0ms)
			RebuildScriptCaches (14ms)
			SetupLoadedEditorAssemblies (150ms)
				LogAssemblyErrors (0ms)
				InitializePlatformSupportModulesInManaged (4ms)
				SetLoadedEditorAssemblies (0ms)
				RefreshPlugins (36ms)
				BeforeProcessingInitializeOnLoad (1ms)
				ProcessInitializeOnLoadAttributes (79ms)
				ProcessInitializeOnLoadMethodAttributes (30ms)
				AfterProcessingInitializeOnLoad (0ms)
				EditorAssembliesLoaded (0ms)
			ExecutionOrderSort2 (0ms)
			AwakeInstancesAfterBackupRestoration (0ms)
Platform modules already initialized, skipping
Registering precompiled user dll's ...
Registered in 0.002568 seconds.
Begin MonoManager ReloadAssembly
Native extension for WindowsStandalone target not found
Refreshing native plugins compatible for Editor in 0.32 ms, found 3 plugins.
Preloading 0 native plugins for Editor in 0.00 ms.
Package Manager log level set to [2]
[Package Manager] Server::EnsureServerProcessIsRunning -- launch failed, reason: Unity was launched with the -noUpm command-line argument
[Package Manager] Cannot connect to Unity Package Manager local server
Mono: successfully reloaded assembly
- Completed reload, in  0.889 seconds
Domain Reload Profiling:
	ReloadAssembly (890ms)
		BeginReloadAssembly (71ms)
			ExecutionOrderSort (0ms)
			DisableScriptedObjects (3ms)
			BackupInstance (0ms)
			ReleaseScriptingObjects (0ms)
			CreateAndSetChildDomain (11ms)
		EndReloadAssembly (765ms)
			LoadAssemblies (56ms)
			RebuildTransferFunctionScriptingTraits (0ms)
			SetupTypeCache (138ms)
			ReleaseScriptCaches (0ms)
			RebuildScriptCaches (26ms)
			SetupLoadedEditorAssemblies (537ms)
				LogAssemblyErrors (0ms)
				InitializePlatformSupportModulesInManaged (3ms)
				SetLoadedEditorAssemblies (0ms)
				RefreshPlugins (0ms)
				BeforeProcessingInitializeOnLoad (35ms)
				ProcessInitializeOnLoadAttributes (483ms)
				ProcessInitializeOnLoadMethodAttributes (11ms)
				AfterProcessingInitializeOnLoad (4ms)
				EditorAssembliesLoaded (0ms)
			ExecutionOrderSort2 (0ms)
			AwakeInstancesAfterBackupRestoration (6ms)
Platform modules already initialized, skipping
========================================================================
Worker process is ready to serve import requests
Launched and connected shader compiler UnityShaderCompiler.exe after 0.03 seconds
Refreshing native plugins compatible for Editor in 0.61 ms, found 3 plugins.
Preloading 0 native plugins for Editor in 0.00 ms.
Unloading 3085 Unused Serialized files (Serialized files now loaded: 0)
Unloading 24 unused Assets / (47.1 KB). Loaded Objects now: 3568.
Memory consumption went from 196.2 MB to 196.1 MB.
Total: 2.229500 ms (FindLiveObjects: 0.180300 ms CreateObjectMapping: 0.062500 ms MarkObjects: 1.908800 ms  DeleteObjects: 0.076700 ms)

AssetImportParameters requested are different than current active one (requested -> active):
  custom:video-decoder-ogg-theora: a1e56fd34408186e4bbccfd4996cb3dc -> 
  custom:container-muxer-webm: aa71ff27fc2769a1b78a27578f13a17b -> 
  custom:container-demuxer-webm: 4f35f7cbe854078d1ac9338744f61a02 -> 
  custom:video-encoder-webm-vp8: eb34c28f22e8b96e1ab97ce403110664 -> 
  custom:video-codec-MediaFoundation-h265: 746d11721c4dcdbdad8f713fa42b33f4 -> 
  custom:CustomObjectIndexerAttribute: bc11b3a6c3213fcdd17b65e7da85e133 -> 
  custom:audio-encoder-webm-vorbis: bf7c407c2cedff20999df2af8eb42d56 -> 
  custom:framework-win-MediaFoundation: 216162199b28c13a410421893ffa2e32 -> 
  custom:SearchIndexIgnoredProperties: e643bd26f0fe6173181afceb89e7c659 -> 
  custom:container-demuxer-ogg: 62fdf1f143b41e24485cea50d1cbac27 -> 
  custom:video-decoder-webm-vp8: 9c59270c3fd7afecdb556c50c9e8de78 -> 
  custom:audio-decoder-ogg-vorbis: bf7c407c2cedff20999df2af8eb42d56 -> 
========================================================================
Received Prepare
Registering precompiled user dll's ...
Registered in 0.003090 seconds.
Begin MonoManager ReloadAssembly
Native extension for WindowsStandalone target not found
Refreshing native plugins compatible for Editor in 0.38 ms, found 3 plugins.
Preloading 0 native plugins for Editor in 0.00 ms.
[Package Manager] Server::EnsureServerProcessIsRunning -- launch failed, reason: Unity was launched with the -noUpm command-line argument
[Package Manager] Cannot connect to Unity Package Manager local server
Mono: successfully reloaded assembly
- Completed reload, in  0.892 seconds
Domain Reload Profiling:
	ReloadAssembly (893ms)
		BeginReloadAssembly (99ms)
			ExecutionOrderSort (0ms)
			DisableScriptedObjects (3ms)
			BackupInstance (0ms)
			ReleaseScriptingObjects (0ms)
			CreateAndSetChildDomain (21ms)
		EndReloadAssembly (745ms)
			LoadAssemblies (61ms)
			RebuildTransferFunctionScriptingTraits (0ms)
			SetupTypeCache (146ms)
			ReleaseScriptCaches (1ms)
			RebuildScriptCaches (25ms)
			SetupLoadedEditorAssemblies (506ms)
				LogAssemblyErrors (0ms)
				InitializePlatformSupportModulesInManaged (3ms)
				SetLoadedEditorAssemblies (0ms)
				RefreshPlugins (0ms)
				BeforeProcessingInitializeOnLoad (27ms)
				ProcessInitializeOnLoadAttributes (459ms)
				ProcessInitializeOnLoadMethodAttributes (12ms)
				AfterProcessingInitializeOnLoad (4ms)
				EditorAssembliesLoaded (0ms)
			ExecutionOrderSort2 (0ms)
			AwakeInstancesAfterBackupRestoration (5ms)
Platform modules already initialized, skipping
Refreshing native plugins compatible for Editor in 0.78 ms, found 3 plugins.
Preloading 0 native plugins for Editor in 0.00 ms.
Unloading 3075 Unused Serialized files (Serialized files now loaded: 0)
Unloading 19 unused Assets / (21.9 KB). Loaded Objects now: 3571.
Memory consumption went from 195.4 MB to 195.4 MB.
Total: 2.191000 ms (FindLiveObjects: 0.217200 ms CreateObjectMapping: 0.067600 ms MarkObjects: 1.867300 ms  DeleteObjects: 0.037600 ms)

AssetImportParameters requested are different than current active one (requested -> active):
  custom:video-decoder-ogg-theora: a1e56fd34408186e4bbccfd4996cb3dc -> 
  custom:container-muxer-webm: aa71ff27fc2769a1b78a27578f13a17b -> 
  custom:container-demuxer-webm: 4f35f7cbe854078d1ac9338744f61a02 -> 
  custom:video-encoder-webm-vp8: eb34c28f22e8b96e1ab97ce403110664 -> 
  custom:video-codec-MediaFoundation-h265: 746d11721c4dcdbdad8f713fa42b33f4 -> 
  custom:CustomObjectIndexerAttribute: bc11b3a6c3213fcdd17b65e7da85e133 -> 
  custom:audio-encoder-webm-vorbis: bf7c407c2cedff20999df2af8eb42d56 -> 
  custom:framework-win-MediaFoundation: 216162199b28c13a410421893ffa2e32 -> 
  custom:SearchIndexIgnoredProperties: e643bd26f0fe6173181afceb89e7c659 -> 
  custom:container-demuxer-ogg: 62fdf1f143b41e24485cea50d1cbac27 -> 
  custom:video-decoder-webm-vp8: 9c59270c3fd7afecdb556c50c9e8de78 -> 
  custom:audio-decoder-ogg-vorbis: bf7c407c2cedff20999df2af8eb42d56 -> 
========================================================================
Received Import Request.
  Time since last request: 133642.661592 seconds.
  path: Assets/Horror_Mansion
  artifactKey: Guid(78c6b9782895e864fac7726dc038609c) Importer(815301076,1909f56bfc062723c751e8b465ee728b)
Number of updated assets reloaded before import = 0
Start importing Assets/Horror_Mansion using Guid(78c6b9782895e864fac7726dc038609c) Importer(815301076,1909f56bfc062723c751e8b465ee728b)  -> (artifact id: 'b3e63c66969af829265e6cfb95b38fad') in 0.019458 seconds 
Number of asset objects unloaded after import = 0
========================================================================
Received Prepare
Registering precompiled user dll's ...
Registered in 0.002267 seconds.
Begin MonoManager ReloadAssembly
Native extension for WindowsStandalone target not found
Refreshing native plugins compatible for Editor in 0.38 ms, found 3 plugins.
Preloading 0 native plugins for Editor in 0.00 ms.
[Package Manager] Server::EnsureServerProcessIsRunning -- launch failed, reason: Unity was launched with the -noUpm command-line argument
[Package Manager] Cannot connect to Unity Package Manager local server
Mono: successfully reloaded assembly
- Completed reload, in  0.886 seconds
Domain Reload Profiling:
	ReloadAssembly (886ms)
		BeginReloadAssembly (99ms)
			ExecutionOrderSort (0ms)
			DisableScriptedObjects (3ms)
			BackupInstance (0ms)
			ReleaseScriptingObjects (0ms)
			CreateAndSetChildDomain (26ms)
		EndReloadAssembly (731ms)
			LoadAssemblies (59ms)
			RebuildTransferFunctionScriptingTraits (0ms)
			SetupTypeCache (134ms)
			ReleaseScriptCaches (1ms)
			RebuildScriptCaches (21ms)
			SetupLoadedEditorAssemblies (513ms)
				LogAssemblyErrors (0ms)
				InitializePlatformSupportModulesInManaged (3ms)
				SetLoadedEditorAssemblies (0ms)
				RefreshPlugins (0ms)
				BeforeProcessingInitializeOnLoad (28ms)
				ProcessInitializeOnLoadAttributes (465ms)
				ProcessInitializeOnLoadMethodAttributes (12ms)
				AfterProcessingInitializeOnLoad (4ms)
				EditorAssembliesLoaded (0ms)
			ExecutionOrderSort2 (0ms)
			AwakeInstancesAfterBackupRestoration (6ms)
Platform modules already initialized, skipping
Refreshing native plugins compatible for Editor in 0.58 ms, found 3 plugins.
Preloading 0 native plugins for Editor in 0.00 ms.
Unloading 3075 Unused Serialized files (Serialized files now loaded: 0)
Unloading 19 unused Assets / (21.9 KB). Loaded Objects now: 3574.
Memory consumption went from 195.4 MB to 195.4 MB.
Total: 1.623800 ms (FindLiveObjects: 0.152600 ms CreateObjectMapping: 0.042800 ms MarkObjects: 1.415400 ms  DeleteObjects: 0.012500 ms)

AssetImportParameters requested are different than current active one (requested -> active):
  custom:video-decoder-ogg-theora: a1e56fd34408186e4bbccfd4996cb3dc -> 
  custom:container-muxer-webm: aa71ff27fc2769a1b78a27578f13a17b -> 
  custom:container-demuxer-webm: 4f35f7cbe854078d1ac9338744f61a02 -> 
  custom:video-encoder-webm-vp8: eb34c28f22e8b96e1ab97ce403110664 -> 
  custom:video-codec-MediaFoundation-h265: 746d11721c4dcdbdad8f713fa42b33f4 -> 
  custom:CustomObjectIndexerAttribute: bc11b3a6c3213fcdd17b65e7da85e133 -> 
  custom:audio-encoder-webm-vorbis: bf7c407c2cedff20999df2af8eb42d56 -> 
  custom:framework-win-MediaFoundation: 216162199b28c13a410421893ffa2e32 -> 
  custom:SearchIndexIgnoredProperties: e643bd26f0fe6173181afceb89e7c659 -> 
  custom:container-demuxer-ogg: 62fdf1f143b41e24485cea50d1cbac27 -> 
  custom:video-decoder-webm-vp8: 9c59270c3fd7afecdb556c50c9e8de78 -> 
  custom:audio-decoder-ogg-vorbis: bf7c407c2cedff20999df2af8eb42d56 -> 
========================================================================
Received Import Request.
  Time since last request: 435.107909 seconds.
  path: Assets/Horror_Mansion/Cutscene_01_Timeline.playable
  artifactKey: Guid(3a2ecdb35126b574eb85591b4550fe27) Importer(815301076,1909f56bfc062723c751e8b465ee728b)
Number of updated assets reloaded before import = 0
Start importing Assets/Horror_Mansion/Cutscene_01_Timeline.playable using Guid(3a2ecdb35126b574eb85591b4550fe27) Importer(815301076,1909f56bfc062723c751e8b465ee728b)  -> (artifact id: '7868e8eddd228fa2a447afcbe1e60fda') in 0.047290 seconds 
Number of asset objects unloaded after import = 6
========================================================================
Received Import Request.
  Time since last request: 210.768139 seconds.
  path: Assets/Horror_Mansion/Materials/Environment
  artifactKey: Guid(9572b17553978bc4eba7e2e4f18fe68e) Importer(815301076,1909f56bfc062723c751e8b465ee728b)
Number of updated assets reloaded before import = 0
Start importing Assets/Horror_Mansion/Materials/Environment using Guid(9572b17553978bc4eba7e2e4f18fe68e) Importer(815301076,1909f56bfc062723c751e8b465ee728b)  -> (artifact id: '16911a433affac85ee6580e157eadb31') in 0.004914 seconds 
Number of asset objects unloaded after import = 0
========================================================================
Received Import Request.
  Time since last request: 0.078063 seconds.
  path: Assets/Horror_Mansion/Materials/Environment/Bathroom.mat
  artifactKey: Guid(ea66debb96668134f86e44459f7051b4) Importer(815301076,1909f56bfc062723c751e8b465ee728b)
Number of updated assets reloaded before import = 0
Start importing Assets/Horror_Mansion/Materials/Environment/Bathroom.mat using Guid(ea66debb96668134f86e44459f7051b4) Importer(815301076,1909f56bfc062723c751e8b465ee728b)  -> (artifact id: '1e645f8658f830c363ebf496d82bf733') in 0.113356 seconds 
Number of asset objects unloaded after import = 5
========================================================================
Received Import Request.
  Time since last request: 0.000018 seconds.
  path: Assets/Horror_Mansion/Materials/Environment/Cupboard_Dishes.mat
  artifactKey: Guid(5c8e4a9b0b4d3754695b398f19cfd179) Importer(815301076,1909f56bfc062723c751e8b465ee728b)
Number of updated assets reloaded before import = 0
Start importing Assets/Horror_Mansion/Materials/Environment/Cupboard_Dishes.mat using Guid(5c8e4a9b0b4d3754695b398f19cfd179) Importer(815301076,1909f56bfc062723c751e8b465ee728b)  -> (artifact id: '4db134cf28801ec385d7b609fcc5c63d') in 0.069599 seconds 
Number of asset objects unloaded after import = 5
========================================================================
Received Import Request.
  Time since last request: 0.000019 seconds.
  path: Assets/Horror_Mansion/Materials/Environment/Bed.mat
  artifactKey: Guid(d08c6698b8c5e324aa6dbc84e6d448f4) Importer(815301076,1909f56bfc062723c751e8b465ee728b)
Number of updated assets reloaded before import = 0
Start importing Assets/Horror_Mansion/Materials/Environment/Bed.mat using Guid(d08c6698b8c5e324aa6dbc84e6d448f4) Importer(815301076,1909f56bfc062723c751e8b465ee728b)  -> (artifact id: '8697989c6f4506ecb6102316ae38b501') in 0.047836 seconds 
Number of asset objects unloaded after import = 5
========================================================================
Received Import Request.
  Time since last request: 0.000015 seconds.
  path: Assets/Horror_Mansion/Materials/Environment/Fireplace.mat
  artifactKey: Guid(5f6f3dffc85c7c84d9da2964bdebc4e7) Importer(815301076,1909f56bfc062723c751e8b465ee728b)
Number of updated assets reloaded before import = 0
Start importing Assets/Horror_Mansion/Materials/Environment/Fireplace.mat using Guid(5f6f3dffc85c7c84d9da2964bdebc4e7) Importer(815301076,1909f56bfc062723c751e8b465ee728b)  -> (artifact id: '903a77a1e8c50508661cc6cbe037cf9b') in 0.044804 seconds 
Number of asset objects unloaded after import = 6
========================================================================
Received Import Request.
  Time since last request: 0.000013 seconds.
  path: Assets/Horror_Mansion/Materials/Environment/Work_Desk.mat
  artifactKey: Guid(be06aebd78221a7408b053a27a98ae28) Importer(815301076,1909f56bfc062723c751e8b465ee728b)
Number of updated assets reloaded before import = 0
Start importing Assets/Horror_Mansion/Materials/Environment/Work_Desk.mat using Guid(be06aebd78221a7408b053a27a98ae28) Importer(815301076,1909f56bfc062723c751e8b465ee728b)  -> (artifact id: 'dc9bc09b718ebb23ee2e48ae4d056e19') in 0.017222 seconds 
Number of asset objects unloaded after import = 5
========================================================================
Received Import Request.
  Time since last request: 0.000013 seconds.
  path: Assets/Horror_Mansion/Materials/Environment/Carpet.mat
  artifactKey: Guid(b7adef71673956c42b520093b9f32ca1) Importer(815301076,1909f56bfc062723c751e8b465ee728b)
Number of updated assets reloaded before import = 0
Start importing Assets/Horror_Mansion/Materials/Environment/Carpet.mat using Guid(b7adef71673956c42b520093b9f32ca1) Importer(815301076,1909f56bfc062723c751e8b465ee728b)  -> (artifact id: '978496e84fe50b75dd4c45de50526a6f') in 0.032571 seconds 
Number of asset objects unloaded after import = 4
========================================================================
Received Import Request.
  Time since last request: 0.000013 seconds.
  path: Assets/Horror_Mansion/Materials/Environment/Fabric_02.mat
  artifactKey: Guid(9dce966df035bd348b8b04cd9996a19d) Importer(815301076,1909f56bfc062723c751e8b465ee728b)
Number of updated assets reloaded before import = 0
Start importing Assets/Horror_Mansion/Materials/Environment/Fabric_02.mat using Guid(9dce966df035bd348b8b04cd9996a19d) Importer(815301076,1909f56bfc062723c751e8b465ee728b)  -> (artifact id: '7b1b56e6118416c3472684110c9a025f') in 0.044991 seconds 
Number of asset objects unloaded after import = 4
========================================================================
Received Import Request.
  Time since last request: 0.000012 seconds.
  path: Assets/Horror_Mansion/Materials/Environment/Coffin_02.mat
  artifactKey: Guid(b5a53e94934b0c54db31b958ee353cff) Importer(815301076,1909f56bfc062723c751e8b465ee728b)
Number of updated assets reloaded before import = 0
Start importing Assets/Horror_Mansion/Materials/Environment/Coffin_02.mat using Guid(b5a53e94934b0c54db31b958ee353cff) Importer(815301076,1909f56bfc062723c751e8b465ee728b)  -> (artifact id: '15305359320f666147e033e6c1b98742') in 0.019432 seconds 
Number of asset objects unloaded after import = 5
========================================================================
Received Import Request.
  Time since last request: 0.000016 seconds.
  path: Assets/Horror_Mansion/Materials/Environment/Curtain_Fabric.mat
  artifactKey: Guid(d7ffe548e04f4a445a30c6fe09476f17) Importer(815301076,1909f56bfc062723c751e8b465ee728b)
Number of updated assets reloaded before import = 0
Start importing Assets/Horror_Mansion/Materials/Environment/Curtain_Fabric.mat using Guid(d7ffe548e04f4a445a30c6fe09476f17) Importer(815301076,1909f56bfc062723c751e8b465ee728b)  -> (artifact id: '6f7312ecfa0ce7172a213986774c1af4') in 0.046198 seconds 
Number of asset objects unloaded after import = 5
========================================================================
Received Import Request.
  Time since last request: 0.000023 seconds.
  path: Assets/Horror_Mansion/Materials/Environment/Lamp_No_Emissive.mat
  artifactKey: Guid(c2d1ae6668f1de949b68057368dc463f) Importer(815301076,1909f56bfc062723c751e8b465ee728b)
Number of updated assets reloaded before import = 0
Start importing Assets/Horror_Mansion/Materials/Environment/Lamp_No_Emissive.mat using Guid(c2d1ae6668f1de949b68057368dc463f) Importer(815301076,1909f56bfc062723c751e8b465ee728b)  -> (artifact id: '11487d246d4f15bf8020e07b315b80fe') in 0.024017 seconds 
Number of asset objects unloaded after import = 6
========================================================================
Received Import Request.
  Time since last request: 0.000017 seconds.
  path: Assets/Horror_Mansion/Materials/Environment/Coal_Boiler.mat
  artifactKey: Guid(38c2b3485d084a04a9eb9fe3afed5ee3) Importer(815301076,1909f56bfc062723c751e8b465ee728b)
Number of updated assets reloaded before import = 0
Start importing Assets/Horror_Mansion/Materials/Environment/Coal_Boiler.mat using Guid(38c2b3485d084a04a9eb9fe3afed5ee3) Importer(815301076,1909f56bfc062723c751e8b465ee728b)  -> (artifact id: '9778265f3ed3c8d6fa5f724f2c6789a0') in 0.019873 seconds 
Number of asset objects unloaded after import = 5
========================================================================
Received Import Request.
  Time since last request: 0.000015 seconds.
  path: Assets/Horror_Mansion/Materials/Environment/Sofa_Leather.mat
  artifactKey: Guid(06c70fa906bd87746a12db82e39f852d) Importer(815301076,1909f56bfc062723c751e8b465ee728b)
Number of updated assets reloaded before import = 0
Start importing Assets/Horror_Mansion/Materials/Environment/Sofa_Leather.mat using Guid(06c70fa906bd87746a12db82e39f852d) Importer(815301076,1909f56bfc062723c751e8b465ee728b)  -> (artifact id: 'ea597a16dd7558e36adec200d59026ed') in 0.037514 seconds 
Number of asset objects unloaded after import = 5
========================================================================
Received Import Request.
  Time since last request: 0.000014 seconds.
  path: Assets/Horror_Mansion/Materials/Environment/Grandfather_Clock.mat
  artifactKey: Guid(f4ad6cc38783361458aaff2a7c9350fe) Importer(815301076,1909f56bfc062723c751e8b465ee728b)
Number of updated assets reloaded before import = 0
Start importing Assets/Horror_Mansion/Materials/Environment/Grandfather_Clock.mat using Guid(f4ad6cc38783361458aaff2a7c9350fe) Importer(815301076,1909f56bfc062723c751e8b465ee728b)  -> (artifact id: '84664140ade9f9040ad1f253c4765293') in 0.016218 seconds 
Number of asset objects unloaded after import = 5
========================================================================
Received Import Request.
  Time since last request: 0.000012 seconds.
  path: Assets/Horror_Mansion/Materials/Environment/Coffin_01.mat
  artifactKey: Guid(f0a6ba3a4fd21744485dd8ad9a6bba4a) Importer(815301076,1909f56bfc062723c751e8b465ee728b)
Number of updated assets reloaded before import = 0
Start importing Assets/Horror_Mansion/Materials/Environment/Coffin_01.mat using Guid(f0a6ba3a4fd21744485dd8ad9a6bba4a) Importer(815301076,1909f56bfc062723c751e8b465ee728b)  -> (artifact id: '7446cf0d421c05118e4e3c48c26a0506') in 0.017835 seconds 
Number of asset objects unloaded after import = 5
========================================================================
Received Import Request.
  Time since last request: 36.923349 seconds.
  path: Assets/Horror_Mansion/Materials/Prosp/Chandelier_No_Emissive.mat
  artifactKey: Guid(acf392156ee3f4348931427c70ce372a) Importer(815301076,1909f56bfc062723c751e8b465ee728b)
Number of updated assets reloaded before import = 0
Start importing Assets/Horror_Mansion/Materials/Prosp/Chandelier_No_Emissive.mat using Guid(acf392156ee3f4348931427c70ce372a) Importer(815301076,1909f56bfc062723c751e8b465ee728b)  -> (artifact id: '753724c9b53c55f6b54a24ab6f15b82d') in 0.031694 seconds 
Number of asset objects unloaded after import = 6
========================================================================
Received Import Request.
  Time since last request: 0.000018 seconds.
  path: Assets/Horror_Mansion/Materials/Prosp/Suitcase.mat
  artifactKey: Guid(3ae4bb3dd73f6e84396f783ba405a14d) Importer(815301076,1909f56bfc062723c751e8b465ee728b)
Number of updated assets reloaded before import = 0
Start importing Assets/Horror_Mansion/Materials/Prosp/Suitcase.mat using Guid(3ae4bb3dd73f6e84396f783ba405a14d) Importer(815301076,1909f56bfc062723c751e8b465ee728b)  -> (artifact id: '19c208842925f63cf5ea2e8811fb1f33') in 0.083053 seconds 
Number of asset objects unloaded after import = 5
========================================================================
Received Import Request.
  Time since last request: 0.000014 seconds.
  path: Assets/Horror_Mansion/Materials/Prosp/Table_Service.mat
  artifactKey: Guid(71b8ea560a823304fbab0eea11972314) Importer(815301076,1909f56bfc062723c751e8b465ee728b)
Number of updated assets reloaded before import = 0
Start importing Assets/Horror_Mansion/Materials/Prosp/Table_Service.mat using Guid(71b8ea560a823304fbab0eea11972314) Importer(815301076,1909f56bfc062723c751e8b465ee728b)  -> (artifact id: '112a252ed9597203af085eeee0524e86') in 0.021104 seconds 
Number of asset objects unloaded after import = 5
========================================================================
Received Import Request.
  Time since last request: 7.812278 seconds.
  path: Assets/Horror_Mansion/Materials/Vegetation/Birch_Bark.mat
  artifactKey: Guid(af8881d5d953eab4b83718790551845b) Importer(815301076,1909f56bfc062723c751e8b465ee728b)
Number of updated assets reloaded before import = 0
Start importing Assets/Horror_Mansion/Materials/Vegetation/Birch_Bark.mat using Guid(af8881d5d953eab4b83718790551845b) Importer(815301076,1909f56bfc062723c751e8b465ee728b)  -> (artifact id: '57dce781de225144c0f929eb2729e261') in 0.064840 seconds 
Number of asset objects unloaded after import = 5
========================================================================
Received Import Request.
  Time since last request: 0.000013 seconds.
  path: Assets/Horror_Mansion/Materials/Vegetation/Stump.mat
  artifactKey: Guid(a30b9f763ee5d674884c7159c3e9193f) Importer(815301076,1909f56bfc062723c751e8b465ee728b)
Number of updated assets reloaded before import = 0
Start importing Assets/Horror_Mansion/Materials/Vegetation/Stump.mat using Guid(a30b9f763ee5d674884c7159c3e9193f) Importer(815301076,1909f56bfc062723c751e8b465ee728b)  -> (artifact id: 'e0172ba4e4474b452843f48202f633c7') in 0.086652 seconds 
Number of asset objects unloaded after import = 4
========================================================================
Received Import Request.
  Time since last request: 19.492351 seconds.
  path: Assets/Horror_Mansion/Materials/Vegetation/Billboard/Billboard_Birch_02.mat
  artifactKey: Guid(bf6e7978cb7abfc49ae019f5384cf379) Importer(815301076,1909f56bfc062723c751e8b465ee728b)
Number of updated assets reloaded before import = 0
Start importing Assets/Horror_Mansion/Materials/Vegetation/Billboard/Billboard_Birch_02.mat using Guid(bf6e7978cb7abfc49ae019f5384cf379) Importer(815301076,1909f56bfc062723c751e8b465ee728b)  -> (artifact id: '45bd0c7224fcbffce82956997a583ce6') in 0.140790 seconds 
Number of asset objects unloaded after import = 2
========================================================================
Received Import Request.
  Time since last request: 8.840001 seconds.
  path: Assets/Horror_Mansion/Materials/House/Floor_Tiles(Blue).mat
  artifactKey: Guid(27272a172cf3f19439d5853abd3f31a4) Importer(815301076,1909f56bfc062723c751e8b465ee728b)
Number of updated assets reloaded before import = 0
Start importing Assets/Horror_Mansion/Materials/House/Floor_Tiles(Blue).mat using Guid(27272a172cf3f19439d5853abd3f31a4) Importer(815301076,1909f56bfc062723c751e8b465ee728b)  -> (artifact id: '51471031f4f068b4aff22d8192f91494') in 0.065239 seconds 
Number of asset objects unloaded after import = 5
========================================================================
Received Import Request.
  Time since last request: 0.000013 seconds.
  path: Assets/Horror_Mansion/Materials/House/Wall_Interior_Tile.mat
  artifactKey: Guid(63e3737206712e241b2249602f955237) Importer(815301076,1909f56bfc062723c751e8b465ee728b)
Number of updated assets reloaded before import = 0
Start importing Assets/Horror_Mansion/Materials/House/Wall_Interior_Tile.mat using Guid(63e3737206712e241b2249602f955237) Importer(815301076,1909f56bfc062723c751e8b465ee728b)  -> (artifact id: 'cb3c95443fcad7b586a354f6a15cde1e') in 0.063126 seconds 
Number of asset objects unloaded after import = 5
========================================================================
Received Import Request.
  Time since last request: 0.000020 seconds.
  path: Assets/Horror_Mansion/Materials/House/Parquet.mat
  artifactKey: Guid(27bcf29cebbe3364eaf6b1bb7a933239) Importer(815301076,1909f56bfc062723c751e8b465ee728b)
Number of updated assets reloaded before import = 0
Start importing Assets/Horror_Mansion/Materials/House/Parquet.mat using Guid(27bcf29cebbe3364eaf6b1bb7a933239) Importer(815301076,1909f56bfc062723c751e8b465ee728b)  -> (artifact id: 'efc31b8bf7ac600a65fb8987ec3c1491') in 0.023534 seconds 
Number of asset objects unloaded after import = 5
========================================================================
Received Import Request.
  Time since last request: 20.051314 seconds.
  path: Assets/Horror_Mansion/Materials/Decals/Decals_02.mat
  artifactKey: Guid(eb62358e30d33ad44b5034ed6431ed47) Importer(815301076,1909f56bfc062723c751e8b465ee728b)
Number of updated assets reloaded before import = 0
Start importing Assets/Horror_Mansion/Materials/Decals/Decals_02.mat using Guid(eb62358e30d33ad44b5034ed6431ed47) Importer(815301076,1909f56bfc062723c751e8b465ee728b)  -> (artifact id: '3160de14d084466d935b4a1f4e631c90') in 0.042354 seconds 
Number of asset objects unloaded after import = 4
Editor requested this worker to shutdown with reason: Scaling down because of idle timeout
AssetImportWorker is now disconnected from the server
Process exiting
Exiting without the bug reporter. Application will terminate with return code 0